00:31:02 **** Incremental Build of configuration Debug for project petFoorDispenser ****
make -j8 all 
Building file: ../Core/Src/main.c
Invoking: MCU GCC Compiler
C:\Users\aaron\Desktop\git_dispenser\workSpace\petFoorDispenser\Debug
arm-none-eabi-gcc -mcpu=cortex-m4 -mthumb -mfloat-abi=hard -mfpu=fpv4-sp-d16 -DUSE_HAL_DRIVER -DSTM32F446xx -I"C:/Users/aaron/Desktop/git_dispenser/workSpace/petFoorDispenser/Core/Inc" -I"C:/Users/aaron/Desktop/git_dispenser/workSpace/petFoorDispenser/Drivers/STM32F4xx_HAL_Driver/Inc" -I"C:/Users/aaron/Desktop/git_dispenser/workSpace/petFoorDispenser/Drivers/STM32F4xx_HAL_Driver/Inc/Legacy" -I"C:/Users/aaron/Desktop/git_dispenser/workSpace/petFoorDispenser/Drivers/CMSIS/Device/ST/STM32F4xx/Include" -I"C:/Users/aaron/Desktop/git_dispenser/workSpace/petFoorDispenser/Drivers/CMSIS/Include"  -Og -g3 -Wall -fmessage-length=0 -ffunction-sections -c -fmessage-length=0 -MMD -MP -MF"Core/Src/main.d" -MT"Core/Src/main.o" -o "Core/Src/main.o" "../Core/Src/main.c"
../Core/Src/main.c: In function 'func_screen_cycles':
../Core/Src/main.c:49:2: warning: implicit declaration of function 'itoa' [-Wimplicit-function-declaration]
  itoa(times_to_serve,cycles,10);
  ^~~~
../Core/Src/main.c: In function 'func_screen_settings':
../Core/Src/main.c:90:68: error: expected ';' before 'break'
            case ROW_BACK: row = ROW_CYCLES;screen_settings = FALSE break;//screen_cycles();break;
                                                                    ^~~~~
../Core/Src/main.c: In function 'func_screen_main':
../Core/Src/main.c:146:6: warning: implicit declaration of function 'funct_screen_settings'; did you mean 'func_screen_settings'? [-Wimplicit-function-declaration]
      funct_screen_settings();
      ^~~~~~~~~~~~~~~~~~~~~
      func_screen_settings
../Core/Src/main.c: In function 'main':
../Core/Src/main.c:154:6: warning: unused variable 'i' [-Wunused-variable]
  int i;
      ^
make: *** [Core/Src/main.o] Error 1
Core/Src/subdir.mk:36: recipe for target 'Core/Src/main.o' failed
00:32:49 **** Incremental Build of configuration Debug for project petFoorDispenser ****
make -j8 all 
Building file: ../Core/Src/main.c
Invoking: MCU GCC Compiler
C:\Users\aaron\Desktop\git_dispenser\workSpace\petFoorDispenser\Debug
arm-none-eabi-gcc -mcpu=cortex-m4 -mthumb -mfloat-abi=hard -mfpu=fpv4-sp-d16 -DUSE_HAL_DRIVER -DSTM32F446xx -I"C:/Users/aaron/Desktop/git_dispenser/workSpace/petFoorDispenser/Core/Inc" -I"C:/Users/aaron/Desktop/git_dispenser/workSpace/petFoorDispenser/Drivers/STM32F4xx_HAL_Driver/Inc" -I"C:/Users/aaron/Desktop/git_dispenser/workSpace/petFoorDispenser/Drivers/STM32F4xx_HAL_Driver/Inc/Legacy" -I"C:/Users/aaron/Desktop/git_dispenser/workSpace/petFoorDispenser/Drivers/CMSIS/Device/ST/STM32F4xx/Include" -I"C:/Users/aaron/Desktop/git_dispenser/workSpace/petFoorDispenser/Drivers/CMSIS/Include"  -Og -g3 -Wall -fmessage-length=0 -ffunction-sections -c -fmessage-length=0 -MMD -MP -MF"Core/Src/main.d" -MT"Core/Src/main.o" -o "Core/Src/main.o" "../Core/Src/main.c"
../Core/Src/main.c: In function 'func_screen_cycles':
../Core/Src/main.c:49:2: warning: implicit declaration of function 'itoa' [-Wimplicit-function-declaration]
  itoa(times_to_serve,cycles,10);
  ^~~~
../Core/Src/main.c:66:30: warning: implicit declaration of function 'func_screen_main'; did you mean 'func_screen_cycles'? [-Wimplicit-function-declaration]
    case SOURCE_BUTTON_ENTER: func_screen_main();//row  = ROW_CYCLES; screen_cycles = FALSE;break;
                              ^~~~~~~~~~~~~~~~
                              func_screen_cycles
../Core/Src/main.c: At top level:
../Core/Src/main.c:125:6: warning: conflicting types for 'func_screen_main'
 void func_screen_main(void)
      ^~~~~~~~~~~~~~~~
../Core/Src/main.c:66:30: note: previous implicit declaration of 'func_screen_main' was here
    case SOURCE_BUTTON_ENTER: func_screen_main();//row  = ROW_CYCLES; screen_cycles = FALSE;break;
                              ^~~~~~~~~~~~~~~~
../Core/Src/main.c: In function 'main':
../Core/Src/main.c:154:6: warning: unused variable 'i' [-Wunused-variable]
  int i;
      ^
Finished building: ../Core/Src/main.c
 
Building target: petFoorDispenser.elf
Invoking: MCU GCC Linker
arm-none-eabi-gcc -mcpu=cortex-m4 -mthumb -mfloat-abi=hard -mfpu=fpv4-sp-d16 -specs=nosys.specs -specs=nano.specs -T"../STM32F446RETx_FLASH.ld" -Wl,-Map=output.map -Wl,--gc-sections -o "petFoorDispenser.elf" @"objects.list"   -lm
Finished building target: petFoorDispenser.elf
 
make --no-print-directory post-build
Generating hex and Printing size information:
arm-none-eabi-objcopy -O ihex "petFoorDispenser.elf" "petFoorDispenser.hex"
arm-none-eabi-size "petFoorDispenser.elf"
   text	   data	    bss	    dec	    hex	filename
   9360	     60	   1740	  11160	   2b98	petFoorDispenser.elf
 
00:34:45 **** Incremental Build of configuration Debug for project petFoorDispenser ****
make -j8 all 
Building file: ../Core/Src/main.c
Invoking: MCU GCC Compiler
C:\Users\aaron\Desktop\git_dispenser\workSpace\petFoorDispenser\Debug
arm-none-eabi-gcc -mcpu=cortex-m4 -mthumb -mfloat-abi=hard -mfpu=fpv4-sp-d16 -DUSE_HAL_DRIVER -DSTM32F446xx -I"C:/Users/aaron/Desktop/git_dispenser/workSpace/petFoorDispenser/Core/Inc" -I"C:/Users/aaron/Desktop/git_dispenser/workSpace/petFoorDispenser/Drivers/STM32F4xx_HAL_Driver/Inc" -I"C:/Users/aaron/Desktop/git_dispenser/workSpace/petFoorDispenser/Drivers/STM32F4xx_HAL_Driver/Inc/Legacy" -I"C:/Users/aaron/Desktop/git_dispenser/workSpace/petFoorDispenser/Drivers/CMSIS/Device/ST/STM32F4xx/Include" -I"C:/Users/aaron/Desktop/git_dispenser/workSpace/petFoorDispenser/Drivers/CMSIS/Include"  -Og -g3 -Wall -fmessage-length=0 -ffunction-sections -c -fmessage-length=0 -MMD -MP -MF"Core/Src/main.d" -MT"Core/Src/main.o" -o "Core/Src/main.o" "../Core/Src/main.c"
../Core/Src/main.c: In function 'func_screen_cycles':
../Core/Src/main.c:49:2: warning: implicit declaration of function 'itoa' [-Wimplicit-function-declaration]
  itoa(times_to_serve,cycles,10);
  ^~~~
../Core/Src/main.c:66:30: warning: implicit declaration of function 'func_screen_main'; did you mean 'func_screen_cycles'? [-Wimplicit-function-declaration]
    case SOURCE_BUTTON_ENTER: func_screen_main();//row  = ROW_CYCLES; screen_cycles = FALSE;break;
                              ^~~~~~~~~~~~~~~~
                              func_screen_cycles
../Core/Src/main.c: At top level:
../Core/Src/main.c:125:6: warning: conflicting types for 'func_screen_main'
 void func_screen_main(void)
      ^~~~~~~~~~~~~~~~
../Core/Src/main.c:66:30: note: previous implicit declaration of 'func_screen_main' was here
    case SOURCE_BUTTON_ENTER: func_screen_main();//row  = ROW_CYCLES; screen_cycles = FALSE;break;
                              ^~~~~~~~~~~~~~~~
../Core/Src/main.c: In function 'main':
../Core/Src/main.c:154:6: warning: unused variable 'i' [-Wunused-variable]
  int i;
      ^
Finished building: ../Core/Src/main.c
 
Building target: petFoorDispenser.elf
Invoking: MCU GCC Linker
arm-none-eabi-gcc -mcpu=cortex-m4 -mthumb -mfloat-abi=hard -mfpu=fpv4-sp-d16 -specs=nosys.specs -specs=nano.specs -T"../STM32F446RETx_FLASH.ld" -Wl,-Map=output.map -Wl,--gc-sections -o "petFoorDispenser.elf" @"objects.list"   -lm
Finished building target: petFoorDispenser.elf
 
make --no-print-directory post-build
Generating hex and Printing size information:
arm-none-eabi-objcopy -O ihex "petFoorDispenser.elf" "petFoorDispenser.hex"
arm-none-eabi-size "petFoorDispenser.elf"
   text	   data	    bss	    dec	    hex	filename
   9360	     60	   1740	  11160	   2b98	petFoorDispenser.elf
 
00:36:19 **** Incremental Build of configuration Debug for project petFoorDispenser ****
make -j8 all 
Building file: ../Core/Src/main.c
Invoking: MCU GCC Compiler
C:\Users\aaron\Desktop\git_dispenser\workSpace\petFoorDispenser\Debug
arm-none-eabi-gcc -mcpu=cortex-m4 -mthumb -mfloat-abi=hard -mfpu=fpv4-sp-d16 -DUSE_HAL_DRIVER -DSTM32F446xx -I"C:/Users/aaron/Desktop/git_dispenser/workSpace/petFoorDispenser/Core/Inc" -I"C:/Users/aaron/Desktop/git_dispenser/workSpace/petFoorDispenser/Drivers/STM32F4xx_HAL_Driver/Inc" -I"C:/Users/aaron/Desktop/git_dispenser/workSpace/petFoorDispenser/Drivers/STM32F4xx_HAL_Driver/Inc/Legacy" -I"C:/Users/aaron/Desktop/git_dispenser/workSpace/petFoorDispenser/Drivers/CMSIS/Device/ST/STM32F4xx/Include" -I"C:/Users/aaron/Desktop/git_dispenser/workSpace/petFoorDispenser/Drivers/CMSIS/Include"  -Og -g3 -Wall -fmessage-length=0 -ffunction-sections -c -fmessage-length=0 -MMD -MP -MF"Core/Src/main.d" -MT"Core/Src/main.o" -o "Core/Src/main.o" "../Core/Src/main.c"
../Core/Src/main.c: In function 'func_screen_cycles':
../Core/Src/main.c:49:2: warning: implicit declaration of function 'itoa' [-Wimplicit-function-declaration]
  itoa(times_to_serve,cycles,10);
  ^~~~
../Core/Src/main.c:66:30: warning: implicit declaration of function 'func_screen_main'; did you mean 'func_screen_cycles'? [-Wimplicit-function-declaration]
    case SOURCE_BUTTON_ENTER: func_screen_main();//row  = ROW_CYCLES; screen_cycles = FALSE;break;
                              ^~~~~~~~~~~~~~~~
                              func_screen_cycles
../Core/Src/main.c: At top level:
../Core/Src/main.c:125:6: warning: conflicting types for 'func_screen_main'
 void func_screen_main(void)
      ^~~~~~~~~~~~~~~~
../Core/Src/main.c:66:30: note: previous implicit declaration of 'func_screen_main' was here
    case SOURCE_BUTTON_ENTER: func_screen_main();//row  = ROW_CYCLES; screen_cycles = FALSE;break;
                              ^~~~~~~~~~~~~~~~
../Core/Src/main.c: In function 'main':
../Core/Src/main.c:155:6: warning: unused variable 'i' [-Wunused-variable]
  int i;
      ^
Finished building: ../Core/Src/main.c
 
Building target: petFoorDispenser.elf
Invoking: MCU GCC Linker
arm-none-eabi-gcc -mcpu=cortex-m4 -mthumb -mfloat-abi=hard -mfpu=fpv4-sp-d16 -specs=nosys.specs -specs=nano.specs -T"../STM32F446RETx_FLASH.ld" -Wl,-Map=output.map -Wl,--gc-sections -o "petFoorDispenser.elf" @"objects.list"   -lm
Finished building target: petFoorDispenser.elf
 
make --no-print-directory post-build
Generating hex and Printing size information:
arm-none-eabi-objcopy -O ihex "petFoorDispenser.elf" "petFoorDispenser.hex"
arm-none-eabi-size "petFoorDispenser.elf"
   text	   data	    bss	    dec	    hex	filename
   9364	     60	   1740	  11164	   2b9c	petFoorDispenser.elf
 
00:38:00 **** Incremental Build of configuration Debug for project petFoorDispenser ****
make -j8 all 
Building file: ../Core/Src/main.c
Invoking: MCU GCC Compiler
C:\Users\aaron\Desktop\git_dispenser\workSpace\petFoorDispenser\Debug
arm-none-eabi-gcc -mcpu=cortex-m4 -mthumb -mfloat-abi=hard -mfpu=fpv4-sp-d16 -DUSE_HAL_DRIVER -DSTM32F446xx -I"C:/Users/aaron/Desktop/git_dispenser/workSpace/petFoorDispenser/Core/Inc" -I"C:/Users/aaron/Desktop/git_dispenser/workSpace/petFoorDispenser/Drivers/STM32F4xx_HAL_Driver/Inc" -I"C:/Users/aaron/Desktop/git_dispenser/workSpace/petFoorDispenser/Drivers/STM32F4xx_HAL_Driver/Inc/Legacy" -I"C:/Users/aaron/Desktop/git_dispenser/workSpace/petFoorDispenser/Drivers/CMSIS/Device/ST/STM32F4xx/Include" -I"C:/Users/aaron/Desktop/git_dispenser/workSpace/petFoorDispenser/Drivers/CMSIS/Include"  -Og -g3 -Wall -fmessage-length=0 -ffunction-sections -c -fmessage-length=0 -MMD -MP -MF"Core/Src/main.d" -MT"Core/Src/main.o" -o "Core/Src/main.o" "../Core/Src/main.c"
../Core/Src/main.c: In function 'func_screen_cycles':
../Core/Src/main.c:49:2: warning: implicit declaration of function 'itoa' [-Wimplicit-function-declaration]
  itoa(times_to_serve,cycles,10);
  ^~~~
../Core/Src/main.c:66:30: warning: implicit declaration of function 'func_screen_main'; did you mean 'func_screen_cycles'? [-Wimplicit-function-declaration]
    case SOURCE_BUTTON_ENTER: func_screen_main();//row  = ROW_CYCLES; screen_cycles = FALSE;break;
                              ^~~~~~~~~~~~~~~~
                              func_screen_cycles
../Core/Src/main.c: At top level:
../Core/Src/main.c:125:6: warning: conflicting types for 'func_screen_main'
 void func_screen_main(void)
      ^~~~~~~~~~~~~~~~
../Core/Src/main.c:66:30: note: previous implicit declaration of 'func_screen_main' was here
    case SOURCE_BUTTON_ENTER: func_screen_main();//row  = ROW_CYCLES; screen_cycles = FALSE;break;
                              ^~~~~~~~~~~~~~~~
../Core/Src/main.c: In function 'main':
../Core/Src/main.c:156:6: warning: unused variable 'i' [-Wunused-variable]
  int i;
      ^
Finished building: ../Core/Src/main.c
 
Building target: petFoorDispenser.elf
Invoking: MCU GCC Linker
arm-none-eabi-gcc -mcpu=cortex-m4 -mthumb -mfloat-abi=hard -mfpu=fpv4-sp-d16 -specs=nosys.specs -specs=nano.specs -T"../STM32F446RETx_FLASH.ld" -Wl,-Map=output.map -Wl,--gc-sections -o "petFoorDispenser.elf" @"objects.list"   -lm
Finished building target: petFoorDispenser.elf
 
make --no-print-directory post-build
Generating hex and Printing size information:
arm-none-eabi-objcopy -O ihex "petFoorDispenser.elf" "petFoorDispenser.hex"
arm-none-eabi-size "petFoorDispenser.elf"
   text	   data	    bss	    dec	    hex	filename
   9372	     60	   1740	  11172	   2ba4	petFoorDispenser.elf
 
00:41:39 **** Incremental Build of configuration Debug for project petFoorDispenser ****
make -j8 all 
Building file: ../Core/Src/main.c
Invoking: MCU GCC Compiler
C:\Users\aaron\Desktop\git_dispenser\workSpace\petFoorDispenser\Debug
arm-none-eabi-gcc -mcpu=cortex-m4 -mthumb -mfloat-abi=hard -mfpu=fpv4-sp-d16 -DUSE_HAL_DRIVER -DSTM32F446xx -I"C:/Users/aaron/Desktop/git_dispenser/workSpace/petFoorDispenser/Core/Inc" -I"C:/Users/aaron/Desktop/git_dispenser/workSpace/petFoorDispenser/Drivers/STM32F4xx_HAL_Driver/Inc" -I"C:/Users/aaron/Desktop/git_dispenser/workSpace/petFoorDispenser/Drivers/STM32F4xx_HAL_Driver/Inc/Legacy" -I"C:/Users/aaron/Desktop/git_dispenser/workSpace/petFoorDispenser/Drivers/CMSIS/Device/ST/STM32F4xx/Include" -I"C:/Users/aaron/Desktop/git_dispenser/workSpace/petFoorDispenser/Drivers/CMSIS/Include"  -Og -g3 -Wall -fmessage-length=0 -ffunction-sections -c -fmessage-length=0 -MMD -MP -MF"Core/Src/main.d" -MT"Core/Src/main.o" -o "Core/Src/main.o" "../Core/Src/main.c"
../Core/Src/main.c: In function 'func_screen_cycles':
../Core/Src/main.c:49:2: warning: implicit declaration of function 'itoa' [-Wimplicit-function-declaration]
  itoa(times_to_serve,cycles,10);
  ^~~~
../Core/Src/main.c:66:30: warning: implicit declaration of function 'func_screen_main'; did you mean 'func_screen_cycles'? [-Wimplicit-function-declaration]
    case SOURCE_BUTTON_ENTER: func_screen_main();//row  = ROW_CYCLES; screen_cycles = FALSE;break;
                              ^~~~~~~~~~~~~~~~
                              func_screen_cycles
../Core/Src/main.c: At top level:
../Core/Src/main.c:125:6: warning: conflicting types for 'func_screen_main'
 void func_screen_main(void)
      ^~~~~~~~~~~~~~~~
../Core/Src/main.c:66:30: note: previous implicit declaration of 'func_screen_main' was here
    case SOURCE_BUTTON_ENTER: func_screen_main();//row  = ROW_CYCLES; screen_cycles = FALSE;break;
                              ^~~~~~~~~~~~~~~~
../Core/Src/main.c: In function 'main':
../Core/Src/main.c:156:6: warning: unused variable 'i' [-Wunused-variable]
  int i;
      ^
Finished building: ../Core/Src/main.c
 
Building target: petFoorDispenser.elf
Invoking: MCU GCC Linker
arm-none-eabi-gcc -mcpu=cortex-m4 -mthumb -mfloat-abi=hard -mfpu=fpv4-sp-d16 -specs=nosys.specs -specs=nano.specs -T"../STM32F446RETx_FLASH.ld" -Wl,-Map=output.map -Wl,--gc-sections -o "petFoorDispenser.elf" @"objects.list"   -lm
Finished building target: petFoorDispenser.elf
 
make --no-print-directory post-build
Generating hex and Printing size information:
arm-none-eabi-objcopy -O ihex "petFoorDispenser.elf" "petFoorDispenser.hex"
arm-none-eabi-size "petFoorDispenser.elf"
   text	   data	    bss	    dec	    hex	filename
   9388	     60	   1740	  11188	   2bb4	petFoorDispenser.elf
 
00:43:46 **** Incremental Build of configuration Debug for project petFoorDispenser ****
make -j8 all 
Building file: ../Core/Src/it.c
Invoking: MCU GCC Compiler
C:\Users\aaron\Desktop\git_dispenser\workSpace\petFoorDispenser\Debug
arm-none-eabi-gcc -mcpu=cortex-m4 -mthumb -mfloat-abi=hard -mfpu=fpv4-sp-d16 -DUSE_HAL_DRIVER -DSTM32F446xx -I"C:/Users/aaron/Desktop/git_dispenser/workSpace/petFoorDispenser/Core/Inc" -I"C:/Users/aaron/Desktop/git_dispenser/workSpace/petFoorDispenser/Drivers/STM32F4xx_HAL_Driver/Inc" -I"C:/Users/aaron/Desktop/git_dispenser/workSpace/petFoorDispenser/Drivers/STM32F4xx_HAL_Driver/Inc/Legacy" -I"C:/Users/aaron/Desktop/git_dispenser/workSpace/petFoorDispenser/Drivers/CMSIS/Device/ST/STM32F4xx/Include" -I"C:/Users/aaron/Desktop/git_dispenser/workSpace/petFoorDispenser/Drivers/CMSIS/Include"  -Og -g3 -Wall -fmessage-length=0 -ffunction-sections -c -fmessage-length=0 -MMD -MP -MF"Core/Src/it.d" -MT"Core/Src/it.o" -o "Core/Src/it.o" "../Core/Src/it.c"
../Core/Src/it.c: In function 'EXTI1_IRQHandler':
../Core/Src/it.c:26:2: error: 'button_dispense' undeclared (first use in this function); did you mean 'button_enter'?
  button_dispense = TRUE;
  ^~~~~~~~~~~~~~~
  button_enter
../Core/Src/it.c:26:2: note: each undeclared identifier is reported only once for each function it appears in
make: *** [Core/Src/it.o] Error 1
Core/Src/subdir.mk:36: recipe for target 'Core/Src/it.o' failed
00:44:05 **** Incremental Build of configuration Debug for project petFoorDispenser ****
make -j8 all 
Building file: ../Core/Src/it.c
Invoking: MCU GCC Compiler
C:\Users\aaron\Desktop\git_dispenser\workSpace\petFoorDispenser\Debug
arm-none-eabi-gcc -mcpu=cortex-m4 -mthumb -mfloat-abi=hard -mfpu=fpv4-sp-d16 -DUSE_HAL_DRIVER -DSTM32F446xx -I"C:/Users/aaron/Desktop/git_dispenser/workSpace/petFoorDispenser/Core/Inc" -I"C:/Users/aaron/Desktop/git_dispenser/workSpace/petFoorDispenser/Drivers/STM32F4xx_HAL_Driver/Inc" -I"C:/Users/aaron/Desktop/git_dispenser/workSpace/petFoorDispenser/Drivers/STM32F4xx_HAL_Driver/Inc/Legacy" -I"C:/Users/aaron/Desktop/git_dispenser/workSpace/petFoorDispenser/Drivers/CMSIS/Device/ST/STM32F4xx/Include" -I"C:/Users/aaron/Desktop/git_dispenser/workSpace/petFoorDispenser/Drivers/CMSIS/Include"  -Og -g3 -Wall -fmessage-length=0 -ffunction-sections -c -fmessage-length=0 -MMD -MP -MF"Core/Src/it.d" -MT"Core/Src/it.o" -o "Core/Src/it.o" "../Core/Src/it.c"
Finished building: ../Core/Src/it.c
 
Building target: petFoorDispenser.elf
Invoking: MCU GCC Linker
arm-none-eabi-gcc -mcpu=cortex-m4 -mthumb -mfloat-abi=hard -mfpu=fpv4-sp-d16 -specs=nosys.specs -specs=nano.specs -T"../STM32F446RETx_FLASH.ld" -Wl,-Map=output.map -Wl,--gc-sections -o "petFoorDispenser.elf" @"objects.list"   -lm
Finished building target: petFoorDispenser.elf
 
make --no-print-directory post-build
Generating hex and Printing size information:
arm-none-eabi-objcopy -O ihex "petFoorDispenser.elf" "petFoorDispenser.hex"
arm-none-eabi-size "petFoorDispenser.elf"
   text	   data	    bss	    dec	    hex	filename
   9388	     60	   1740	  11188	   2bb4	petFoorDispenser.elf
 
00:44:32 **** Incremental Build of configuration Debug for project petFoorDispenser ****
make -j8 all 
make: Nothing to be done for 'all'.
00:44:42 **** Incremental Build of configuration Debug for project petFoorDispenser ****
make -j8 all 
make: Nothing to be done for 'all'.
10:16:26 **** Incremental Build of configuration Debug for project petFoorDispenser ****
make -j8 all 
Building file: ../Core/Src/main.c
Invoking: MCU GCC Compiler
C:\Users\aaron\Desktop\git_dispenser\workSpace\petFoorDispenser\Debug
arm-none-eabi-gcc -mcpu=cortex-m4 -mthumb -mfloat-abi=hard -mfpu=fpv4-sp-d16 -DUSE_HAL_DRIVER -DSTM32F446xx -I"C:/Users/aaron/Desktop/git_dispenser/workSpace/petFoorDispenser/Core/Inc" -I"C:/Users/aaron/Desktop/git_dispenser/workSpace/petFoorDispenser/Drivers/STM32F4xx_HAL_Driver/Inc" -I"C:/Users/aaron/Desktop/git_dispenser/workSpace/petFoorDispenser/Drivers/STM32F4xx_HAL_Driver/Inc/Legacy" -I"C:/Users/aaron/Desktop/git_dispenser/workSpace/petFoorDispenser/Drivers/CMSIS/Device/ST/STM32F4xx/Include" -I"C:/Users/aaron/Desktop/git_dispenser/workSpace/petFoorDispenser/Drivers/CMSIS/Include"  -Og -g3 -Wall -fmessage-length=0 -ffunction-sections -c -fmessage-length=0 -MMD -MP -MF"Core/Src/main.d" -MT"Core/Src/main.o" -o "Core/Src/main.o" "../Core/Src/main.c"
../Core/Src/main.c: In function 'func_screen_cycles':
../Core/Src/main.c:48:2: warning: implicit declaration of function 'itoa' [-Wimplicit-function-declaration]
  itoa(times_to_serve,cycles,10);
  ^~~~
../Core/Src/main.c:65:30: warning: implicit declaration of function 'func_screen_main'; did you mean 'func_screen_cycles'? [-Wimplicit-function-declaration]
    case SOURCE_BUTTON_ENTER: func_screen_main();break;//row  = ROW_CYCLES; screen_cycles = FALSE;break;
                              ^~~~~~~~~~~~~~~~
                              func_screen_cycles
../Core/Src/main.c: At top level:
../Core/Src/main.c:129:6: warning: conflicting types for 'func_screen_main'
 void func_screen_main(void)
      ^~~~~~~~~~~~~~~~
../Core/Src/main.c:65:30: note: previous implicit declaration of 'func_screen_main' was here
    case SOURCE_BUTTON_ENTER: func_screen_main();break;//row  = ROW_CYCLES; screen_cycles = FALSE;break;
                              ^~~~~~~~~~~~~~~~
../Core/Src/main.c: In function 'main':
../Core/Src/main.c:159:6: warning: unused variable 'i' [-Wunused-variable]
  int i;
      ^
Finished building: ../Core/Src/main.c
 
Building target: petFoorDispenser.elf
Invoking: MCU GCC Linker
arm-none-eabi-gcc -mcpu=cortex-m4 -mthumb -mfloat-abi=hard -mfpu=fpv4-sp-d16 -specs=nosys.specs -specs=nano.specs -T"../STM32F446RETx_FLASH.ld" -Wl,-Map=output.map -Wl,--gc-sections -o "petFoorDispenser.elf" @"objects.list"   -lm
Finished building target: petFoorDispenser.elf
 
make --no-print-directory post-build
Generating hex and Printing size information:
arm-none-eabi-objcopy -O ihex "petFoorDispenser.elf" "petFoorDispenser.hex"
arm-none-eabi-size "petFoorDispenser.elf"
   text	   data	    bss	    dec	    hex	filename
   9332	     60	   1740	  11132	   2b7c	petFoorDispenser.elf
 
10:18:35 **** Incremental Build of configuration Debug for project petFoorDispenser ****
make -j8 all 
Building file: ../Core/Src/main.c
Invoking: MCU GCC Compiler
C:\Users\aaron\Desktop\git_dispenser\workSpace\petFoorDispenser\Debug
arm-none-eabi-gcc -mcpu=cortex-m4 -mthumb -mfloat-abi=hard -mfpu=fpv4-sp-d16 -DUSE_HAL_DRIVER -DSTM32F446xx -I"C:/Users/aaron/Desktop/git_dispenser/workSpace/petFoorDispenser/Core/Inc" -I"C:/Users/aaron/Desktop/git_dispenser/workSpace/petFoorDispenser/Drivers/STM32F4xx_HAL_Driver/Inc" -I"C:/Users/aaron/Desktop/git_dispenser/workSpace/petFoorDispenser/Drivers/STM32F4xx_HAL_Driver/Inc/Legacy" -I"C:/Users/aaron/Desktop/git_dispenser/workSpace/petFoorDispenser/Drivers/CMSIS/Device/ST/STM32F4xx/Include" -I"C:/Users/aaron/Desktop/git_dispenser/workSpace/petFoorDispenser/Drivers/CMSIS/Include"  -Og -g3 -Wall -fmessage-length=0 -ffunction-sections -c -fmessage-length=0 -MMD -MP -MF"Core/Src/main.d" -MT"Core/Src/main.o" -o "Core/Src/main.o" "../Core/Src/main.c"
../Core/Src/main.c: In function 'func_screen_cycles':
../Core/Src/main.c:47:2: warning: implicit declaration of function 'itoa' [-Wimplicit-function-declaration]
  itoa(times_to_serve,cycles,10);
  ^~~~
../Core/Src/main.c:64:30: warning: implicit declaration of function 'func_screen_main'; did you mean 'func_screen_cycles'? [-Wimplicit-function-declaration]
    case SOURCE_BUTTON_ENTER: func_screen_main();break;//row  = ROW_CYCLES; screen_cycles = FALSE;break;
                              ^~~~~~~~~~~~~~~~
                              func_screen_cycles
../Core/Src/main.c: At top level:
../Core/Src/main.c:129:6: warning: conflicting types for 'func_screen_main'
 void func_screen_main(void)
      ^~~~~~~~~~~~~~~~
../Core/Src/main.c:64:30: note: previous implicit declaration of 'func_screen_main' was here
    case SOURCE_BUTTON_ENTER: func_screen_main();break;//row  = ROW_CYCLES; screen_cycles = FALSE;break;
                              ^~~~~~~~~~~~~~~~
../Core/Src/main.c: In function 'main':
../Core/Src/main.c:159:6: warning: unused variable 'i' [-Wunused-variable]
  int i;
      ^
Finished building: ../Core/Src/main.c
 
Building target: petFoorDispenser.elf
Invoking: MCU GCC Linker
arm-none-eabi-gcc -mcpu=cortex-m4 -mthumb -mfloat-abi=hard -mfpu=fpv4-sp-d16 -specs=nosys.specs -specs=nano.specs -T"../STM32F446RETx_FLASH.ld" -Wl,-Map=output.map -Wl,--gc-sections -o "petFoorDispenser.elf" @"objects.list"   -lm
Finished building target: petFoorDispenser.elf
 
make --no-print-directory post-build
Generating hex and Printing size information:
arm-none-eabi-objcopy -O ihex "petFoorDispenser.elf" "petFoorDispenser.hex"
arm-none-eabi-size "petFoorDispenser.elf"
   text	   data	    bss	    dec	    hex	filename
   9332	     60	   1740	  11132	   2b7c	petFoorDispenser.elf
 
10:19:10 **** Incremental Build of configuration Debug for project petFoorDispenser ****
make -j8 all 
Building file: ../Core/Src/main.c
Invoking: MCU GCC Compiler
C:\Users\aaron\Desktop\git_dispenser\workSpace\petFoorDispenser\Debug
arm-none-eabi-gcc -mcpu=cortex-m4 -mthumb -mfloat-abi=hard -mfpu=fpv4-sp-d16 -DUSE_HAL_DRIVER -DSTM32F446xx -I"C:/Users/aaron/Desktop/git_dispenser/workSpace/petFoorDispenser/Core/Inc" -I"C:/Users/aaron/Desktop/git_dispenser/workSpace/petFoorDispenser/Drivers/STM32F4xx_HAL_Driver/Inc" -I"C:/Users/aaron/Desktop/git_dispenser/workSpace/petFoorDispenser/Drivers/STM32F4xx_HAL_Driver/Inc/Legacy" -I"C:/Users/aaron/Desktop/git_dispenser/workSpace/petFoorDispenser/Drivers/CMSIS/Device/ST/STM32F4xx/Include" -I"C:/Users/aaron/Desktop/git_dispenser/workSpace/petFoorDispenser/Drivers/CMSIS/Include"  -Og -g3 -Wall -fmessage-length=0 -ffunction-sections -c -fmessage-length=0 -MMD -MP -MF"Core/Src/main.d" -MT"Core/Src/main.o" -o "Core/Src/main.o" "../Core/Src/main.c"
../Core/Src/main.c: In function 'func_screen_cycles':
../Core/Src/main.c:47:2: warning: implicit declaration of function 'itoa' [-Wimplicit-function-declaration]
  itoa(times_to_serve,cycles,10);
  ^~~~
../Core/Src/main.c:64:30: warning: implicit declaration of function 'func_screen_main'; did you mean 'func_screen_cycles'? [-Wimplicit-function-declaration]
    case SOURCE_BUTTON_ENTER: func_screen_main();break;//row  = ROW_CYCLES; screen_cycles = FALSE;break;
                              ^~~~~~~~~~~~~~~~
                              func_screen_cycles
../Core/Src/main.c: At top level:
../Core/Src/main.c:129:6: warning: conflicting types for 'func_screen_main'
 void func_screen_main(void)
      ^~~~~~~~~~~~~~~~
../Core/Src/main.c:64:30: note: previous implicit declaration of 'func_screen_main' was here
    case SOURCE_BUTTON_ENTER: func_screen_main();break;//row  = ROW_CYCLES; screen_cycles = FALSE;break;
                              ^~~~~~~~~~~~~~~~
../Core/Src/main.c: In function 'main':
../Core/Src/main.c:159:6: warning: unused variable 'i' [-Wunused-variable]
  int i;
      ^
Finished building: ../Core/Src/main.c
 
Building target: petFoorDispenser.elf
Invoking: MCU GCC Linker
arm-none-eabi-gcc -mcpu=cortex-m4 -mthumb -mfloat-abi=hard -mfpu=fpv4-sp-d16 -specs=nosys.specs -specs=nano.specs -T"../STM32F446RETx_FLASH.ld" -Wl,-Map=output.map -Wl,--gc-sections -o "petFoorDispenser.elf" @"objects.list"   -lm
Finished building target: petFoorDispenser.elf
 
make --no-print-directory post-build
Generating hex and Printing size information:
arm-none-eabi-objcopy -O ihex "petFoorDispenser.elf" "petFoorDispenser.hex"
arm-none-eabi-size "petFoorDispenser.elf"
   text	   data	    bss	    dec	    hex	filename
   9332	     60	   1740	  11132	   2b7c	petFoorDispenser.elf
 
10:22:11 **** Incremental Build of configuration Debug for project petFoorDispenser ****
make -j8 all 
Building file: ../Core/Src/main.c
Invoking: MCU GCC Compiler
C:\Users\aaron\Desktop\git_dispenser\workSpace\petFoorDispenser\Debug
arm-none-eabi-gcc -mcpu=cortex-m4 -mthumb -mfloat-abi=hard -mfpu=fpv4-sp-d16 -DUSE_HAL_DRIVER -DSTM32F446xx -I"C:/Users/aaron/Desktop/git_dispenser/workSpace/petFoorDispenser/Core/Inc" -I"C:/Users/aaron/Desktop/git_dispenser/workSpace/petFoorDispenser/Drivers/STM32F4xx_HAL_Driver/Inc" -I"C:/Users/aaron/Desktop/git_dispenser/workSpace/petFoorDispenser/Drivers/STM32F4xx_HAL_Driver/Inc/Legacy" -I"C:/Users/aaron/Desktop/git_dispenser/workSpace/petFoorDispenser/Drivers/CMSIS/Device/ST/STM32F4xx/Include" -I"C:/Users/aaron/Desktop/git_dispenser/workSpace/petFoorDispenser/Drivers/CMSIS/Include"  -Og -g3 -Wall -fmessage-length=0 -ffunction-sections -c -fmessage-length=0 -MMD -MP -MF"Core/Src/main.d" -MT"Core/Src/main.o" -o "Core/Src/main.o" "../Core/Src/main.c"
../Core/Src/main.c: In function 'func_screen_cycles':
../Core/Src/main.c:48:2: warning: implicit declaration of function 'itoa' [-Wimplicit-function-declaration]
  itoa(times_to_serve,cycles,10);
  ^~~~
../Core/Src/main.c:65:30: warning: implicit declaration of function 'func_screen_main'; did you mean 'func_screen_cycles'? [-Wimplicit-function-declaration]
    case SOURCE_BUTTON_ENTER: func_screen_main();break;//row  = ROW_CYCLES; screen_cycles = FALSE;break;
                              ^~~~~~~~~~~~~~~~
                              func_screen_cycles
../Core/Src/main.c: At top level:
../Core/Src/main.c:130:6: warning: conflicting types for 'func_screen_main'
 void func_screen_main(void)
      ^~~~~~~~~~~~~~~~
../Core/Src/main.c:65:30: note: previous implicit declaration of 'func_screen_main' was here
    case SOURCE_BUTTON_ENTER: func_screen_main();break;//row  = ROW_CYCLES; screen_cycles = FALSE;break;
                              ^~~~~~~~~~~~~~~~
../Core/Src/main.c: In function 'main':
../Core/Src/main.c:160:6: warning: unused variable 'i' [-Wunused-variable]
  int i;
      ^
Finished building: ../Core/Src/main.c
 
Building target: petFoorDispenser.elf
Invoking: MCU GCC Linker
arm-none-eabi-gcc -mcpu=cortex-m4 -mthumb -mfloat-abi=hard -mfpu=fpv4-sp-d16 -specs=nosys.specs -specs=nano.specs -T"../STM32F446RETx_FLASH.ld" -Wl,-Map=output.map -Wl,--gc-sections -o "petFoorDispenser.elf" @"objects.list"   -lm
Finished building target: petFoorDispenser.elf
 
make --no-print-directory post-build
Generating hex and Printing size information:
arm-none-eabi-objcopy -O ihex "petFoorDispenser.elf" "petFoorDispenser.hex"
arm-none-eabi-size "petFoorDispenser.elf"
   text	   data	    bss	    dec	    hex	filename
   9356	     60	   1740	  11156	   2b94	petFoorDispenser.elf
 
10:22:22 **** Incremental Build of configuration Debug for project petFoorDispenser ****
make -j8 all 
Building file: ../Core/Src/main.c
Invoking: MCU GCC Compiler
C:\Users\aaron\Desktop\git_dispenser\workSpace\petFoorDispenser\Debug
arm-none-eabi-gcc -mcpu=cortex-m4 -mthumb -mfloat-abi=hard -mfpu=fpv4-sp-d16 -DUSE_HAL_DRIVER -DSTM32F446xx -I"C:/Users/aaron/Desktop/git_dispenser/workSpace/petFoorDispenser/Core/Inc" -I"C:/Users/aaron/Desktop/git_dispenser/workSpace/petFoorDispenser/Drivers/STM32F4xx_HAL_Driver/Inc" -I"C:/Users/aaron/Desktop/git_dispenser/workSpace/petFoorDispenser/Drivers/STM32F4xx_HAL_Driver/Inc/Legacy" -I"C:/Users/aaron/Desktop/git_dispenser/workSpace/petFoorDispenser/Drivers/CMSIS/Device/ST/STM32F4xx/Include" -I"C:/Users/aaron/Desktop/git_dispenser/workSpace/petFoorDispenser/Drivers/CMSIS/Include"  -Og -g3 -Wall -fmessage-length=0 -ffunction-sections -c -fmessage-length=0 -MMD -MP -MF"Core/Src/main.d" -MT"Core/Src/main.o" -o "Core/Src/main.o" "../Core/Src/main.c"
../Core/Src/main.c: In function 'func_screen_cycles':
../Core/Src/main.c:48:2: warning: implicit declaration of function 'itoa' [-Wimplicit-function-declaration]
  itoa(times_to_serve,cycles,10);
  ^~~~
../Core/Src/main.c:65:30: warning: implicit declaration of function 'func_screen_main'; did you mean 'func_screen_cycles'? [-Wimplicit-function-declaration]
    case SOURCE_BUTTON_ENTER: func_screen_main();break;//row  = ROW_CYCLES; screen_cycles = FALSE;break;
                              ^~~~~~~~~~~~~~~~
                              func_screen_cycles
../Core/Src/main.c: At top level:
../Core/Src/main.c:130:6: warning: conflicting types for 'func_screen_main'
 void func_screen_main(void)
      ^~~~~~~~~~~~~~~~
../Core/Src/main.c:65:30: note: previous implicit declaration of 'func_screen_main' was here
    case SOURCE_BUTTON_ENTER: func_screen_main();break;//row  = ROW_CYCLES; screen_cycles = FALSE;break;
                              ^~~~~~~~~~~~~~~~
../Core/Src/main.c: In function 'main':
../Core/Src/main.c:160:6: warning: unused variable 'i' [-Wunused-variable]
  int i;
      ^
Finished building: ../Core/Src/main.c
 
Building target: petFoorDispenser.elf
Invoking: MCU GCC Linker
arm-none-eabi-gcc -mcpu=cortex-m4 -mthumb -mfloat-abi=hard -mfpu=fpv4-sp-d16 -specs=nosys.specs -specs=nano.specs -T"../STM32F446RETx_FLASH.ld" -Wl,-Map=output.map -Wl,--gc-sections -o "petFoorDispenser.elf" @"objects.list"   -lm
Finished building target: petFoorDispenser.elf
 
make --no-print-directory post-build
Generating hex and Printing size information:
arm-none-eabi-objcopy -O ihex "petFoorDispenser.elf" "petFoorDispenser.hex"
arm-none-eabi-size "petFoorDispenser.elf"
   text	   data	    bss	    dec	    hex	filename
   9356	     60	   1740	  11156	   2b94	petFoorDispenser.elf
 
10:33:43 **** Incremental Build of configuration Debug for project petFoorDispenser ****
make -j8 all 
Building file: ../Core/Src/main.c
Invoking: MCU GCC Compiler
C:\Users\aaron\Desktop\git_dispenser\workSpace\petFoorDispenser\Debug
arm-none-eabi-gcc -mcpu=cortex-m4 -mthumb -mfloat-abi=hard -mfpu=fpv4-sp-d16 -DUSE_HAL_DRIVER -DSTM32F446xx -I"C:/Users/aaron/Desktop/git_dispenser/workSpace/petFoorDispenser/Core/Inc" -I"C:/Users/aaron/Desktop/git_dispenser/workSpace/petFoorDispenser/Drivers/STM32F4xx_HAL_Driver/Inc" -I"C:/Users/aaron/Desktop/git_dispenser/workSpace/petFoorDispenser/Drivers/STM32F4xx_HAL_Driver/Inc/Legacy" -I"C:/Users/aaron/Desktop/git_dispenser/workSpace/petFoorDispenser/Drivers/CMSIS/Device/ST/STM32F4xx/Include" -I"C:/Users/aaron/Desktop/git_dispenser/workSpace/petFoorDispenser/Drivers/CMSIS/Include"  -Og -g3 -Wall -fmessage-length=0 -ffunction-sections -c -fmessage-length=0 -MMD -MP -MF"Core/Src/main.d" -MT"Core/Src/main.o" -o "Core/Src/main.o" "../Core/Src/main.c"
../Core/Src/main.c: In function 'func_screen_cycles':
../Core/Src/main.c:52:2: warning: implicit declaration of function 'itoa' [-Wimplicit-function-declaration]
  itoa(times_to_serve,cycles,10);
  ^~~~
../Core/Src/main.c:70:12: warning: implicit declaration of function 'func_screen_main'; did you mean 'func_screen_cycles'? [-Wimplicit-function-declaration]
            func_screen_main();
            ^~~~~~~~~~~~~~~~
            func_screen_cycles
../Core/Src/main.c: At top level:
../Core/Src/main.c:136:6: warning: conflicting types for 'func_screen_main'
 void func_screen_main(void)
      ^~~~~~~~~~~~~~~~
../Core/Src/main.c:70:12: note: previous implicit declaration of 'func_screen_main' was here
            func_screen_main();
            ^~~~~~~~~~~~~~~~
../Core/Src/main.c: In function 'main':
../Core/Src/main.c:166:6: warning: unused variable 'i' [-Wunused-variable]
  int i;
      ^
Finished building: ../Core/Src/main.c
 
Building target: petFoorDispenser.elf
Invoking: MCU GCC Linker
arm-none-eabi-gcc -mcpu=cortex-m4 -mthumb -mfloat-abi=hard -mfpu=fpv4-sp-d16 -specs=nosys.specs -specs=nano.specs -T"../STM32F446RETx_FLASH.ld" -Wl,-Map=output.map -Wl,--gc-sections -o "petFoorDispenser.elf" @"objects.list"   -lm
Finished building target: petFoorDispenser.elf
 
make --no-print-directory post-build
Generating hex and Printing size information:
arm-none-eabi-objcopy -O ihex "petFoorDispenser.elf" "petFoorDispenser.hex"
arm-none-eabi-size "petFoorDispenser.elf"
   text	   data	    bss	    dec	    hex	filename
   9372	     60	   1740	  11172	   2ba4	petFoorDispenser.elf
 
10:36:54 **** Incremental Build of configuration Debug for project petFoorDispenser ****
make -j8 all 
Building file: ../Core/Src/main.c
Invoking: MCU GCC Compiler
C:\Users\aaron\Desktop\git_dispenser\workSpace\petFoorDispenser\Debug
arm-none-eabi-gcc -mcpu=cortex-m4 -mthumb -mfloat-abi=hard -mfpu=fpv4-sp-d16 -DUSE_HAL_DRIVER -DSTM32F446xx -I"C:/Users/aaron/Desktop/git_dispenser/workSpace/petFoorDispenser/Core/Inc" -I"C:/Users/aaron/Desktop/git_dispenser/workSpace/petFoorDispenser/Drivers/STM32F4xx_HAL_Driver/Inc" -I"C:/Users/aaron/Desktop/git_dispenser/workSpace/petFoorDispenser/Drivers/STM32F4xx_HAL_Driver/Inc/Legacy" -I"C:/Users/aaron/Desktop/git_dispenser/workSpace/petFoorDispenser/Drivers/CMSIS/Device/ST/STM32F4xx/Include" -I"C:/Users/aaron/Desktop/git_dispenser/workSpace/petFoorDispenser/Drivers/CMSIS/Include"  -Og -g3 -Wall -fmessage-length=0 -ffunction-sections -c -fmessage-length=0 -MMD -MP -MF"Core/Src/main.d" -MT"Core/Src/main.o" -o "Core/Src/main.o" "../Core/Src/main.c"
../Core/Src/main.c: In function 'func_screen_cycles':
../Core/Src/main.c:52:2: warning: implicit declaration of function 'itoa' [-Wimplicit-function-declaration]
  itoa(times_to_serve,cycles,10);
  ^~~~
../Core/Src/main.c:71:12: warning: implicit declaration of function 'func_screen_main'; did you mean 'func_screen_cycles'? [-Wimplicit-function-declaration]
            func_screen_main();
            ^~~~~~~~~~~~~~~~
            func_screen_cycles
../Core/Src/main.c: At top level:
../Core/Src/main.c:137:6: warning: conflicting types for 'func_screen_main'
 void func_screen_main(void)
      ^~~~~~~~~~~~~~~~
../Core/Src/main.c:71:12: note: previous implicit declaration of 'func_screen_main' was here
            func_screen_main();
            ^~~~~~~~~~~~~~~~
../Core/Src/main.c: In function 'main':
../Core/Src/main.c:167:6: warning: unused variable 'i' [-Wunused-variable]
  int i;
      ^
Finished building: ../Core/Src/main.c
 
Building target: petFoorDispenser.elf
Invoking: MCU GCC Linker
arm-none-eabi-gcc -mcpu=cortex-m4 -mthumb -mfloat-abi=hard -mfpu=fpv4-sp-d16 -specs=nosys.specs -specs=nano.specs -T"../STM32F446RETx_FLASH.ld" -Wl,-Map=output.map -Wl,--gc-sections -o "petFoorDispenser.elf" @"objects.list"   -lm
Finished building target: petFoorDispenser.elf
 
make --no-print-directory post-build
Generating hex and Printing size information:
arm-none-eabi-objcopy -O ihex "petFoorDispenser.elf" "petFoorDispenser.hex"
arm-none-eabi-size "petFoorDispenser.elf"
   text	   data	    bss	    dec	    hex	filename
   9376	     60	   1740	  11176	   2ba8	petFoorDispenser.elf
 
10:39:46 **** Incremental Build of configuration Debug for project petFoorDispenser ****
make -j8 all 
make: Nothing to be done for 'all'.
10:40:21 **** Incremental Build of configuration Debug for project petFoorDispenser ****
make -j8 all 
make: Nothing to be done for 'all'.
10:41:44 **** Incremental Build of configuration Debug for project petFoorDispenser ****
make -j8 all 
Building file: ../Core/Src/it.c
Invoking: MCU GCC Compiler
C:\Users\aaron\Desktop\git_dispenser\workSpace\petFoorDispenser\Debug
arm-none-eabi-gcc -mcpu=cortex-m4 -mthumb -mfloat-abi=hard -mfpu=fpv4-sp-d16 -DUSE_HAL_DRIVER -DSTM32F446xx -I"C:/Users/aaron/Desktop/git_dispenser/workSpace/petFoorDispenser/Core/Inc" -I"C:/Users/aaron/Desktop/git_dispenser/workSpace/petFoorDispenser/Drivers/STM32F4xx_HAL_Driver/Inc" -I"C:/Users/aaron/Desktop/git_dispenser/workSpace/petFoorDispenser/Drivers/STM32F4xx_HAL_Driver/Inc/Legacy" -I"C:/Users/aaron/Desktop/git_dispenser/workSpace/petFoorDispenser/Drivers/CMSIS/Device/ST/STM32F4xx/Include" -I"C:/Users/aaron/Desktop/git_dispenser/workSpace/petFoorDispenser/Drivers/CMSIS/Include"  -Og -g3 -Wall -fmessage-length=0 -ffunction-sections -c -fmessage-length=0 -MMD -MP -MF"Core/Src/it.d" -MT"Core/Src/it.o" -o "Core/Src/it.o" "../Core/Src/it.c"
../Core/Src/it.c: In function 'EXTI1_IRQHandler':
../Core/Src/it.c:27:2: error: expected ';' before 'HAL_GPIO_EXTI_IRQHandler'
  HAL_GPIO_EXTI_IRQHandler(GPIO_PIN_1);
  ^~~~~~~~~~~~~~~~~~~~~~~~
Core/Src/subdir.mk:36: recipe for target 'Core/Src/it.o' failed
make: *** [Core/Src/it.o] Error 1
10:41:59 **** Incremental Build of configuration Debug for project petFoorDispenser ****
make -j8 all 
Building file: ../Core/Src/it.c
Invoking: MCU GCC Compiler
C:\Users\aaron\Desktop\git_dispenser\workSpace\petFoorDispenser\Debug
arm-none-eabi-gcc -mcpu=cortex-m4 -mthumb -mfloat-abi=hard -mfpu=fpv4-sp-d16 -DUSE_HAL_DRIVER -DSTM32F446xx -I"C:/Users/aaron/Desktop/git_dispenser/workSpace/petFoorDispenser/Core/Inc" -I"C:/Users/aaron/Desktop/git_dispenser/workSpace/petFoorDispenser/Drivers/STM32F4xx_HAL_Driver/Inc" -I"C:/Users/aaron/Desktop/git_dispenser/workSpace/petFoorDispenser/Drivers/STM32F4xx_HAL_Driver/Inc/Legacy" -I"C:/Users/aaron/Desktop/git_dispenser/workSpace/petFoorDispenser/Drivers/CMSIS/Device/ST/STM32F4xx/Include" -I"C:/Users/aaron/Desktop/git_dispenser/workSpace/petFoorDispenser/Drivers/CMSIS/Include"  -Og -g3 -Wall -fmessage-length=0 -ffunction-sections -c -fmessage-length=0 -MMD -MP -MF"Core/Src/it.d" -MT"Core/Src/it.o" -o "Core/Src/it.o" "../Core/Src/it.c"
Finished building: ../Core/Src/it.c
 
Building target: petFoorDispenser.elf
Invoking: MCU GCC Linker
arm-none-eabi-gcc -mcpu=cortex-m4 -mthumb -mfloat-abi=hard -mfpu=fpv4-sp-d16 -specs=nosys.specs -specs=nano.specs -T"../STM32F446RETx_FLASH.ld" -Wl,-Map=output.map -Wl,--gc-sections -o "petFoorDispenser.elf" @"objects.list"   -lm
Finished building target: petFoorDispenser.elf
 
make --no-print-directory post-build
Generating hex and Printing size information:
arm-none-eabi-objcopy -O ihex "petFoorDispenser.elf" "petFoorDispenser.hex"
arm-none-eabi-size "petFoorDispenser.elf"
   text	   data	    bss	    dec	    hex	filename
   9324	     60	   1740	  11124	   2b74	petFoorDispenser.elf
 
10:43:07 **** Incremental Build of configuration Debug for project petFoorDispenser ****
make -j8 all 
make: Nothing to be done for 'all'.
10:47:09 **** Incremental Build of configuration Debug for project petFoorDispenser ****
make -j8 all 
Building file: ../Core/Src/it.c
Building file: ../Core/Src/main.c
Invoking: MCU GCC Compiler
Invoking: MCU GCC Compiler
C:\Users\aaron\Desktop\git_dispenser\workSpace\petFoorDispenser\Debug
arm-none-eabi-gcc -mcpu=cortex-m4 -mthumb -mfloat-abi=hard -mfpu=fpv4-sp-d16 -DUSE_HAL_DRIVER -DSTM32F446xx -I"C:/Users/aaron/Desktop/git_dispenser/workSpace/petFoorDispenser/Core/Inc" -I"C:/Users/aaron/Desktop/git_dispenser/workSpace/petFoorDispenser/Drivers/STM32F4xx_HAL_Driver/Inc" -I"C:/Users/aaron/Desktop/git_dispenser/workSpace/petFoorDispenser/Drivers/STM32F4xx_HAL_Driver/Inc/Legacy" -I"C:/Users/aaron/Desktop/git_dispenser/workSpace/petFoorDispenser/Drivers/CMSIS/Device/ST/STM32F4xx/Include" -I"C:/Users/aaron/Desktop/git_dispenser/workSpace/petFoorDispenser/Drivers/CMSIS/Include"  -Og -g3 -Wall -fmessage-length=0 -ffunction-sections -c -fmessage-length=0 -MMD -MP -MF"Core/Src/it.d" -MT"Core/Src/it.o" -o "Core/Src/it.o" "../Core/Src/it.c"
C:\Users\aaron\Desktop\git_dispenser\workSpace\petFoorDispenser\Debug
arm-none-eabi-gcc -mcpu=cortex-m4 -mthumb -mfloat-abi=hard -mfpu=fpv4-sp-d16 -DUSE_HAL_DRIVER -DSTM32F446xx -I"C:/Users/aaron/Desktop/git_dispenser/workSpace/petFoorDispenser/Core/Inc" -I"C:/Users/aaron/Desktop/git_dispenser/workSpace/petFoorDispenser/Drivers/STM32F4xx_HAL_Driver/Inc" -I"C:/Users/aaron/Desktop/git_dispenser/workSpace/petFoorDispenser/Drivers/STM32F4xx_HAL_Driver/Inc/Legacy" -I"C:/Users/aaron/Desktop/git_dispenser/workSpace/petFoorDispenser/Drivers/CMSIS/Device/ST/STM32F4xx/Include" -I"C:/Users/aaron/Desktop/git_dispenser/workSpace/petFoorDispenser/Drivers/CMSIS/Include"  -Og -g3 -Wall -fmessage-length=0 -ffunction-sections -c -fmessage-length=0 -MMD -MP -MF"Core/Src/main.d" -MT"Core/Src/main.o" -o "Core/Src/main.o" "../Core/Src/main.c"
../Core/Src/main.c: In function 'func_screen_cycles':
../Core/Src/main.c:52:2: warning: implicit declaration of function 'itoa' [-Wimplicit-function-declaration]
  itoa(times_to_serve,cycles,10);
  ^~~~
../Core/Src/main.c:71:12: warning: implicit declaration of function 'func_screen_main'; did you mean 'func_screen_cycles'? [-Wimplicit-function-declaration]
            func_screen_main();
            ^~~~~~~~~~~~~~~~
            func_screen_cycles
../Core/Src/main.c: At top level:
../Core/Src/main.c:137:6: warning: conflicting types for 'func_screen_main'
 void func_screen_main(void)
      ^~~~~~~~~~~~~~~~
../Core/Src/main.c:71:12: note: previous implicit declaration of 'func_screen_main' was here
            func_screen_main();
            ^~~~~~~~~~~~~~~~
../Core/Src/main.c: In function 'main':
../Core/Src/main.c:167:6: warning: unused variable 'i' [-Wunused-variable]
  int i;
      ^
Finished building: ../Core/Src/it.c
 
Finished building: ../Core/Src/main.c
 
Building target: petFoorDispenser.elf
Invoking: MCU GCC Linker
arm-none-eabi-gcc -mcpu=cortex-m4 -mthumb -mfloat-abi=hard -mfpu=fpv4-sp-d16 -specs=nosys.specs -specs=nano.specs -T"../STM32F446RETx_FLASH.ld" -Wl,-Map=output.map -Wl,--gc-sections -o "petFoorDispenser.elf" @"objects.list"   -lm
Finished building target: petFoorDispenser.elf
 
make --no-print-directory post-build
Generating hex and Printing size information:
arm-none-eabi-objcopy -O ihex "petFoorDispenser.elf" "petFoorDispenser.hex"
arm-none-eabi-size "petFoorDispenser.elf"
   text	   data	    bss	    dec	    hex	filename
   9348	     60	   1740	  11148	   2b8c	petFoorDispenser.elf
 
10:47:42 **** Incremental Build of configuration Debug for project petFoorDispenser ****
make -j8 all 
make: Nothing to be done for 'all'.
10:49:11 **** Incremental Build of configuration Debug for project petFoorDispenser ****
make -j8 all 
make: Nothing to be done for 'all'.
