23:50:00 **** Incremental Build of configuration Debug for project petFoorDispenser ****
make -j8 all 
Building file: ../Core/Src/main.c
Invoking: MCU GCC Compiler
C:\Users\aaron\Desktop\git_dispenser\workSpace\petFoorDispenser\Debug
arm-none-eabi-gcc -mcpu=cortex-m4 -mthumb -mfloat-abi=hard -mfpu=fpv4-sp-d16 -DUSE_HAL_DRIVER -DSTM32F446xx -I"C:/Users/aaron/Desktop/git_dispenser/workSpace/petFoorDispenser/Core/Inc" -I"C:/Users/aaron/Desktop/git_dispenser/workSpace/petFoorDispenser/Drivers/STM32F4xx_HAL_Driver/Inc" -I"C:/Users/aaron/Desktop/git_dispenser/workSpace/petFoorDispenser/Drivers/STM32F4xx_HAL_Driver/Inc/Legacy" -I"C:/Users/aaron/Desktop/git_dispenser/workSpace/petFoorDispenser/Drivers/CMSIS/Device/ST/STM32F4xx/Include" -I"C:/Users/aaron/Desktop/git_dispenser/workSpace/petFoorDispenser/Drivers/CMSIS/Include" -I"C:/Users/aaron/Desktop/git_driverLCD16X2/driver"  -O0 -g3 -Wall -fmessage-length=0 -ffunction-sections -c -fmessage-length=0 -MMD -MP -MF"Core/Src/main.d" -MT"Core/Src/main.o" -o "Core/Src/main.o" "../Core/Src/main.c"
In file included from ../Core/Src/main.c:1:0:
C:/Users/aaron/Desktop/git_dispenser/workSpace/petFoorDispenser/Core/Inc/main.h:160:15: warning: missing braces around initializer [-Wmissing-braces]
 menu_s menu = { MENU_FEED,MENU_SETTINGS,
               ^
C:/Users/aaron/Desktop/git_dispenser/workSpace/petFoorDispenser/Core/Inc/main.h:160:15: warning: missing braces around initializer [-Wmissing-braces]
C:/Users/aaron/Desktop/git_dispenser/workSpace/petFoorDispenser/Core/Inc/main.h:160:15: warning: missing braces around initializer [-Wmissing-braces]
C:/Users/aaron/Desktop/git_dispenser/workSpace/petFoorDispenser/Core/Inc/main.h:160:15: warning: missing braces around initializer [-Wmissing-braces]
C:/Users/aaron/Desktop/git_dispenser/workSpace/petFoorDispenser/Core/Inc/main.h:160:15: warning: missing braces around initializer [-Wmissing-braces]
../Core/Src/main.c: In function 'alarmReorder':
../Core/Src/main.c:95:8: warning: unused variable 'a' [-Wunused-variable]
  */int a = nearestAlarm(alarms,3)->acumValue;
        ^
../Core/Src/main.c: In function 'screen_time':
../Core/Src/main.c:692:8: warning: this 'while' clause does not guard... [-Wmisleading-indentation]
        while(!flag_GPIO_it);
        ^~~~~
../Core/Src/main.c:693:5: note: ...this statement, but the latter is misleadingly indented as if it were guarded by the 'while'
     switch(itSource)
     ^~~~~~
../Core/Src/main.c:708:8: warning: this 'while' clause does not guard... [-Wmisleading-indentation]
        while(!flag_GPIO_it);
        ^~~~~
../Core/Src/main.c:709:5: note: ...this statement, but the latter is misleadingly indented as if it were guarded by the 'while'
     switch(itSource)
     ^~~~~~
../Core/Src/main.c: In function 'screen_alarmSelected':
../Core/Src/main.c:803:8: warning: this 'while' clause does not guard... [-Wmisleading-indentation]
        while(!flag_GPIO_it);
        ^~~~~
../Core/Src/main.c:804:5: note: ...this statement, but the latter is misleadingly indented as if it were guarded by the 'while'
     switch(itSource)
     ^~~~~~
../Core/Src/main.c:820:8: warning: this 'while' clause does not guard... [-Wmisleading-indentation]
        while(!flag_GPIO_it);
        ^~~~~
../Core/Src/main.c:821:5: note: ...this statement, but the latter is misleadingly indented as if it were guarded by the 'while'
     switch(itSource)
     ^~~~~~
../Core/Src/main.c: In function 'HAL_RTC_AlarmAEventCallback':
../Core/Src/main.c:937:11: warning: unused variable 'alarmPending' [-Wunused-variable]
   uint8_t alarmPending = NO_ALARM_PENDING;
           ^~~~~~~~~~~~
Finished building: ../Core/Src/main.c
 
Building target: petFoorDispenser.elf
Invoking: MCU GCC Linker
arm-none-eabi-gcc -mcpu=cortex-m4 -mthumb -mfloat-abi=hard -mfpu=fpv4-sp-d16 -specs=nosys.specs -specs=nano.specs -T"../STM32F446RETx_FLASH.ld" -Wl,-Map=output.map -Wl,--gc-sections -o "petFoorDispenser.elf" @"objects.list"   -lm
Finished building target: petFoorDispenser.elf
 
make --no-print-directory post-build
Generating hex and Printing size information:
arm-none-eabi-objcopy -O ihex "petFoorDispenser.elf" "petFoorDispenser.hex"
arm-none-eabi-size "petFoorDispenser.elf"
   text	   data	    bss	    dec	    hex	filename
  22292	    156	   2076	  24524	   5fcc	petFoorDispenser.elf
 

23:50:02 Build Finished (took 2s.139ms)

