10:05:40 **** Incremental Build of configuration Debug for project petFoorDispenser ****
make -j8 all 
Building file: ../Core/Src/it.c
Building file: ../Core/Src/main.c
Invoking: MCU GCC Compiler
Invoking: MCU GCC Compiler
C:\Users\aaron\Desktop\git_dispenser\workSpace\petFoorDispenser\Debug
arm-none-eabi-gcc -mcpu=cortex-m4 -mthumb -mfloat-abi=hard -mfpu=fpv4-sp-d16 -DUSE_HAL_DRIVER -DSTM32F446xx -I"C:/Users/aaron/Desktop/git_dispenser/workSpace/petFoorDispenser/Core/Inc" -I"C:/Users/aaron/Desktop/git_dispenser/workSpace/petFoorDispenser/Drivers/STM32F4xx_HAL_Driver/Inc" -I"C:/Users/aaron/Desktop/git_dispenser/workSpace/petFoorDispenser/Drivers/STM32F4xx_HAL_Driver/Inc/Legacy" -I"C:/Users/aaron/Desktop/git_dispenser/workSpace/petFoorDispenser/Drivers/CMSIS/Device/ST/STM32F4xx/Include" -I"C:/Users/aaron/Desktop/git_dispenser/workSpace/petFoorDispenser/Drivers/CMSIS/Include"  -Og -g3 -Wall -fmessage-length=0 -ffunction-sections -c -fmessage-length=0 -MMD -MP -MF"Core/Src/it.d" -MT"Core/Src/it.o" -o "Core/Src/it.o" "../Core/Src/it.c"
C:\Users\aaron\Desktop\git_dispenser\workSpace\petFoorDispenser\Debug
arm-none-eabi-gcc -mcpu=cortex-m4 -mthumb -mfloat-abi=hard -mfpu=fpv4-sp-d16 -DUSE_HAL_DRIVER -DSTM32F446xx -I"C:/Users/aaron/Desktop/git_dispenser/workSpace/petFoorDispenser/Core/Inc" -I"C:/Users/aaron/Desktop/git_dispenser/workSpace/petFoorDispenser/Drivers/STM32F4xx_HAL_Driver/Inc" -I"C:/Users/aaron/Desktop/git_dispenser/workSpace/petFoorDispenser/Drivers/STM32F4xx_HAL_Driver/Inc/Legacy" -I"C:/Users/aaron/Desktop/git_dispenser/workSpace/petFoorDispenser/Drivers/CMSIS/Device/ST/STM32F4xx/Include" -I"C:/Users/aaron/Desktop/git_dispenser/workSpace/petFoorDispenser/Drivers/CMSIS/Include"  -Og -g3 -Wall -fmessage-length=0 -ffunction-sections -c -fmessage-length=0 -MMD -MP -MF"Core/Src/main.d" -MT"Core/Src/main.o" -o "Core/Src/main.o" "../Core/Src/main.c"
../Core/Src/main.c: In function 'screen_cycles':
../Core/Src/main.c:43:2: warning: implicit declaration of function 'itoa' [-Wimplicit-function-declaration]
  itoa(times_to_serve,cycles,10);
  ^~~~
Finished building: ../Core/Src/it.c
 
Finished building: ../Core/Src/main.c
 
Building target: petFoorDispenser.elf
Invoking: MCU GCC Linker
arm-none-eabi-gcc -mcpu=cortex-m4 -mthumb -mfloat-abi=hard -mfpu=fpv4-sp-d16 -specs=nosys.specs -specs=nano.specs -T"../STM32F446RETx_FLASH.ld" -Wl,-Map=output.map -Wl,--gc-sections -o "petFoorDispenser.elf" @"objects.list"   -lm
Finished building target: petFoorDispenser.elf
 
make --no-print-directory post-build
Generating hex and Printing size information:
arm-none-eabi-objcopy -O ihex "petFoorDispenser.elf" "petFoorDispenser.hex"
arm-none-eabi-size "petFoorDispenser.elf"
   text	   data	    bss	    dec	    hex	filename
   9192	     60	   1732	  10984	   2ae8	petFoorDispenser.elf
 

10:05:42 Build Finished (took 1s.753ms)

