Archive member included to satisfy reference by file (symbol)

c:/ac6/systemworkbench/plugins/fr.ac6.mcu.externaltools.arm-none.win32_1.17.0.201812190825/tools/compiler/bin/../lib/gcc/arm-none-eabi/7.3.1/thumb/v7e-m/fpv4-sp/hard\libgcc.a(_aeabi_uldivmod.o)
                              Drivers/STM32F4xx_HAL_Driver/Src/stm32f4xx_hal_rcc.o (__aeabi_uldivmod)
c:/ac6/systemworkbench/plugins/fr.ac6.mcu.externaltools.arm-none.win32_1.17.0.201812190825/tools/compiler/bin/../lib/gcc/arm-none-eabi/7.3.1/thumb/v7e-m/fpv4-sp/hard\libgcc.a(_udivmoddi4.o)
                              c:/ac6/systemworkbench/plugins/fr.ac6.mcu.externaltools.arm-none.win32_1.17.0.201812190825/tools/compiler/bin/../lib/gcc/arm-none-eabi/7.3.1/thumb/v7e-m/fpv4-sp/hard\libgcc.a(_aeabi_uldivmod.o) (__udivmoddi4)
c:/ac6/systemworkbench/plugins/fr.ac6.mcu.externaltools.arm-none.win32_1.17.0.201812190825/tools/compiler/bin/../lib/gcc/arm-none-eabi/7.3.1/thumb/v7e-m/fpv4-sp/hard\libgcc.a(_dvmd_tls.o)
                              c:/ac6/systemworkbench/plugins/fr.ac6.mcu.externaltools.arm-none.win32_1.17.0.201812190825/tools/compiler/bin/../lib/gcc/arm-none-eabi/7.3.1/thumb/v7e-m/fpv4-sp/hard\libgcc.a(_aeabi_uldivmod.o) (__aeabi_ldiv0)
c:/ac6/systemworkbench/plugins/fr.ac6.mcu.externaltools.arm-none.win32_1.17.0.201812190825/tools/compiler/bin/../lib/gcc/arm-none-eabi/7.3.1/../../../../arm-none-eabi/lib/thumb/v7e-m/fpv4-sp/hard\libc_nano.a(lib_a-errno.o)
                              Core/Src/syscalls.o (__errno)
c:/ac6/systemworkbench/plugins/fr.ac6.mcu.externaltools.arm-none.win32_1.17.0.201812190825/tools/compiler/bin/../lib/gcc/arm-none-eabi/7.3.1/../../../../arm-none-eabi/lib/thumb/v7e-m/fpv4-sp/hard\libc_nano.a(lib_a-exit.o)
                              c:/ac6/systemworkbench/plugins/fr.ac6.mcu.externaltools.arm-none.win32_1.17.0.201812190825/tools/compiler/bin/../lib/gcc/arm-none-eabi/7.3.1/../../../../arm-none-eabi/lib/thumb/v7e-m/fpv4-sp/hard/crt0.o (exit)
c:/ac6/systemworkbench/plugins/fr.ac6.mcu.externaltools.arm-none.win32_1.17.0.201812190825/tools/compiler/bin/../lib/gcc/arm-none-eabi/7.3.1/../../../../arm-none-eabi/lib/thumb/v7e-m/fpv4-sp/hard\libc_nano.a(lib_a-impure.o)
                              c:/ac6/systemworkbench/plugins/fr.ac6.mcu.externaltools.arm-none.win32_1.17.0.201812190825/tools/compiler/bin/../lib/gcc/arm-none-eabi/7.3.1/../../../../arm-none-eabi/lib/thumb/v7e-m/fpv4-sp/hard\libc_nano.a(lib_a-exit.o) (_global_impure_ptr)
c:/ac6/systemworkbench/plugins/fr.ac6.mcu.externaltools.arm-none.win32_1.17.0.201812190825/tools/compiler/bin/../lib/gcc/arm-none-eabi/7.3.1/../../../../arm-none-eabi/lib/thumb/v7e-m/fpv4-sp/hard\libc_nano.a(lib_a-init.o)
                              c:/ac6/systemworkbench/plugins/fr.ac6.mcu.externaltools.arm-none.win32_1.17.0.201812190825/tools/compiler/bin/../lib/gcc/arm-none-eabi/7.3.1/../../../../arm-none-eabi/lib/thumb/v7e-m/fpv4-sp/hard/crt0.o (__libc_init_array)
c:/ac6/systemworkbench/plugins/fr.ac6.mcu.externaltools.arm-none.win32_1.17.0.201812190825/tools/compiler/bin/../lib/gcc/arm-none-eabi/7.3.1/../../../../arm-none-eabi/lib/thumb/v7e-m/fpv4-sp/hard\libc_nano.a(lib_a-memset.o)
                              c:/ac6/systemworkbench/plugins/fr.ac6.mcu.externaltools.arm-none.win32_1.17.0.201812190825/tools/compiler/bin/../lib/gcc/arm-none-eabi/7.3.1/../../../../arm-none-eabi/lib/thumb/v7e-m/fpv4-sp/hard/crt0.o (memset)

Allocating common symbols
Common symbol       size              file

hi2c1               0x54              Core/Src/main.o
uwTick              0x4               Drivers/STM32F4xx_HAL_Driver/Src/stm32f4xx_hal.o
pFlash              0x20              Drivers/STM32F4xx_HAL_Driver/Src/stm32f4xx_hal_flash.o

Discarded input sections

 .text          0x00000000        0x0 c:/ac6/systemworkbench/plugins/fr.ac6.mcu.externaltools.arm-none.win32_1.17.0.201812190825/tools/compiler/bin/../lib/gcc/arm-none-eabi/7.3.1/thumb/v7e-m/fpv4-sp/hard/crti.o
 .data          0x00000000        0x0 c:/ac6/systemworkbench/plugins/fr.ac6.mcu.externaltools.arm-none.win32_1.17.0.201812190825/tools/compiler/bin/../lib/gcc/arm-none-eabi/7.3.1/thumb/v7e-m/fpv4-sp/hard/crti.o
 .bss           0x00000000        0x0 c:/ac6/systemworkbench/plugins/fr.ac6.mcu.externaltools.arm-none.win32_1.17.0.201812190825/tools/compiler/bin/../lib/gcc/arm-none-eabi/7.3.1/thumb/v7e-m/fpv4-sp/hard/crti.o
 .data          0x00000000        0x4 c:/ac6/systemworkbench/plugins/fr.ac6.mcu.externaltools.arm-none.win32_1.17.0.201812190825/tools/compiler/bin/../lib/gcc/arm-none-eabi/7.3.1/thumb/v7e-m/fpv4-sp/hard/crtbegin.o
 .text          0x00000000       0x74 c:/ac6/systemworkbench/plugins/fr.ac6.mcu.externaltools.arm-none.win32_1.17.0.201812190825/tools/compiler/bin/../lib/gcc/arm-none-eabi/7.3.1/../../../../arm-none-eabi/lib/thumb/v7e-m/fpv4-sp/hard/crt0.o
[...]
Memory Configuration

Name             Origin             Length             Attributes
RAM              0x20000000         0x00020000         xrw
FLASH            0x08000000         0x00080000         xr
*default*        0x00000000         0xffffffff

Linker script and memory map

LOAD c:/ac6/systemworkbench/plugins/fr.ac6.mcu.externaltools.arm-none.win32_1.17.0.201812190825/tools/compiler/bin/../lib/gcc/arm-none-eabi/7.3.1/thumb/v7e-m/fpv4-sp/hard/crti.o
LOAD c:/ac6/systemworkbench/plugins/fr.ac6.mcu.externaltools.arm-none.win32_1.17.0.201812190825/tools/compiler/bin/../lib/gcc/arm-none-eabi/7.3.1/thumb/v7e-m/fpv4-sp/hard/crtbegin.o
LOAD c:/ac6/systemworkbench/plugins/fr.ac6.mcu.externaltools.arm-none.win32_1.17.0.201812190825/tools/compiler/bin/../lib/gcc/arm-none-eabi/7.3.1/../../../../arm-none-eabi/lib/thumb/v7e-m/fpv4-sp/hard/crt0.o
LOAD Core/Src/lcd_i2c.o
LOAD Core/Src/main.o
LOAD Core/Src/stm32f4xx_hal_msp.o
LOAD Core/Src/stm32f4xx_it.o
LOAD Core/Src/syscalls.o
LOAD Core/Src/system_stm32f4xx.o
LOAD Drivers/STM32F4xx_HAL_Driver/Src/stm32f4xx_hal.o
LOAD Drivers/STM32F4xx_HAL_Driver/Src/stm32f4xx_hal_cortex.o
LOAD Drivers/STM32F4xx_HAL_Driver/Src/stm32f4xx_hal_dma.o
LOAD Drivers/STM32F4xx_HAL_Driver/Src/stm32f4xx_hal_dma_ex.o
LOAD Drivers/STM32F4xx_HAL_Driver/Src/stm32f4xx_hal_exti.o
LOAD Drivers/STM32F4xx_HAL_Driver/Src/stm32f4xx_hal_flash.o
LOAD Drivers/STM32F4xx_HAL_Driver/Src/stm32f4xx_hal_flash_ex.o
LOAD Drivers/STM32F4xx_HAL_Driver/Src/stm32f4xx_hal_flash_ramfunc.o
LOAD Drivers/STM32F4xx_HAL_Driver/Src/stm32f4xx_hal_gpio.o
LOAD Drivers/STM32F4xx_HAL_Driver/Src/stm32f4xx_hal_i2c.o
LOAD Drivers/STM32F4xx_HAL_Driver/Src/stm32f4xx_hal_i2c_ex.o
LOAD Drivers/STM32F4xx_HAL_Driver/Src/stm32f4xx_hal_pwr.o
LOAD Drivers/STM32F4xx_HAL_Driver/Src/stm32f4xx_hal_pwr_ex.o
LOAD Drivers/STM32F4xx_HAL_Driver/Src/stm32f4xx_hal_rcc.o
LOAD Drivers/STM32F4xx_HAL_Driver/Src/stm32f4xx_hal_rcc_ex.o
LOAD Drivers/STM32F4xx_HAL_Driver/Src/stm32f4xx_hal_tim.o
LOAD Drivers/STM32F4xx_HAL_Driver/Src/stm32f4xx_hal_tim_ex.o
LOAD startup/startup_stm32f446xx.o
LOAD c:/ac6/systemworkbench/plugins/fr.ac6.mcu.externaltools.arm-none.win32_1.17.0.201812190825/tools/compiler/bin/../lib/gcc/arm-none-eabi/7.3.1/../../../../arm-none-eabi/lib/thumb/v7e-m/fpv4-sp/hard\libm.a
START GROUP
LOAD c:/ac6/systemworkbench/plugins/fr.ac6.mcu.externaltools.arm-none.win32_1.17.0.201812190825/tools/compiler/bin/../lib/gcc/arm-none-eabi/7.3.1/thumb/v7e-m/fpv4-sp/hard\libgcc.a
LOAD c:/ac6/systemworkbench/plugins/fr.ac6.mcu.externaltools.arm-none.win32_1.17.0.201812190825/tools/compiler/bin/../lib/gcc/arm-none-eabi/7.3.1/../../../../arm-none-eabi/lib/thumb/v7e-m/fpv4-sp/hard\libc_nano.a
END GROUP
START GROUP
LOAD c:/ac6/systemworkbench/plugins/fr.ac6.mcu.externaltools.arm-none.win32_1.17.0.201812190825/tools/compiler/bin/../lib/gcc/arm-none-eabi/7.3.1/thumb/v7e-m/fpv4-sp/hard\libgcc.a
LOAD c:/ac6/systemworkbench/plugins/fr.ac6.mcu.externaltools.arm-none.win32_1.17.0.201812190825/tools/compiler/bin/../lib/gcc/arm-none-eabi/7.3.1/../../../../arm-none-eabi/lib/thumb/v7e-m/fpv4-sp/hard\libc_nano.a
LOAD c:/ac6/systemworkbench/plugins/fr.ac6.mcu.externaltools.arm-none.win32_1.17.0.201812190825/tools/compiler/bin/../lib/gcc/arm-none-eabi/7.3.1/../../../../arm-none-eabi/lib/thumb/v7e-m/fpv4-sp/hard\libnosys.a
END GROUP
START GROUP
LOAD c:/ac6/systemworkbench/plugins/fr.ac6.mcu.externaltools.arm-none.win32_1.17.0.201812190825/tools/compiler/bin/../lib/gcc/arm-none-eabi/7.3.1/thumb/v7e-m/fpv4-sp/hard\libgcc.a
LOAD c:/ac6/systemworkbench/plugins/fr.ac6.mcu.externaltools.arm-none.win32_1.17.0.201812190825/tools/compiler/bin/../lib/gcc/arm-none-eabi/7.3.1/../../../../arm-none-eabi/lib/thumb/v7e-m/fpv4-sp/hard\libc_nano.a
LOAD c:/ac6/systemworkbench/plugins/fr.ac6.mcu.externaltools.arm-none.win32_1.17.0.201812190825/tools/compiler/bin/../lib/gcc/arm-none-eabi/7.3.1/../../../../arm-none-eabi/lib/thumb/v7e-m/fpv4-sp/hard\libnosys.a
END GROUP
LOAD c:/ac6/systemworkbench/plugins/fr.ac6.mcu.externaltools.arm-none.win32_1.17.0.201812190825/tools/compiler/bin/../lib/gcc/arm-none-eabi/7.3.1/thumb/v7e-m/fpv4-sp/hard/crtend.o
LOAD c:/ac6/systemworkbench/plugins/fr.ac6.mcu.externaltools.arm-none.win32_1.17.0.201812190825/tools/compiler/bin/../lib/gcc/arm-none-eabi/7.3.1/thumb/v7e-m/fpv4-sp/hard/crtn.o
                0x20020000                _estack = 0x20020000
                0x00000200                _Min_Heap_Size = 0x200
                0x00000400                _Min_Stack_Size = 0x400

.isr_vector     0x08000000      0x1c4
                0x08000000                . = ALIGN (0x4)
 *(.isr_vector)
 .isr_vector    0x08000000      0x1c4 startup/startup_stm32f446xx.o
                0x08000000                g_pfnVectors
                0x080001c4                . = ALIGN (0x4)

.text           0x080001c4     0x17f4
                0x080001c4                . = ALIGN (0x4)
 *(.text)
 .text          0x080001c4       0x40 c:/ac6/systemworkbench/plugins/fr.ac6.mcu.externaltools.arm-none.win32_1.17.0.201812190825/tools/compiler/bin/../lib/gcc/arm-none-eabi/7.3.1/thumb/v7e-m/fpv4-sp/hard/crtbegin.o
 .text          0x08000204       0x30 c:/ac6/systemworkbench/plugins/fr.ac6.mcu.externaltools.arm-none.win32_1.17.0.201812190825/tools/compiler/bin/../lib/gcc/arm-none-eabi/7.3.1/thumb/v7e-m/fpv4-sp/hard\libgcc.a(_aeabi_uldivmod.o)
                0x08000204                __aeabi_uldivmod
 .text          0x08000234      0x2cc c:/ac6/systemworkbench/plugins/fr.ac6.mcu.externaltools.arm-none.win32_1.17.0.201812190825/tools/compiler/bin/../lib/gcc/arm-none-eabi/7.3.1/thumb/v7e-m/fpv4-sp/hard\libgcc.a(_udivmoddi4.o)
                0x08000234                __udivmoddi4
 .text          0x08000500        0x4 c:/ac6/systemworkbench/plugins/fr.ac6.mcu.externaltools.arm-none.win32_1.17.0.201812190825/tools/compiler/bin/../lib/gcc/arm-none-eabi/7.3.1/thumb/v7e-m/fpv4-sp/hard\libgcc.a(_dvmd_tls.o)
                0x08000500                __aeabi_idiv0
                0x08000500                __aeabi_ldiv0
 *(.text*)
 .text.lcd_send_cmd
                0x08000504       0x48 Core/Src/lcd_i2c.o
                0x08000504                lcd_send_cmd
 .text.lcd_send_data
                0x0800054c       0x48 Core/Src/lcd_i2c.o
                0x0800054c                lcd_send_data
 .text.lcd_put_cur
                0x08000594       0x1c Core/Src/lcd_i2c.o
                0x08000594                lcd_put_cur
 .text.lcd_init
                0x080005b0       0x76 Core/Src/lcd_i2c.o
                0x080005b0                lcd_init
 .text.lcd_send_string
                0x08000626       0x14 Core/Src/lcd_i2c.o
                0x08000626                lcd_send_string
 *fill*         0x0800063a        0x2 
 .text.MX_GPIO_Init
                0x0800063c       0x68 Core/Src/main.o
 .text.Error_Handler
                0x080006a4        0x4 Core/Src/main.o
                0x080006a4                Error_Handler
 .text.MX_I2C1_Init
                0x080006a8       0x38 Core/Src/main.o
 .text.SystemClock_Config
                0x080006e0       0x94 Core/Src/main.o
                0x080006e0                SystemClock_Config
 .text.main     0x08000774       0x2c Core/Src/main.o
                0x08000774                main
 .text.HAL_MspInit
                0x080007a0       0x40 Core/Src/stm32f4xx_hal_msp.o
                0x080007a0                HAL_MspInit
 .text.HAL_I2C_MspInit
                0x080007e0       0x74 Core/Src/stm32f4xx_hal_msp.o
                0x080007e0                HAL_I2C_MspInit
 .text.NMI_Handler
                0x08000854        0x2 Core/Src/stm32f4xx_it.o
                0x08000854                NMI_Handler
 .text.HardFault_Handler
                0x08000856        0x2 Core/Src/stm32f4xx_it.o
                0x08000856                HardFault_Handler
 .text.MemManage_Handler
                0x08000858        0x2 Core/Src/stm32f4xx_it.o
                0x08000858                MemManage_Handler
 .text.BusFault_Handler
                0x0800085a        0x2 Core/Src/stm32f4xx_it.o
                0x0800085a                BusFault_Handler
 .text.UsageFault_Handler
                0x0800085c        0x2 Core/Src/stm32f4xx_it.o
                0x0800085c                UsageFault_Handler
 .text.SVC_Handler
                0x0800085e        0x2 Core/Src/stm32f4xx_it.o
                0x0800085e                SVC_Handler
 .text.DebugMon_Handler
                0x08000860        0x2 Core/Src/stm32f4xx_it.o
                0x08000860                DebugMon_Handler
 .text.PendSV_Handler
                0x08000862        0x2 Core/Src/stm32f4xx_it.o
                0x08000862                PendSV_Handler
 .text.SysTick_Handler
                0x08000864        0x8 Core/Src/stm32f4xx_it.o
                0x08000864                SysTick_Handler
 .text.SystemInit
                0x0800086c       0x14 Core/Src/system_stm32f4xx.o
                0x0800086c                SystemInit
 .text.HAL_InitTick
                0x08000880       0x48 Drivers/STM32F4xx_HAL_Driver/Src/stm32f4xx_hal.o
                0x08000880                HAL_InitTick
 .text.HAL_Init
                0x080008c8       0x34 Drivers/STM32F4xx_HAL_Driver/Src/stm32f4xx_hal.o
                0x080008c8                HAL_Init
 .text.HAL_IncTick
                0x080008fc       0x18 Drivers/STM32F4xx_HAL_Driver/Src/stm32f4xx_hal.o
                0x080008fc                HAL_IncTick
 .text.HAL_GetTick
                0x08000914        0xc Drivers/STM32F4xx_HAL_Driver/Src/stm32f4xx_hal.o
                0x08000914                HAL_GetTick
 .text.HAL_Delay
                0x08000920       0x28 Drivers/STM32F4xx_HAL_Driver/Src/stm32f4xx_hal.o
                0x08000920                HAL_Delay
 .text.HAL_NVIC_SetPriorityGrouping
                0x08000948       0x24 Drivers/STM32F4xx_HAL_Driver/Src/stm32f4xx_hal_cortex.o
                0x08000948                HAL_NVIC_SetPriorityGrouping
 .text.HAL_NVIC_SetPriority
                0x0800096c       0x68 Drivers/STM32F4xx_HAL_Driver/Src/stm32f4xx_hal_cortex.o
                0x0800096c                HAL_NVIC_SetPriority
 .text.HAL_SYSTICK_Config
                0x080009d4       0x2c Drivers/STM32F4xx_HAL_Driver/Src/stm32f4xx_hal_cortex.o
                0x080009d4                HAL_SYSTICK_Config
 .text.HAL_GPIO_Init
                0x08000a00      0x1c8 Drivers/STM32F4xx_HAL_Driver/Src/stm32f4xx_hal_gpio.o
                0x08000a00                HAL_GPIO_Init
 .text.HAL_GPIO_WritePin
                0x08000bc8        0xc Drivers/STM32F4xx_HAL_Driver/Src/stm32f4xx_hal_gpio.o
                0x08000bc8                HAL_GPIO_WritePin
 .text.I2C_IsAcknowledgeFailed
                0x08000bd4       0x32 Drivers/STM32F4xx_HAL_Driver/Src/stm32f4xx_hal_i2c.o
 .text.I2C_WaitOnFlagUntilTimeout
                0x08000c06       0x70 Drivers/STM32F4xx_HAL_Driver/Src/stm32f4xx_hal_i2c.o
 .text.I2C_WaitOnMasterAddressFlagUntilTimeout
                0x08000c76       0xa4 Drivers/STM32F4xx_HAL_Driver/Src/stm32f4xx_hal_i2c.o
 *fill*         0x08000d1a        0x2 
 .text.I2C_MasterRequestWrite
                0x08000d1c       0xbc Drivers/STM32F4xx_HAL_Driver/Src/stm32f4xx_hal_i2c.o
 .text.I2C_WaitOnTXEFlagUntilTimeout
                0x08000dd8       0x54 Drivers/STM32F4xx_HAL_Driver/Src/stm32f4xx_hal_i2c.o
 .text.I2C_WaitOnBTFFlagUntilTimeout
                0x08000e2c       0x54 Drivers/STM32F4xx_HAL_Driver/Src/stm32f4xx_hal_i2c.o
 .text.HAL_I2C_Init
                0x08000e80      0x1b4 Drivers/STM32F4xx_HAL_Driver/Src/stm32f4xx_hal_i2c.o
                0x08000e80                HAL_I2C_Init
 .text.HAL_I2C_Master_Transmit
                0x08001034      0x174 Drivers/STM32F4xx_HAL_Driver/Src/stm32f4xx_hal_i2c.o
                0x08001034                HAL_I2C_Master_Transmit
 .text.HAL_RCC_ClockConfig
                0x080011a8      0x160 Drivers/STM32F4xx_HAL_Driver/Src/stm32f4xx_hal_rcc.o
                0x080011a8                HAL_RCC_ClockConfig
 .text.HAL_RCC_GetHCLKFreq
                0x08001308        0xc Drivers/STM32F4xx_HAL_Driver/Src/stm32f4xx_hal_rcc.o
                0x08001308                HAL_RCC_GetHCLKFreq
 .text.HAL_RCC_GetPCLK1Freq
                0x08001314       0x20 Drivers/STM32F4xx_HAL_Driver/Src/stm32f4xx_hal_rcc.o
                0x08001314                HAL_RCC_GetPCLK1Freq
 .text.HAL_RCC_GetSysClockFreq
                0x08001334      0x184 Drivers/STM32F4xx_HAL_Driver/Src/stm32f4xx_hal_rcc_ex.o
                0x08001334                HAL_RCC_GetSysClockFreq
 .text.HAL_RCC_OscConfig
                0x080014b8      0x43c Drivers/STM32F4xx_HAL_Driver/Src/stm32f4xx_hal_rcc_ex.o
                0x080014b8                HAL_RCC_OscConfig
 .text.Reset_Handler
                0x080018f4       0x50 startup/startup_stm32f446xx.o
                0x080018f4                Reset_Handler
 .text.Default_Handler
                0x08001944        0x2 startup/startup_stm32f446xx.o
                0x08001944                RTC_Alarm_IRQHandler
                0x08001944                EXTI2_IRQHandler
                0x08001944                TIM8_CC_IRQHandler
                0x08001944                FMPI2C1_EV_IRQHandler
                0x08001944                SPI4_IRQHandler
                0x08001944                TIM1_CC_IRQHandler
                0x08001944                DMA2_Stream5_IRQHandler
                0x08001944                DMA1_Stream5_IRQHandler
                0x08001944                PVD_IRQHandler
                0x08001944                SDIO_IRQHandler
                0x08001944                TAMP_STAMP_IRQHandler
                0x08001944                CAN2_RX1_IRQHandler
                0x08001944                EXTI3_IRQHandler
                0x08001944                TIM8_TRG_COM_TIM14_IRQHandler
                0x08001944                TIM1_UP_TIM10_IRQHandler
                0x08001944                TIM8_UP_TIM13_IRQHandler
                0x08001944                I2C3_ER_IRQHandler
                0x08001944                EXTI0_IRQHandler
                0x08001944                I2C2_EV_IRQHandler
                0x08001944                DMA1_Stream2_IRQHandler
                0x08001944                CAN1_RX0_IRQHandler
                0x08001944                FPU_IRQHandler
                0x08001944                OTG_HS_WKUP_IRQHandler
                0x08001944                CAN2_SCE_IRQHandler
                0x08001944                DMA2_Stream2_IRQHandler
                0x08001944                SPI1_IRQHandler
                0x08001944                TIM6_DAC_IRQHandler
                0x08001944                TIM1_BRK_TIM9_IRQHandler
                0x08001944                DCMI_IRQHandler
                0x08001944                CAN2_RX0_IRQHandler
                0x08001944                DMA2_Stream3_IRQHandler
                0x08001944                SAI2_IRQHandler
                0x08001944                USART6_IRQHandler
                0x08001944                USART3_IRQHandler
                0x08001944                CAN1_RX1_IRQHandler
                0x08001944                UART5_IRQHandler
                0x08001944                DMA2_Stream0_IRQHandler
                0x08001944                TIM4_IRQHandler
                0x08001944                QUADSPI_IRQHandler
                0x08001944                I2C1_EV_IRQHandler
                0x08001944                DMA1_Stream6_IRQHandler
                0x08001944                DMA1_Stream1_IRQHandler
                0x08001944                UART4_IRQHandler
                0x08001944                TIM3_IRQHandler
                0x08001944                RCC_IRQHandler
                0x08001944                TIM8_BRK_TIM12_IRQHandler
                0x08001944                Default_Handler
                0x08001944                CEC_IRQHandler
                0x08001944                EXTI15_10_IRQHandler
                0x08001944                ADC_IRQHandler
                0x08001944                DMA1_Stream7_IRQHandler
                0x08001944                TIM7_IRQHandler
                0x08001944                CAN2_TX_IRQHandler
                0x08001944                TIM5_IRQHandler
                0x08001944                DMA2_Stream7_IRQHandler
                0x08001944                I2C3_EV_IRQHandler
                0x08001944                EXTI9_5_IRQHandler
                0x08001944                RTC_WKUP_IRQHandler
                0x08001944                SPDIF_RX_IRQHandler
                0x08001944                SPI2_IRQHandler
                0x08001944                OTG_HS_EP1_IN_IRQHandler
                0x08001944                DMA1_Stream0_IRQHandler
                0x08001944                CAN1_TX_IRQHandler
                0x08001944                FMPI2C1_ER_IRQHandler
                0x08001944                EXTI4_IRQHandler
                0x08001944                OTG_HS_EP1_OUT_IRQHandler
                0x08001944                WWDG_IRQHandler
                0x08001944                TIM2_IRQHandler
                0x08001944                OTG_FS_WKUP_IRQHandler
                0x08001944                TIM1_TRG_COM_TIM11_IRQHandler
                0x08001944                OTG_HS_IRQHandler
                0x08001944                EXTI1_IRQHandler
                0x08001944                USART2_IRQHandler
                0x08001944                I2C2_ER_IRQHandler
                0x08001944                DMA2_Stream1_IRQHandler
                0x08001944                CAN1_SCE_IRQHandler
                0x08001944                FLASH_IRQHandler
                0x08001944                DMA2_Stream4_IRQHandler
                0x08001944                USART1_IRQHandler
                0x08001944                OTG_FS_IRQHandler
                0x08001944                SPI3_IRQHandler
                0x08001944                DMA1_Stream4_IRQHandler
                0x08001944                I2C1_ER_IRQHandler
                0x08001944                FMC_IRQHandler
                0x08001944                DMA2_Stream6_IRQHandler
                0x08001944                SAI1_IRQHandler
                0x08001944                DMA1_Stream3_IRQHandler
 *fill*         0x08001946        0x2 
 .text.__libc_init_array
                0x08001948       0x48 c:/ac6/systemworkbench/plugins/fr.ac6.mcu.externaltools.arm-none.win32_1.17.0.201812190825/tools/compiler/bin/../lib/gcc/arm-none-eabi/7.3.1/../../../../arm-none-eabi/lib/thumb/v7e-m/fpv4-sp/hard\libc_nano.a(lib_a-init.o)
                0x08001948                __libc_init_array
 .text.memset   0x08001990       0x10 c:/ac6/systemworkbench/plugins/fr.ac6.mcu.externaltools.arm-none.win32_1.17.0.201812190825/tools/compiler/bin/../lib/gcc/arm-none-eabi/7.3.1/../../../../arm-none-eabi/lib/thumb/v7e-m/fpv4-sp/hard\libc_nano.a(lib_a-memset.o)
                0x08001990                memset
 *(.glue_7)
 .glue_7        0x080019a0        0x0 linker stubs
 *(.glue_7t)
 .glue_7t       0x080019a0        0x0 linker stubs
 *(.eh_frame)
 .eh_frame      0x080019a0        0x0 c:/ac6/systemworkbench/plugins/fr.ac6.mcu.externaltools.arm-none.win32_1.17.0.201812190825/tools/compiler/bin/../lib/gcc/arm-none-eabi/7.3.1/thumb/v7e-m/fpv4-sp/hard/crtbegin.o
 *(.init)
 .init          0x080019a0        0x4 c:/ac6/systemworkbench/plugins/fr.ac6.mcu.externaltools.arm-none.win32_1.17.0.201812190825/tools/compiler/bin/../lib/gcc/arm-none-eabi/7.3.1/thumb/v7e-m/fpv4-sp/hard/crti.o
                0x080019a0                _init
 .init          0x080019a4        0x8 c:/ac6/systemworkbench/plugins/fr.ac6.mcu.externaltools.arm-none.win32_1.17.0.201812190825/tools/compiler/bin/../lib/gcc/arm-none-eabi/7.3.1/thumb/v7e-m/fpv4-sp/hard/crtn.o
 *(.fini)
 .fini          0x080019ac        0x4 c:/ac6/systemworkbench/plugins/fr.ac6.mcu.externaltools.arm-none.win32_1.17.0.201812190825/tools/compiler/bin/../lib/gcc/arm-none-eabi/7.3.1/thumb/v7e-m/fpv4-sp/hard/crti.o
                0x080019ac                _fini
 .fini          0x080019b0        0x8 c:/ac6/systemworkbench/plugins/fr.ac6.mcu.externaltools.arm-none.win32_1.17.0.201812190825/tools/compiler/bin/../lib/gcc/arm-none-eabi/7.3.1/thumb/v7e-m/fpv4-sp/hard/crtn.o
                0x080019b8                . = ALIGN (0x4)
                0x080019b8                _etext = .

.vfp11_veneer   0x080019b8        0x0
 .vfp11_veneer  0x080019b8        0x0 linker stubs

.v4_bx          0x080019b8        0x0
 .v4_bx         0x080019b8        0x0 linker stubs

.iplt           0x080019b8        0x0
 .iplt          0x080019b8        0x0 c:/ac6/systemworkbench/plugins/fr.ac6.mcu.externaltools.arm-none.win32_1.17.0.201812190825/tools/compiler/bin/../lib/gcc/arm-none-eabi/7.3.1/thumb/v7e-m/fpv4-sp/hard/crtbegin.o

.rodata         0x080019b8       0x24
                0x080019b8                . = ALIGN (0x4)
 *(.rodata)
 .rodata        0x080019b8       0x18 Core/Src/system_stm32f4xx.o
                0x080019b8                AHBPrescTable
                0x080019c8                APBPrescTable
 *(.rodata*)
 .rodata.str1.4
                0x080019d0        0xc Core/Src/main.o
                                  0xb (size before relaxing)
                0x080019dc                . = ALIGN (0x4)

.ARM.extab
 *(.ARM.extab* .gnu.linkonce.armextab.*)

.ARM            0x080019dc        0x8
                0x080019dc                __exidx_start = .
 *(.ARM.exidx*)
 .ARM.exidx     0x080019dc        0x8 c:/ac6/systemworkbench/plugins/fr.ac6.mcu.externaltools.arm-none.win32_1.17.0.201812190825/tools/compiler/bin/../lib/gcc/arm-none-eabi/7.3.1/thumb/v7e-m/fpv4-sp/hard\libgcc.a(_udivmoddi4.o)
                0x080019e4                __exidx_end = .

.rel.dyn        0x080019e4        0x0
 .rel.iplt      0x080019e4        0x0 c:/ac6/systemworkbench/plugins/fr.ac6.mcu.externaltools.arm-none.win32_1.17.0.201812190825/tools/compiler/bin/../lib/gcc/arm-none-eabi/7.3.1/thumb/v7e-m/fpv4-sp/hard/crtbegin.o

.preinit_array  0x080019e4        0x0
                0x080019e4                PROVIDE (__preinit_array_start = .)
 *(.preinit_array*)
                0x080019e4                PROVIDE (__preinit_array_end = .)

.init_array     0x080019e4        0x4
                0x080019e4                PROVIDE (__init_array_start = .)
 *(SORT_BY_NAME(.init_array.*))
 *(.init_array*)
 .init_array    0x080019e4        0x4 c:/ac6/systemworkbench/plugins/fr.ac6.mcu.externaltools.arm-none.win32_1.17.0.201812190825/tools/compiler/bin/../lib/gcc/arm-none-eabi/7.3.1/thumb/v7e-m/fpv4-sp/hard/crtbegin.o
                0x080019e8                PROVIDE (__init_array_end = .)

.fini_array     0x080019e8        0x4
                [!provide]                PROVIDE (__fini_array_start = .)
 *(SORT_BY_NAME(.fini_array.*))
 *(.fini_array*)
 .fini_array    0x080019e8        0x4 c:/ac6/systemworkbench/plugins/fr.ac6.mcu.externaltools.arm-none.win32_1.17.0.201812190825/tools/compiler/bin/../lib/gcc/arm-none-eabi/7.3.1/thumb/v7e-m/fpv4-sp/hard/crtbegin.o
                [!provide]                PROVIDE (__fini_array_end = .)
                0x080019ec                _sidata = LOADADDR (.data)

.data           0x20000000        0xc load address 0x080019ec
                0x20000000                . = ALIGN (0x4)
                0x20000000                _sdata = .
 *(.data)
 .data          0x20000000        0x4 Core/Src/system_stm32f4xx.o
                0x20000000                SystemCoreClock
 .data          0x20000004        0x8 Drivers/STM32F4xx_HAL_Driver/Src/stm32f4xx_hal.o
                0x20000004                uwTickFreq
                0x20000008                uwTickPrio
 *(.data*)
                0x2000000c                . = ALIGN (0x4)
                0x2000000c                _edata = .

.igot.plt       0x2000000c        0x0 load address 0x080019f8
 .igot.plt      0x2000000c        0x0 c:/ac6/systemworkbench/plugins/fr.ac6.mcu.externaltools.arm-none.win32_1.17.0.201812190825/tools/compiler/bin/../lib/gcc/arm-none-eabi/7.3.1/thumb/v7e-m/fpv4-sp/hard/crtbegin.o
                0x2000000c                . = ALIGN (0x4)

.bss            0x2000000c       0x74 load address 0x080019f8
                0x2000000c                _sbss = .
                0x2000000c                __bss_start__ = _sbss
 *(.bss)
 .bss           0x2000000c       0x1c c:/ac6/systemworkbench/plugins/fr.ac6.mcu.externaltools.arm-none.win32_1.17.0.201812190825/tools/compiler/bin/../lib/gcc/arm-none-eabi/7.3.1/thumb/v7e-m/fpv4-sp/hard/crtbegin.o
 *(.bss*)
 *(COMMON)
 COMMON         0x20000028       0x54 Core/Src/main.o
                0x20000028                hi2c1
 COMMON         0x2000007c        0x4 Drivers/STM32F4xx_HAL_Driver/Src/stm32f4xx_hal.o
                0x2000007c                uwTick
                0x20000080                . = ALIGN (0x4)
                0x20000080                _ebss = .
                0x20000080                __bss_end__ = _ebss

._user_heap_stack
                0x20000080      0x600 load address 0x080019f8
                0x20000080                . = ALIGN (0x8)
                0x20000080                PROVIDE (end = .)
                [!provide]                PROVIDE (_end = .)
                0x20000280                . = (. + _Min_Heap_Size)
 *fill*         0x20000080      0x200 
                0x20000680                . = (. + _Min_Stack_Size)
 *fill*         0x20000280      0x400 
                0x20000680                . = ALIGN (0x8)

/DISCARD/
 libc.a(*)
 libm.a(*)
 libgcc.a(*)

.ARM.attributes
                0x00000000       0x30
 *(.ARM.attributes)
 .ARM.attributes
                0x00000000       0x22 c:/ac6/systemworkbench/plugins/fr.ac6.mcu.externaltools.arm-none.win32_1.17.0.201812190825/tools/compiler/bin/../lib/gcc/arm-none-eabi/7.3.1/thumb/v7e-m/fpv4-sp/hard/crti.o
 .ARM.attributes
                0x00000022       0x34 c:/ac6/systemworkbench/plugins/fr.ac6.mcu.externaltools.arm-none.win32_1.17.0.201812190825/tools/compiler/bin/../lib/gcc/arm-none-eabi/7.3.1/thumb/v7e-m/fpv4-sp/hard/crtbegin.o
 .ARM.attributes
                0x00000056       0x39 Core/Src/lcd_i2c.o
 .ARM.attributes
                0x0000008f       0x39 Core/Src/main.o
 .ARM.attributes
                0x000000c8       0x39 Core/Src/stm32f4xx_hal_msp.o
 .ARM.attributes
                0x00000101       0x39 Core/Src/stm32f4xx_it.o
 .ARM.attributes
                0x0000013a       0x39 Core/Src/system_stm32f4xx.o
 .ARM.attributes
                0x00000173       0x39 Drivers/STM32F4xx_HAL_Driver/Src/stm32f4xx_hal.o
 .ARM.attributes
                0x000001ac       0x39 Drivers/STM32F4xx_HAL_Driver/Src/stm32f4xx_hal_cortex.o
 .ARM.attributes
                0x000001e5       0x39 Drivers/STM32F4xx_HAL_Driver/Src/stm32f4xx_hal_gpio.o
 .ARM.attributes
                0x0000021e       0x39 Drivers/STM32F4xx_HAL_Driver/Src/stm32f4xx_hal_i2c.o
 .ARM.attributes
                0x00000257       0x39 Drivers/STM32F4xx_HAL_Driver/Src/stm32f4xx_hal_rcc.o
 .ARM.attributes
                0x00000290       0x39 Drivers/STM32F4xx_HAL_Driver/Src/stm32f4xx_hal_rcc_ex.o
 .ARM.attributes
                0x000002c9       0x21 startup/startup_stm32f446xx.o
 .ARM.attributes
                0x000002ea       0x22 c:/ac6/systemworkbench/plugins/fr.ac6.mcu.externaltools.arm-none.win32_1.17.0.201812190825/tools/compiler/bin/../lib/gcc/arm-none-eabi/7.3.1/thumb/v7e-m/fpv4-sp/hard\libgcc.a(_aeabi_uldivmod.o)
 .ARM.attributes
                0x0000030c       0x34 c:/ac6/systemworkbench/plugins/fr.ac6.mcu.externaltools.arm-none.win32_1.17.0.201812190825/tools/compiler/bin/../lib/gcc/arm-none-eabi/7.3.1/thumb/v7e-m/fpv4-sp/hard\libgcc.a(_udivmoddi4.o)
 .ARM.attributes
                0x00000340       0x22 c:/ac6/systemworkbench/plugins/fr.ac6.mcu.externaltools.arm-none.win32_1.17.0.201812190825/tools/compiler/bin/../lib/gcc/arm-none-eabi/7.3.1/thumb/v7e-m/fpv4-sp/hard\libgcc.a(_dvmd_tls.o)
 .ARM.attributes
                0x00000362       0x34 c:/ac6/systemworkbench/plugins/fr.ac6.mcu.externaltools.arm-none.win32_1.17.0.201812190825/tools/compiler/bin/../lib/gcc/arm-none-eabi/7.3.1/../../../../arm-none-eabi/lib/thumb/v7e-m/fpv4-sp/hard\libc_nano.a(lib_a-init.o)
 .ARM.attributes
                0x00000396       0x34 c:/ac6/systemworkbench/plugins/fr.ac6.mcu.externaltools.arm-none.win32_1.17.0.201812190825/tools/compiler/bin/../lib/gcc/arm-none-eabi/7.3.1/../../../../arm-none-eabi/lib/thumb/v7e-m/fpv4-sp/hard\libc_nano.a(lib_a-memset.o)
 .ARM.attributes
                0x000003ca       0x22 c:/ac6/systemworkbench/plugins/fr.ac6.mcu.externaltools.arm-none.win32_1.17.0.201812190825/tools/compiler/bin/../lib/gcc/arm-none-eabi/7.3.1/thumb/v7e-m/fpv4-sp/hard/crtn.o
OUTPUT(MeowCat.elf elf32-littlearm)

.debug_info     0x00000000     0x9be3
 .debug_info    0x00000000      0x9ce Core/Src/lcd_i2c.o
 .debug_info    0x000009ce      0xd83 Core/Src/main.o
 .debug_info    0x00001751      0xaaa Core/Src/stm32f4xx_hal_msp.o
 .debug_info    0x000021fb      0x72f Core/Src/stm32f4xx_it.o
 .debug_info    0x0000292a      0x58d Core/Src/system_stm32f4xx.o
 .debug_info    0x00002eb7      0xa43 Drivers/STM32F4xx_HAL_Driver/Src/stm32f4xx_hal.o
 .debug_info    0x000038fa      0xfaa Drivers/STM32F4xx_HAL_Driver/Src/stm32f4xx_hal_cortex.o
 .debug_info    0x000048a4      0x81e Drivers/STM32F4xx_HAL_Driver/Src/stm32f4xx_hal_gpio.o
 .debug_info    0x000050c2     0x33e7 Drivers/STM32F4xx_HAL_Driver/Src/stm32f4xx_hal_i2c.o
 .debug_info    0x000084a9      0xad4 Drivers/STM32F4xx_HAL_Driver/Src/stm32f4xx_hal_rcc.o
 .debug_info    0x00008f7d      0xc44 Drivers/STM32F4xx_HAL_Driver/Src/stm32f4xx_hal_rcc_ex.o
 .debug_info    0x00009bc1       0x22 startup/startup_stm32f446xx.o

.debug_abbrev   0x00000000     0x166a
 .debug_abbrev  0x00000000      0x1da Core/Src/lcd_i2c.o
 .debug_abbrev  0x000001da      0x223 Core/Src/main.o
 .debug_abbrev  0x000003fd      0x1c2 Core/Src/stm32f4xx_hal_msp.o
 .debug_abbrev  0x000005bf      0x178 Core/Src/stm32f4xx_it.o
 .debug_abbrev  0x00000737      0x12b Core/Src/system_stm32f4xx.o
 .debug_abbrev  0x00000862      0x1ed Drivers/STM32F4xx_HAL_Driver/Src/stm32f4xx_hal.o
 .debug_abbrev  0x00000a4f      0x328 Drivers/STM32F4xx_HAL_Driver/Src/stm32f4xx_hal_cortex.o
 .debug_abbrev  0x00000d77      0x1e7 Drivers/STM32F4xx_HAL_Driver/Src/stm32f4xx_hal_gpio.o
 .debug_abbrev  0x00000f5e      0x275 Drivers/STM32F4xx_HAL_Driver/Src/stm32f4xx_hal_i2c.o
 .debug_abbrev  0x000011d3      0x273 Drivers/STM32F4xx_HAL_Driver/Src/stm32f4xx_hal_rcc.o
 .debug_abbrev  0x00001446      0x212 Drivers/STM32F4xx_HAL_Driver/Src/stm32f4xx_hal_rcc_ex.o
 .debug_abbrev  0x00001658       0x12 startup/startup_stm32f446xx.o

.debug_loc      0x00000000     0x56d2
 .debug_loc     0x00000000      0x115 Core/Src/lcd_i2c.o
 .debug_loc     0x00000115       0x5b Core/Src/stm32f4xx_hal_msp.o
 .debug_loc     0x00000170      0x13e Core/Src/system_stm32f4xx.o
 .debug_loc     0x000002ae      0x11b Drivers/STM32F4xx_HAL_Driver/Src/stm32f4xx_hal.o
 .debug_loc     0x000003c9      0x5ce Drivers/STM32F4xx_HAL_Driver/Src/stm32f4xx_hal_cortex.o
 .debug_loc     0x00000997      0x475 Drivers/STM32F4xx_HAL_Driver/Src/stm32f4xx_hal_gpio.o
 .debug_loc     0x00000e0c     0x3952 Drivers/STM32F4xx_HAL_Driver/Src/stm32f4xx_hal_i2c.o
 .debug_loc     0x0000475e      0x40f Drivers/STM32F4xx_HAL_Driver/Src/stm32f4xx_hal_rcc.o
 .debug_loc     0x00004b6d      0xb65 Drivers/STM32F4xx_HAL_Driver/Src/stm32f4xx_hal_rcc_ex.o

.debug_aranges  0x00000000      0x6f8
 .debug_aranges
                0x00000000       0x48 Core/Src/lcd_i2c.o
 .debug_aranges
                0x00000048       0x40 Core/Src/main.o
 .debug_aranges
                0x00000088       0x30 Core/Src/stm32f4xx_hal_msp.o
 .debug_aranges
                0x000000b8       0x60 Core/Src/stm32f4xx_it.o
 .debug_aranges
                0x00000118       0x28 Core/Src/system_stm32f4xx.o
 .debug_aranges
                0x00000140       0xf0 Drivers/STM32F4xx_HAL_Driver/Src/stm32f4xx_hal.o
 .debug_aranges
                0x00000230       0xa8 Drivers/STM32F4xx_HAL_Driver/Src/stm32f4xx_hal_cortex.o
 .debug_aranges
                0x000002d8       0x58 Drivers/STM32F4xx_HAL_Driver/Src/stm32f4xx_hal_gpio.o
 .debug_aranges
                0x00000330      0x2a0 Drivers/STM32F4xx_HAL_Driver/Src/stm32f4xx_hal_i2c.o
 .debug_aranges
                0x000005d0       0x88 Drivers/STM32F4xx_HAL_Driver/Src/stm32f4xx_hal_rcc.o
 .debug_aranges
                0x00000658       0x78 Drivers/STM32F4xx_HAL_Driver/Src/stm32f4xx_hal_rcc_ex.o
 .debug_aranges
                0x000006d0       0x28 startup/startup_stm32f446xx.o

.debug_ranges   0x00000000      0x6f0
 .debug_ranges  0x00000000       0x38 Core/Src/lcd_i2c.o
 .debug_ranges  0x00000038       0x30 Core/Src/main.o
 .debug_ranges  0x00000068       0x20 Core/Src/stm32f4xx_hal_msp.o
 .debug_ranges  0x00000088       0x50 Core/Src/stm32f4xx_it.o
 .debug_ranges  0x000000d8       0x18 Core/Src/system_stm32f4xx.o
 .debug_ranges  0x000000f0       0xe0 Drivers/STM32F4xx_HAL_Driver/Src/stm32f4xx_hal.o
 .debug_ranges  0x000001d0       0xf8 Drivers/STM32F4xx_HAL_Driver/Src/stm32f4xx_hal_cortex.o
 .debug_ranges  0x000002c8       0x48 Drivers/STM32F4xx_HAL_Driver/Src/stm32f4xx_hal_gpio.o
 .debug_ranges  0x00000310      0x2b0 Drivers/STM32F4xx_HAL_Driver/Src/stm32f4xx_hal_i2c.o
 .debug_ranges  0x000005c0       0x90 Drivers/STM32F4xx_HAL_Driver/Src/stm32f4xx_hal_rcc.o
 .debug_ranges  0x00000650       0x80 Drivers/STM32F4xx_HAL_Driver/Src/stm32f4xx_hal_rcc_ex.o
 .debug_ranges  0x000006d0       0x20 startup/startup_stm32f446xx.o

.debug_macro    0x00000000    0x202ed
 .debug_macro   0x00000000      0x1d3 Core/Src/lcd_i2c.o
 .debug_macro   0x000001d3      0xa54 Core/Src/lcd_i2c.o
 .debug_macro   0x00000c27      0x295 Core/Src/lcd_i2c.o
 .debug_macro   0x00000ebc       0x2e Core/Src/lcd_i2c.o
 .debug_macro   0x00000eea       0x28 Core/Src/lcd_i2c.o
 .debug_macro   0x00000f12       0x22 Core/Src/lcd_i2c.o
 .debug_macro   0x00000f34       0x8e Core/Src/lcd_i2c.o
 .debug_macro   0x00000fc2       0x51 Core/Src/lcd_i2c.o
 .debug_macro   0x00001013       0xef Core/Src/lcd_i2c.o
 .debug_macro   0x00001102       0x6a Core/Src/lcd_i2c.o
 .debug_macro   0x0000116c      0x1df Core/Src/lcd_i2c.o
 .debug_macro   0x0000134b       0x1c Core/Src/lcd_i2c.o
 .debug_macro   0x00001367       0x22 Core/Src/lcd_i2c.o
 .debug_macro   0x00001389       0xdf Core/Src/lcd_i2c.o
 .debug_macro   0x00001468     0x102d Core/Src/lcd_i2c.o
 .debug_macro   0x00002495      0x11f Core/Src/lcd_i2c.o
 .debug_macro   0x000025b4    0x1672d Core/Src/lcd_i2c.o
 .debug_macro   0x00018ce1       0x43 Core/Src/lcd_i2c.o
 .debug_macro   0x00018d24     0x3659 Core/Src/lcd_i2c.o
 .debug_macro   0x0001c37d      0x174 Core/Src/lcd_i2c.o
 .debug_macro   0x0001c4f1       0x5c Core/Src/lcd_i2c.o
 .debug_macro   0x0001c54d      0xc90 Core/Src/lcd_i2c.o
 .debug_macro   0x0001d1dd      0x9fe Core/Src/lcd_i2c.o
 .debug_macro   0x0001dbdb      0x117 Core/Src/lcd_i2c.o
 .debug_macro   0x0001dcf2      0x1a0 Core/Src/lcd_i2c.o
 .debug_macro   0x0001de92       0x82 Core/Src/lcd_i2c.o
 .debug_macro   0x0001df14      0x16d Core/Src/lcd_i2c.o
 .debug_macro   0x0001e081      0x287 Core/Src/lcd_i2c.o
 .debug_macro   0x0001e308       0x5f Core/Src/lcd_i2c.o
 .debug_macro   0x0001e367      0x236 Core/Src/lcd_i2c.o
 .debug_macro   0x0001e59d      0x132 Core/Src/lcd_i2c.o
 .debug_macro   0x0001e6cf      0x29c Core/Src/lcd_i2c.o
 .debug_macro   0x0001e96b       0x2e Core/Src/lcd_i2c.o
 .debug_macro   0x0001e999      0x1b5 Core/Src/lcd_i2c.o
 .debug_macro   0x0001eb4e       0x22 Core/Src/lcd_i2c.o
 .debug_macro   0x0001eb70       0xd6 Core/Src/lcd_i2c.o
 .debug_macro   0x0001ec46      0x11a Core/Src/lcd_i2c.o
 .debug_macro   0x0001ed60       0xe8 Core/Src/lcd_i2c.o
 .debug_macro   0x0001ee48       0x89 Core/Src/lcd_i2c.o
 .debug_macro   0x0001eed1      0x126 Core/Src/lcd_i2c.o
 .debug_macro   0x0001eff7      0x1dc Core/Src/main.o
 .debug_macro   0x0001f1d3       0x10 Core/Src/main.o
 .debug_macro   0x0001f1e3      0x1d8 Core/Src/stm32f4xx_hal_msp.o
 .debug_macro   0x0001f3bb      0x1e2 Core/Src/stm32f4xx_it.o
 .debug_macro   0x0001f59d      0x1c9 Core/Src/system_stm32f4xx.o
 .debug_macro   0x0001f766      0x229 Drivers/STM32F4xx_HAL_Driver/Src/stm32f4xx_hal.o
 .debug_macro   0x0001f98f      0x1c9 Drivers/STM32F4xx_HAL_Driver/Src/stm32f4xx_hal_cortex.o
 .debug_macro   0x0001fb58      0x1cf Drivers/STM32F4xx_HAL_Driver/Src/stm32f4xx_hal_gpio.o
 .debug_macro   0x0001fd27      0x210 Drivers/STM32F4xx_HAL_Driver/Src/stm32f4xx_hal_i2c.o
 .debug_macro   0x0001ff37      0x1ed Drivers/STM32F4xx_HAL_Driver/Src/stm32f4xx_hal_rcc.o
 .debug_macro   0x00020124      0x1c9 Drivers/STM32F4xx_HAL_Driver/Src/stm32f4xx_hal_rcc_ex.o

.debug_line     0x00000000     0x7175
 .debug_line    0x00000000      0x777 Core/Src/lcd_i2c.o
 .debug_line    0x00000777      0x768 Core/Src/main.o
 .debug_line    0x00000edf      0x71b Core/Src/stm32f4xx_hal_msp.o
 .debug_line    0x000015fa      0x772 Core/Src/stm32f4xx_it.o
 .debug_line    0x00001d6c      0x707 Core/Src/system_stm32f4xx.o
 .debug_line    0x00002473      0x8e5 Drivers/STM32F4xx_HAL_Driver/Src/stm32f4xx_hal.o
 .debug_line    0x00002d58      0x937 Drivers/STM32F4xx_HAL_Driver/Src/stm32f4xx_hal_cortex.o
 .debug_line    0x0000368f      0x859 Drivers/STM32F4xx_HAL_Driver/Src/stm32f4xx_hal_gpio.o
 .debug_line    0x00003ee8     0x1d29 Drivers/STM32F4xx_HAL_Driver/Src/stm32f4xx_hal_i2c.o
 .debug_line    0x00005c11      0x98a Drivers/STM32F4xx_HAL_Driver/Src/stm32f4xx_hal_rcc.o
 .debug_line    0x0000659b      0xb59 Drivers/STM32F4xx_HAL_Driver/Src/stm32f4xx_hal_rcc_ex.o
 .debug_line    0x000070f4       0x81 startup/startup_stm32f446xx.o

.debug_str      0x00000000    0xc3d54
 .debug_str     0x00000000    0xc17fe Core/Src/lcd_i2c.o
                              0xc1ad6 (size before relaxing)
 .debug_str     0x000c17fe      0x3e0 Core/Src/main.o
                              0xc1e3f (size before relaxing)
 .debug_str     0x000c1bde       0x80 Core/Src/stm32f4xx_hal_msp.o
                              0xc1c72 (size before relaxing)
 .debug_str     0x000c1c5e       0xc9 Core/Src/stm32f4xx_it.o
                              0xc1b1d (size before relaxing)
 .debug_str     0x000c1d27       0xaf Core/Src/system_stm32f4xx.o
                              0xc1709 (size before relaxing)
 .debug_str     0x000c1dd6      0xa98 Drivers/STM32F4xx_HAL_Driver/Src/stm32f4xx_hal.o
                              0xc2271 (size before relaxing)
 .debug_str     0x000c286e      0x354 Drivers/STM32F4xx_HAL_Driver/Src/stm32f4xx_hal_cortex.o
                              0xc1ff6 (size before relaxing)
 .debug_str     0x000c2bc2      0x12f Drivers/STM32F4xx_HAL_Driver/Src/stm32f4xx_hal_gpio.o
                              0xc18b0 (size before relaxing)
 .debug_str     0x000c2cf1      0xafd Drivers/STM32F4xx_HAL_Driver/Src/stm32f4xx_hal_i2c.o
                              0xc26d0 (size before relaxing)
 .debug_str     0x000c37ee      0x213 Drivers/STM32F4xx_HAL_Driver/Src/stm32f4xx_hal_rcc.o
                              0xc1b37 (size before relaxing)
 .debug_str     0x000c3a01      0x324 Drivers/STM32F4xx_HAL_Driver/Src/stm32f4xx_hal_rcc_ex.o
                              0xc1b86 (size before relaxing)
 .debug_str     0x000c3d25       0x2f startup/startup_stm32f446xx.o
                                 0x6a (size before relaxing)

.comment        0x00000000       0x7f
 .comment       0x00000000       0x7f Core/Src/lcd_i2c.o
                                 0x80 (size before relaxing)
 .comment       0x0000007f       0x80 Core/Src/main.o
 .comment       0x0000007f       0x80 Core/Src/stm32f4xx_hal_msp.o
 .comment       0x0000007f       0x80 Core/Src/stm32f4xx_it.o
 .comment       0x0000007f       0x80 Core/Src/system_stm32f4xx.o
 .comment       0x0000007f       0x80 Drivers/STM32F4xx_HAL_Driver/Src/stm32f4xx_hal.o
 .comment       0x0000007f       0x80 Drivers/STM32F4xx_HAL_Driver/Src/stm32f4xx_hal_cortex.o
 .comment       0x0000007f       0x80 Drivers/STM32F4xx_HAL_Driver/Src/stm32f4xx_hal_gpio.o
 .comment       0x0000007f       0x80 Drivers/STM32F4xx_HAL_Driver/Src/stm32f4xx_hal_i2c.o
 .comment       0x0000007f       0x80 Drivers/STM32F4xx_HAL_Driver/Src/stm32f4xx_hal_rcc.o
 .comment       0x0000007f       0x80 Drivers/STM32F4xx_HAL_Driver/Src/stm32f4xx_hal_rcc_ex.o

.debug_frame    0x00000000     0x1368
 .debug_frame   0x00000000       0xa8 Core/Src/lcd_i2c.o
 .debug_frame   0x000000a8       0x90 Core/Src/main.o
 .debug_frame   0x00000138       0x68 Core/Src/stm32f4xx_hal_msp.o
 .debug_frame   0x000001a0       0xa8 Core/Src/stm32f4xx_it.o
 .debug_frame   0x00000248       0x30 Core/Src/system_stm32f4xx.o
 .debug_frame   0x00000278      0x1ec Drivers/STM32F4xx_HAL_Driver/Src/stm32f4xx_hal.o
 .debug_frame   0x00000464      0x15c Drivers/STM32F4xx_HAL_Driver/Src/stm32f4xx_hal_cortex.o
 .debug_frame   0x000005c0       0xd8 Drivers/STM32F4xx_HAL_Driver/Src/stm32f4xx_hal_gpio.o
 .debug_frame   0x00000698      0x948 Drivers/STM32F4xx_HAL_Driver/Src/stm32f4xx_hal_i2c.o
 .debug_frame   0x00000fe0      0x184 Drivers/STM32F4xx_HAL_Driver/Src/stm32f4xx_hal_rcc.o
 .debug_frame   0x00001164      0x158 Drivers/STM32F4xx_HAL_Driver/Src/stm32f4xx_hal_rcc_ex.o
 .debug_frame   0x000012bc       0x2c c:/ac6/systemworkbench/plugins/fr.ac6.mcu.externaltools.arm-none.win32_1.17.0.201812190825/tools/compiler/bin/../lib/gcc/arm-none-eabi/7.3.1/thumb/v7e-m/fpv4-sp/hard\libgcc.a(_aeabi_uldivmod.o)
 .debug_frame   0x000012e8       0x34 c:/ac6/systemworkbench/plugins/fr.ac6.mcu.externaltools.arm-none.win32_1.17.0.201812190825/tools/compiler/bin/../lib/gcc/arm-none-eabi/7.3.1/thumb/v7e-m/fpv4-sp/hard\libgcc.a(_udivmoddi4.o)
 .debug_frame   0x0000131c       0x2c c:/ac6/systemworkbench/plugins/fr.ac6.mcu.externaltools.arm-none.win32_1.17.0.201812190825/tools/compiler/bin/../lib/gcc/arm-none-eabi/7.3.1/../../../../arm-none-eabi/lib/thumb/v7e-m/fpv4-sp/hard\libc_nano.a(lib_a-init.o)
 .debug_frame   0x00001348       0x20 c:/ac6/systemworkbench/plugins/fr.ac6.mcu.externaltools.arm-none.win32_1.17.0.201812190825/tools/compiler/bin/../lib/gcc/arm-none-eabi/7.3.1/../../../../arm-none-eabi/lib/thumb/v7e-m/fpv4-sp/hard\libc_nano.a(lib_a-memset.o)
