Archive member included to satisfy reference by file (symbol)

c:/ac6/systemworkbench/plugins/fr.ac6.mcu.externaltools.arm-none.win32_1.17.0.201812190825/tools/compiler/bin/../lib/gcc/arm-none-eabi/7.3.1/thumb/v7e-m/fpv4-sp/hard\libgcc.a(_aeabi_uldivmod.o)
                              Drivers/STM32F4xx_HAL_Driver/Src/stm32f4xx_hal_rcc.o (__aeabi_uldivmod)
c:/ac6/systemworkbench/plugins/fr.ac6.mcu.externaltools.arm-none.win32_1.17.0.201812190825/tools/compiler/bin/../lib/gcc/arm-none-eabi/7.3.1/thumb/v7e-m/fpv4-sp/hard\libgcc.a(_udivmoddi4.o)
                              c:/ac6/systemworkbench/plugins/fr.ac6.mcu.externaltools.arm-none.win32_1.17.0.201812190825/tools/compiler/bin/../lib/gcc/arm-none-eabi/7.3.1/thumb/v7e-m/fpv4-sp/hard\libgcc.a(_aeabi_uldivmod.o) (__udivmoddi4)
c:/ac6/systemworkbench/plugins/fr.ac6.mcu.externaltools.arm-none.win32_1.17.0.201812190825/tools/compiler/bin/../lib/gcc/arm-none-eabi/7.3.1/thumb/v7e-m/fpv4-sp/hard\libgcc.a(_dvmd_tls.o)
                              c:/ac6/systemworkbench/plugins/fr.ac6.mcu.externaltools.arm-none.win32_1.17.0.201812190825/tools/compiler/bin/../lib/gcc/arm-none-eabi/7.3.1/thumb/v7e-m/fpv4-sp/hard\libgcc.a(_aeabi_uldivmod.o) (__aeabi_ldiv0)
c:/ac6/systemworkbench/plugins/fr.ac6.mcu.externaltools.arm-none.win32_1.17.0.201812190825/tools/compiler/bin/../lib/gcc/arm-none-eabi/7.3.1/../../../../arm-none-eabi/lib/thumb/v7e-m/fpv4-sp/hard\libc_nano.a(lib_a-errno.o)
                              Core/Src/syscalls.o (__errno)
c:/ac6/systemworkbench/plugins/fr.ac6.mcu.externaltools.arm-none.win32_1.17.0.201812190825/tools/compiler/bin/../lib/gcc/arm-none-eabi/7.3.1/../../../../arm-none-eabi/lib/thumb/v7e-m/fpv4-sp/hard\libc_nano.a(lib_a-exit.o)
                              c:/ac6/systemworkbench/plugins/fr.ac6.mcu.externaltools.arm-none.win32_1.17.0.201812190825/tools/compiler/bin/../lib/gcc/arm-none-eabi/7.3.1/../../../../arm-none-eabi/lib/thumb/v7e-m/fpv4-sp/hard/crt0.o (exit)
c:/ac6/systemworkbench/plugins/fr.ac6.mcu.externaltools.arm-none.win32_1.17.0.201812190825/tools/compiler/bin/../lib/gcc/arm-none-eabi/7.3.1/../../../../arm-none-eabi/lib/thumb/v7e-m/fpv4-sp/hard\libc_nano.a(lib_a-impure.o)
                              c:/ac6/systemworkbench/plugins/fr.ac6.mcu.externaltools.arm-none.win32_1.17.0.201812190825/tools/compiler/bin/../lib/gcc/arm-none-eabi/7.3.1/../../../../arm-none-eabi/lib/thumb/v7e-m/fpv4-sp/hard\libc_nano.a(lib_a-exit.o) (_global_impure_ptr)
c:/ac6/systemworkbench/plugins/fr.ac6.mcu.externaltools.arm-none.win32_1.17.0.201812190825/tools/compiler/bin/../lib/gcc/arm-none-eabi/7.3.1/../../../../arm-none-eabi/lib/thumb/v7e-m/fpv4-sp/hard\libc_nano.a(lib_a-init.o)
                              c:/ac6/systemworkbench/plugins/fr.ac6.mcu.externaltools.arm-none.win32_1.17.0.201812190825/tools/compiler/bin/../lib/gcc/arm-none-eabi/7.3.1/../../../../arm-none-eabi/lib/thumb/v7e-m/fpv4-sp/hard/crt0.o (__libc_init_array)
c:/ac6/systemworkbench/plugins/fr.ac6.mcu.externaltools.arm-none.win32_1.17.0.201812190825/tools/compiler/bin/../lib/gcc/arm-none-eabi/7.3.1/../../../../arm-none-eabi/lib/thumb/v7e-m/fpv4-sp/hard\libc_nano.a(lib_a-memset.o)
                              c:/ac6/systemworkbench/plugins/fr.ac6.mcu.externaltools.arm-none.win32_1.17.0.201812190825/tools/compiler/bin/../lib/gcc/arm-none-eabi/7.3.1/../../../../arm-none-eabi/lib/thumb/v7e-m/fpv4-sp/hard/crt0.o (memset)

Allocating common symbols
Common symbol       size              file

hi2c1               0x54              Core/Src/it.o
uwTick              0x4               Drivers/STM32F4xx_HAL_Driver/Src/stm32f4xx_hal.o
pFlash              0x20              Drivers/STM32F4xx_HAL_Driver/Src/stm32f4xx_hal_flash.o

Discarded input sections

 .text          0x00000000        0x0 c:/ac6/systemworkbench/plugins/fr.ac6.mcu.externaltools.arm-none.win32_1.17.0.201812190825/tools/compiler/bin/../lib/gcc/arm-none-eabi/7.3.1/thumb/v7e-m/fpv4-sp/hard/crti.o
 .data          0x00000000        0x0 c:/ac6/systemworkbench/plugins/fr.ac6.mcu.externaltools.arm-none.win32_1.17.0.201812190825/tools/compiler/bin/../lib/gcc/arm-none-eabi/7.3.1/thumb/v7e-m/fpv4-sp/hard/crti.o
 .bss           0x00000000        0x0 c:/ac6/systemworkbench/plugins/fr.ac6.mcu.externaltools.arm-none.win32_1.17.0.201812190825/tools/compiler/bin/../lib/gcc/arm-none-eabi/7.3.1/thumb/v7e-m/fpv4-sp/hard/crti.o
 .data          0x00000000        0x4 c:/ac6/systemworkbench/plugins/fr.ac6.mcu.externaltools.arm-none.win32_1.17.0.201812190825/tools/compiler/bin/../lib/gcc/arm-none-eabi/7.3.1/thumb/v7e-m/fpv4-sp/hard/crtbegin.o
 .text          0x00000000       0x74 c:/ac6/systemworkbench/plugins/fr.ac6.mcu.externaltools.arm-none.win32_1.17.0.201812190825/tools/compiler/bin/../lib/gcc/arm-none-eabi/7.3.1/../../../../arm-none-eabi/lib/thumb/v7e-m/fpv4-sp/hard/crt0.o
[...]
Memory Configuration

Name             Origin             Length             Attributes
RAM              0x20000000         0x00020000         xrw
FLASH            0x08000000         0x00080000         xr
*default*        0x00000000         0xffffffff

Linker script and memory map

LOAD c:/ac6/systemworkbench/plugins/fr.ac6.mcu.externaltools.arm-none.win32_1.17.0.201812190825/tools/compiler/bin/../lib/gcc/arm-none-eabi/7.3.1/thumb/v7e-m/fpv4-sp/hard/crti.o
LOAD c:/ac6/systemworkbench/plugins/fr.ac6.mcu.externaltools.arm-none.win32_1.17.0.201812190825/tools/compiler/bin/../lib/gcc/arm-none-eabi/7.3.1/thumb/v7e-m/fpv4-sp/hard/crtbegin.o
LOAD c:/ac6/systemworkbench/plugins/fr.ac6.mcu.externaltools.arm-none.win32_1.17.0.201812190825/tools/compiler/bin/../lib/gcc/arm-none-eabi/7.3.1/../../../../arm-none-eabi/lib/thumb/v7e-m/fpv4-sp/hard/crt0.o
LOAD Core/Src/it.o
LOAD Core/Src/lcd_i2c.o
LOAD Core/Src/main.o
LOAD Core/Src/msp.o
LOAD Core/Src/servo.o
LOAD Core/Src/syscalls.o
LOAD Core/Src/system_stm32f4xx.o
LOAD Drivers/STM32F4xx_HAL_Driver/Src/stm32f4xx_hal.o
LOAD Drivers/STM32F4xx_HAL_Driver/Src/stm32f4xx_hal_cortex.o
LOAD Drivers/STM32F4xx_HAL_Driver/Src/stm32f4xx_hal_dma.o
LOAD Drivers/STM32F4xx_HAL_Driver/Src/stm32f4xx_hal_dma_ex.o
LOAD Drivers/STM32F4xx_HAL_Driver/Src/stm32f4xx_hal_exti.o
LOAD Drivers/STM32F4xx_HAL_Driver/Src/stm32f4xx_hal_flash.o
LOAD Drivers/STM32F4xx_HAL_Driver/Src/stm32f4xx_hal_flash_ex.o
LOAD Drivers/STM32F4xx_HAL_Driver/Src/stm32f4xx_hal_flash_ramfunc.o
LOAD Drivers/STM32F4xx_HAL_Driver/Src/stm32f4xx_hal_gpio.o
LOAD Drivers/STM32F4xx_HAL_Driver/Src/stm32f4xx_hal_i2c.o
LOAD Drivers/STM32F4xx_HAL_Driver/Src/stm32f4xx_hal_i2c_ex.o
LOAD Drivers/STM32F4xx_HAL_Driver/Src/stm32f4xx_hal_pwr.o
LOAD Drivers/STM32F4xx_HAL_Driver/Src/stm32f4xx_hal_pwr_ex.o
LOAD Drivers/STM32F4xx_HAL_Driver/Src/stm32f4xx_hal_rcc.o
LOAD Drivers/STM32F4xx_HAL_Driver/Src/stm32f4xx_hal_rcc_ex.o
LOAD Drivers/STM32F4xx_HAL_Driver/Src/stm32f4xx_hal_tim.o
LOAD Drivers/STM32F4xx_HAL_Driver/Src/stm32f4xx_hal_tim_ex.o
LOAD startup/startup_stm32f446xx.o
LOAD c:/ac6/systemworkbench/plugins/fr.ac6.mcu.externaltools.arm-none.win32_1.17.0.201812190825/tools/compiler/bin/../lib/gcc/arm-none-eabi/7.3.1/../../../../arm-none-eabi/lib/thumb/v7e-m/fpv4-sp/hard\libm.a
START GROUP
LOAD c:/ac6/systemworkbench/plugins/fr.ac6.mcu.externaltools.arm-none.win32_1.17.0.201812190825/tools/compiler/bin/../lib/gcc/arm-none-eabi/7.3.1/thumb/v7e-m/fpv4-sp/hard\libgcc.a
LOAD c:/ac6/systemworkbench/plugins/fr.ac6.mcu.externaltools.arm-none.win32_1.17.0.201812190825/tools/compiler/bin/../lib/gcc/arm-none-eabi/7.3.1/../../../../arm-none-eabi/lib/thumb/v7e-m/fpv4-sp/hard\libc_nano.a
END GROUP
START GROUP
LOAD c:/ac6/systemworkbench/plugins/fr.ac6.mcu.externaltools.arm-none.win32_1.17.0.201812190825/tools/compiler/bin/../lib/gcc/arm-none-eabi/7.3.1/thumb/v7e-m/fpv4-sp/hard\libgcc.a
LOAD c:/ac6/systemworkbench/plugins/fr.ac6.mcu.externaltools.arm-none.win32_1.17.0.201812190825/tools/compiler/bin/../lib/gcc/arm-none-eabi/7.3.1/../../../../arm-none-eabi/lib/thumb/v7e-m/fpv4-sp/hard\libc_nano.a
LOAD c:/ac6/systemworkbench/plugins/fr.ac6.mcu.externaltools.arm-none.win32_1.17.0.201812190825/tools/compiler/bin/../lib/gcc/arm-none-eabi/7.3.1/../../../../arm-none-eabi/lib/thumb/v7e-m/fpv4-sp/hard\libnosys.a
END GROUP
START GROUP
LOAD c:/ac6/systemworkbench/plugins/fr.ac6.mcu.externaltools.arm-none.win32_1.17.0.201812190825/tools/compiler/bin/../lib/gcc/arm-none-eabi/7.3.1/thumb/v7e-m/fpv4-sp/hard\libgcc.a
LOAD c:/ac6/systemworkbench/plugins/fr.ac6.mcu.externaltools.arm-none.win32_1.17.0.201812190825/tools/compiler/bin/../lib/gcc/arm-none-eabi/7.3.1/../../../../arm-none-eabi/lib/thumb/v7e-m/fpv4-sp/hard\libc_nano.a
LOAD c:/ac6/systemworkbench/plugins/fr.ac6.mcu.externaltools.arm-none.win32_1.17.0.201812190825/tools/compiler/bin/../lib/gcc/arm-none-eabi/7.3.1/../../../../arm-none-eabi/lib/thumb/v7e-m/fpv4-sp/hard\libnosys.a
END GROUP
LOAD c:/ac6/systemworkbench/plugins/fr.ac6.mcu.externaltools.arm-none.win32_1.17.0.201812190825/tools/compiler/bin/../lib/gcc/arm-none-eabi/7.3.1/thumb/v7e-m/fpv4-sp/hard/crtend.o
LOAD c:/ac6/systemworkbench/plugins/fr.ac6.mcu.externaltools.arm-none.win32_1.17.0.201812190825/tools/compiler/bin/../lib/gcc/arm-none-eabi/7.3.1/thumb/v7e-m/fpv4-sp/hard/crtn.o
                0x20020000                _estack = 0x20020000
                0x00000200                _Min_Heap_Size = 0x200
                0x00000400                _Min_Stack_Size = 0x400

.isr_vector     0x08000000      0x1c4
                0x08000000                . = ALIGN (0x4)
 *(.isr_vector)
 .isr_vector    0x08000000      0x1c4 startup/startup_stm32f446xx.o
                0x08000000                g_pfnVectors
                0x080001c4                . = ALIGN (0x4)

.text           0x080001c4     0x1da8
                0x080001c4                . = ALIGN (0x4)
 *(.text)
 .text          0x080001c4       0x40 c:/ac6/systemworkbench/plugins/fr.ac6.mcu.externaltools.arm-none.win32_1.17.0.201812190825/tools/compiler/bin/../lib/gcc/arm-none-eabi/7.3.1/thumb/v7e-m/fpv4-sp/hard/crtbegin.o
 .text          0x08000204       0x30 c:/ac6/systemworkbench/plugins/fr.ac6.mcu.externaltools.arm-none.win32_1.17.0.201812190825/tools/compiler/bin/../lib/gcc/arm-none-eabi/7.3.1/thumb/v7e-m/fpv4-sp/hard\libgcc.a(_aeabi_uldivmod.o)
                0x08000204                __aeabi_uldivmod
 .text          0x08000234      0x2cc c:/ac6/systemworkbench/plugins/fr.ac6.mcu.externaltools.arm-none.win32_1.17.0.201812190825/tools/compiler/bin/../lib/gcc/arm-none-eabi/7.3.1/thumb/v7e-m/fpv4-sp/hard\libgcc.a(_udivmoddi4.o)
                0x08000234                __udivmoddi4
 .text          0x08000500        0x4 c:/ac6/systemworkbench/plugins/fr.ac6.mcu.externaltools.arm-none.win32_1.17.0.201812190825/tools/compiler/bin/../lib/gcc/arm-none-eabi/7.3.1/thumb/v7e-m/fpv4-sp/hard\libgcc.a(_dvmd_tls.o)
                0x08000500                __aeabi_idiv0
                0x08000500                __aeabi_ldiv0
 *(.text*)
 .text.SysTick_Handler
                0x08000504        0x8 Core/Src/it.o
                0x08000504                SysTick_Handler
 .text.lcd_send_cmd
                0x0800050c       0x48 Core/Src/lcd_i2c.o
                0x0800050c                lcd_send_cmd
 .text.lcd_send_data
                0x08000554       0x48 Core/Src/lcd_i2c.o
                0x08000554                lcd_send_data
 .text.lcd_put_cur
                0x0800059c       0x1c Core/Src/lcd_i2c.o
                0x0800059c                lcd_put_cur
 .text.lcd_init
                0x080005b8       0x76 Core/Src/lcd_i2c.o
                0x080005b8                lcd_init
 .text.lcd_send_string
                0x0800062e       0x14 Core/Src/lcd_i2c.o
                0x0800062e                lcd_send_string
 *fill*         0x08000642        0x2 
 .text.MX_GPIO_Init
                0x08000644       0x68 Core/Src/main.o
 .text.Error_Handler
                0x080006ac        0x4 Core/Src/main.o
                0x080006ac                Error_Handler
 .text.MX_I2C1_Init
                0x080006b0       0x38 Core/Src/main.o
 .text.SystemClock_Config
                0x080006e8       0x94 Core/Src/main.o
                0x080006e8                SystemClock_Config
 .text.main     0x0800077c       0x44 Core/Src/main.o
                0x0800077c                main
 .text.HAL_MspInit
                0x080007c0       0x40 Core/Src/msp.o
                0x080007c0                HAL_MspInit
 .text.HAL_I2C_MspInit
                0x08000800       0x74 Core/Src/msp.o
                0x08000800                HAL_I2C_MspInit
 .text.servo_Error
                0x08000874        0x2 Core/Src/servo.o
                0x08000874                servo_Error
 *fill*         0x08000876        0x2 
 .text.servo_Init
                0x08000878       0x98 Core/Src/servo.o
                0x08000878                servo_Init
 .text.servo_Write
                0x08000910       0x34 Core/Src/servo.o
                0x08000910                servo_Write
 .text.SystemInit
                0x08000944       0x14 Core/Src/system_stm32f4xx.o
                0x08000944                SystemInit
 .text.HAL_InitTick
                0x08000958       0x48 Drivers/STM32F4xx_HAL_Driver/Src/stm32f4xx_hal.o
                0x08000958                HAL_InitTick
 .text.HAL_Init
                0x080009a0       0x34 Drivers/STM32F4xx_HAL_Driver/Src/stm32f4xx_hal.o
                0x080009a0                HAL_Init
 .text.HAL_IncTick
                0x080009d4       0x18 Drivers/STM32F4xx_HAL_Driver/Src/stm32f4xx_hal.o
                0x080009d4                HAL_IncTick
 .text.HAL_GetTick
                0x080009ec        0xc Drivers/STM32F4xx_HAL_Driver/Src/stm32f4xx_hal.o
                0x080009ec                HAL_GetTick
 .text.HAL_Delay
                0x080009f8       0x28 Drivers/STM32F4xx_HAL_Driver/Src/stm32f4xx_hal.o
                0x080009f8                HAL_Delay
 .text.HAL_NVIC_SetPriorityGrouping
                0x08000a20       0x24 Drivers/STM32F4xx_HAL_Driver/Src/stm32f4xx_hal_cortex.o
                0x08000a20                HAL_NVIC_SetPriorityGrouping
 .text.HAL_NVIC_SetPriority
                0x08000a44       0x68 Drivers/STM32F4xx_HAL_Driver/Src/stm32f4xx_hal_cortex.o
                0x08000a44                HAL_NVIC_SetPriority
 .text.HAL_SYSTICK_Config
                0x08000aac       0x2c Drivers/STM32F4xx_HAL_Driver/Src/stm32f4xx_hal_cortex.o
                0x08000aac                HAL_SYSTICK_Config
 .text.HAL_GPIO_Init
                0x08000ad8      0x1c8 Drivers/STM32F4xx_HAL_Driver/Src/stm32f4xx_hal_gpio.o
                0x08000ad8                HAL_GPIO_Init
 .text.HAL_GPIO_WritePin
                0x08000ca0        0xc Drivers/STM32F4xx_HAL_Driver/Src/stm32f4xx_hal_gpio.o
                0x08000ca0                HAL_GPIO_WritePin
 .text.I2C_IsAcknowledgeFailed
                0x08000cac       0x32 Drivers/STM32F4xx_HAL_Driver/Src/stm32f4xx_hal_i2c.o
 .text.I2C_WaitOnFlagUntilTimeout
                0x08000cde       0x70 Drivers/STM32F4xx_HAL_Driver/Src/stm32f4xx_hal_i2c.o
 .text.I2C_WaitOnMasterAddressFlagUntilTimeout
                0x08000d4e       0xa4 Drivers/STM32F4xx_HAL_Driver/Src/stm32f4xx_hal_i2c.o
 *fill*         0x08000df2        0x2 
 .text.I2C_MasterRequestWrite
                0x08000df4       0xbc Drivers/STM32F4xx_HAL_Driver/Src/stm32f4xx_hal_i2c.o
 .text.I2C_WaitOnTXEFlagUntilTimeout
                0x08000eb0       0x54 Drivers/STM32F4xx_HAL_Driver/Src/stm32f4xx_hal_i2c.o
 .text.I2C_WaitOnBTFFlagUntilTimeout
                0x08000f04       0x54 Drivers/STM32F4xx_HAL_Driver/Src/stm32f4xx_hal_i2c.o
 .text.HAL_I2C_Init
                0x08000f58      0x1b4 Drivers/STM32F4xx_HAL_Driver/Src/stm32f4xx_hal_i2c.o
                0x08000f58                HAL_I2C_Init
 .text.HAL_I2C_Master_Transmit
                0x0800110c      0x174 Drivers/STM32F4xx_HAL_Driver/Src/stm32f4xx_hal_i2c.o
                0x0800110c                HAL_I2C_Master_Transmit
 .text.HAL_RCC_ClockConfig
                0x08001280      0x160 Drivers/STM32F4xx_HAL_Driver/Src/stm32f4xx_hal_rcc.o
                0x08001280                HAL_RCC_ClockConfig
 .text.HAL_RCC_GetHCLKFreq
                0x080013e0        0xc Drivers/STM32F4xx_HAL_Driver/Src/stm32f4xx_hal_rcc.o
                0x080013e0                HAL_RCC_GetHCLKFreq
 .text.HAL_RCC_GetPCLK1Freq
                0x080013ec       0x20 Drivers/STM32F4xx_HAL_Driver/Src/stm32f4xx_hal_rcc.o
                0x080013ec                HAL_RCC_GetPCLK1Freq
 .text.HAL_RCC_GetPCLK2Freq
                0x0800140c       0x20 Drivers/STM32F4xx_HAL_Driver/Src/stm32f4xx_hal_rcc.o
                0x0800140c                HAL_RCC_GetPCLK2Freq
 .text.HAL_RCC_GetSysClockFreq
                0x0800142c      0x184 Drivers/STM32F4xx_HAL_Driver/Src/stm32f4xx_hal_rcc_ex.o
                0x0800142c                HAL_RCC_GetSysClockFreq
 .text.HAL_RCC_OscConfig
                0x080015b0      0x43c Drivers/STM32F4xx_HAL_Driver/Src/stm32f4xx_hal_rcc_ex.o
                0x080015b0                HAL_RCC_OscConfig
 .text.TIM_OC1_SetConfig
                0x080019ec       0x68 Drivers/STM32F4xx_HAL_Driver/Src/stm32f4xx_hal_tim.o
 .text.TIM_OC3_SetConfig
                0x08001a54       0x70 Drivers/STM32F4xx_HAL_Driver/Src/stm32f4xx_hal_tim.o
 .text.TIM_OC4_SetConfig
                0x08001ac4       0x50 Drivers/STM32F4xx_HAL_Driver/Src/stm32f4xx_hal_tim.o
 .text.HAL_TIM_PWM_MspInit
                0x08001b14        0x2 Drivers/STM32F4xx_HAL_Driver/Src/stm32f4xx_hal_tim.o
                0x08001b14                HAL_TIM_PWM_MspInit
 *fill*         0x08001b16        0x2 
 .text.TIM_Base_SetConfig
                0x08001b18       0xc8 Drivers/STM32F4xx_HAL_Driver/Src/stm32f4xx_hal_tim.o
                0x08001b18                TIM_Base_SetConfig
 .text.HAL_TIM_PWM_Init
                0x08001be0       0x56 Drivers/STM32F4xx_HAL_Driver/Src/stm32f4xx_hal_tim.o
                0x08001be0                HAL_TIM_PWM_Init
 *fill*         0x08001c36        0x2 
 .text.TIM_OC2_SetConfig
                0x08001c38       0x70 Drivers/STM32F4xx_HAL_Driver/Src/stm32f4xx_hal_tim.o
                0x08001c38                TIM_OC2_SetConfig
 .text.HAL_TIM_PWM_ConfigChannel
                0x08001ca8       0xd0 Drivers/STM32F4xx_HAL_Driver/Src/stm32f4xx_hal_tim.o
                0x08001ca8                HAL_TIM_PWM_ConfigChannel
 .text.TIM_CCxChannelCmd
                0x08001d78       0x22 Drivers/STM32F4xx_HAL_Driver/Src/stm32f4xx_hal_tim.o
                0x08001d78                TIM_CCxChannelCmd
 *fill*         0x08001d9a        0x2 
 .text.HAL_TIM_PWM_Start
                0x08001d9c      0x10c Drivers/STM32F4xx_HAL_Driver/Src/stm32f4xx_hal_tim.o
                0x08001d9c                HAL_TIM_PWM_Start
 .text.Reset_Handler
                0x08001ea8       0x50 startup/startup_stm32f446xx.o
                0x08001ea8                Reset_Handler
 .text.Default_Handler
                0x08001ef8        0x2 startup/startup_stm32f446xx.o
                0x08001ef8                RTC_Alarm_IRQHandler
                0x08001ef8                EXTI2_IRQHandler
                0x08001ef8                TIM8_CC_IRQHandler
                0x08001ef8                DebugMon_Handler
                0x08001ef8                FMPI2C1_EV_IRQHandler
                0x08001ef8                SPI4_IRQHandler
                0x08001ef8                TIM1_CC_IRQHandler
                0x08001ef8                DMA2_Stream5_IRQHandler
                0x08001ef8                HardFault_Handler
                0x08001ef8                DMA1_Stream5_IRQHandler
                0x08001ef8                PVD_IRQHandler
                0x08001ef8                SDIO_IRQHandler
                0x08001ef8                TAMP_STAMP_IRQHandler
                0x08001ef8                PendSV_Handler
                0x08001ef8                NMI_Handler
                0x08001ef8                CAN2_RX1_IRQHandler
                0x08001ef8                EXTI3_IRQHandler
                0x08001ef8                TIM8_TRG_COM_TIM14_IRQHandler
                0x08001ef8                TIM1_UP_TIM10_IRQHandler
                0x08001ef8                TIM8_UP_TIM13_IRQHandler
                0x08001ef8                I2C3_ER_IRQHandler
                0x08001ef8                EXTI0_IRQHandler
                0x08001ef8                I2C2_EV_IRQHandler
                0x08001ef8                DMA1_Stream2_IRQHandler
                0x08001ef8                CAN1_RX0_IRQHandler
                0x08001ef8                FPU_IRQHandler
                0x08001ef8                OTG_HS_WKUP_IRQHandler
                0x08001ef8                UsageFault_Handler
                0x08001ef8                CAN2_SCE_IRQHandler
                0x08001ef8                DMA2_Stream2_IRQHandler
                0x08001ef8                SPI1_IRQHandler
                0x08001ef8                TIM6_DAC_IRQHandler
                0x08001ef8                TIM1_BRK_TIM9_IRQHandler
                0x08001ef8                DCMI_IRQHandler
                0x08001ef8                CAN2_RX0_IRQHandler
                0x08001ef8                DMA2_Stream3_IRQHandler
                0x08001ef8                SAI2_IRQHandler
                0x08001ef8                USART6_IRQHandler
                0x08001ef8                USART3_IRQHandler
                0x08001ef8                CAN1_RX1_IRQHandler
                0x08001ef8                UART5_IRQHandler
                0x08001ef8                DMA2_Stream0_IRQHandler
                0x08001ef8                TIM4_IRQHandler
                0x08001ef8                QUADSPI_IRQHandler
                0x08001ef8                I2C1_EV_IRQHandler
                0x08001ef8                DMA1_Stream6_IRQHandler
                0x08001ef8                DMA1_Stream1_IRQHandler
                0x08001ef8                UART4_IRQHandler
                0x08001ef8                TIM3_IRQHandler
                0x08001ef8                RCC_IRQHandler
                0x08001ef8                TIM8_BRK_TIM12_IRQHandler
                0x08001ef8                Default_Handler
                0x08001ef8                CEC_IRQHandler
                0x08001ef8                EXTI15_10_IRQHandler
                0x08001ef8                ADC_IRQHandler
                0x08001ef8                DMA1_Stream7_IRQHandler
                0x08001ef8                TIM7_IRQHandler
                0x08001ef8                CAN2_TX_IRQHandler
                0x08001ef8                TIM5_IRQHandler
                0x08001ef8                DMA2_Stream7_IRQHandler
                0x08001ef8                I2C3_EV_IRQHandler
                0x08001ef8                EXTI9_5_IRQHandler
                0x08001ef8                RTC_WKUP_IRQHandler
                0x08001ef8                SPDIF_RX_IRQHandler
                0x08001ef8                SPI2_IRQHandler
                0x08001ef8                OTG_HS_EP1_IN_IRQHandler
                0x08001ef8                MemManage_Handler
                0x08001ef8                DMA1_Stream0_IRQHandler
                0x08001ef8                CAN1_TX_IRQHandler
                0x08001ef8                SVC_Handler
                0x08001ef8                FMPI2C1_ER_IRQHandler
                0x08001ef8                EXTI4_IRQHandler
                0x08001ef8                OTG_HS_EP1_OUT_IRQHandler
                0x08001ef8                WWDG_IRQHandler
                0x08001ef8                TIM2_IRQHandler
                0x08001ef8                OTG_FS_WKUP_IRQHandler
                0x08001ef8                TIM1_TRG_COM_TIM11_IRQHandler
                0x08001ef8                OTG_HS_IRQHandler
                0x08001ef8                EXTI1_IRQHandler
                0x08001ef8                USART2_IRQHandler
                0x08001ef8                I2C2_ER_IRQHandler
                0x08001ef8                DMA2_Stream1_IRQHandler
                0x08001ef8                CAN1_SCE_IRQHandler
                0x08001ef8                FLASH_IRQHandler
                0x08001ef8                DMA2_Stream4_IRQHandler
                0x08001ef8                BusFault_Handler
                0x08001ef8                USART1_IRQHandler
                0x08001ef8                OTG_FS_IRQHandler
                0x08001ef8                SPI3_IRQHandler
                0x08001ef8                DMA1_Stream4_IRQHandler
                0x08001ef8                I2C1_ER_IRQHandler
                0x08001ef8                FMC_IRQHandler
                0x08001ef8                DMA2_Stream6_IRQHandler
                0x08001ef8                SAI1_IRQHandler
                0x08001ef8                DMA1_Stream3_IRQHandler
 *fill*         0x08001efa        0x2 
 .text.__libc_init_array
                0x08001efc       0x48 c:/ac6/systemworkbench/plugins/fr.ac6.mcu.externaltools.arm-none.win32_1.17.0.201812190825/tools/compiler/bin/../lib/gcc/arm-none-eabi/7.3.1/../../../../arm-none-eabi/lib/thumb/v7e-m/fpv4-sp/hard\libc_nano.a(lib_a-init.o)
                0x08001efc                __libc_init_array
 .text.memset   0x08001f44       0x10 c:/ac6/systemworkbench/plugins/fr.ac6.mcu.externaltools.arm-none.win32_1.17.0.201812190825/tools/compiler/bin/../lib/gcc/arm-none-eabi/7.3.1/../../../../arm-none-eabi/lib/thumb/v7e-m/fpv4-sp/hard\libc_nano.a(lib_a-memset.o)
                0x08001f44                memset
 *(.glue_7)
 .glue_7        0x08001f54        0x0 linker stubs
 *(.glue_7t)
 .glue_7t       0x08001f54        0x0 linker stubs
 *(.eh_frame)
 .eh_frame      0x08001f54        0x0 c:/ac6/systemworkbench/plugins/fr.ac6.mcu.externaltools.arm-none.win32_1.17.0.201812190825/tools/compiler/bin/../lib/gcc/arm-none-eabi/7.3.1/thumb/v7e-m/fpv4-sp/hard/crtbegin.o
 *(.init)
 .init          0x08001f54        0x4 c:/ac6/systemworkbench/plugins/fr.ac6.mcu.externaltools.arm-none.win32_1.17.0.201812190825/tools/compiler/bin/../lib/gcc/arm-none-eabi/7.3.1/thumb/v7e-m/fpv4-sp/hard/crti.o
                0x08001f54                _init
 .init          0x08001f58        0x8 c:/ac6/systemworkbench/plugins/fr.ac6.mcu.externaltools.arm-none.win32_1.17.0.201812190825/tools/compiler/bin/../lib/gcc/arm-none-eabi/7.3.1/thumb/v7e-m/fpv4-sp/hard/crtn.o
 *(.fini)
 .fini          0x08001f60        0x4 c:/ac6/systemworkbench/plugins/fr.ac6.mcu.externaltools.arm-none.win32_1.17.0.201812190825/tools/compiler/bin/../lib/gcc/arm-none-eabi/7.3.1/thumb/v7e-m/fpv4-sp/hard/crti.o
                0x08001f60                _fini
 .fini          0x08001f64        0x8 c:/ac6/systemworkbench/plugins/fr.ac6.mcu.externaltools.arm-none.win32_1.17.0.201812190825/tools/compiler/bin/../lib/gcc/arm-none-eabi/7.3.1/thumb/v7e-m/fpv4-sp/hard/crtn.o
                0x08001f6c                . = ALIGN (0x4)
                0x08001f6c                _etext = .

.vfp11_veneer   0x08001f6c        0x0
 .vfp11_veneer  0x08001f6c        0x0 linker stubs

.v4_bx          0x08001f6c        0x0
 .v4_bx         0x08001f6c        0x0 linker stubs

.iplt           0x08001f6c        0x0
 .iplt          0x08001f6c        0x0 c:/ac6/systemworkbench/plugins/fr.ac6.mcu.externaltools.arm-none.win32_1.17.0.201812190825/tools/compiler/bin/../lib/gcc/arm-none-eabi/7.3.1/thumb/v7e-m/fpv4-sp/hard/crtbegin.o

.rodata         0x08001f6c       0x24
                0x08001f6c                . = ALIGN (0x4)
 *(.rodata)
 .rodata        0x08001f6c       0x18 Core/Src/system_stm32f4xx.o
                0x08001f6c                AHBPrescTable
                0x08001f7c                APBPrescTable
 *(.rodata*)
 .rodata.str1.4
                0x08001f84        0xc Core/Src/main.o
                0x08001f90                . = ALIGN (0x4)

.ARM.extab
 *(.ARM.extab* .gnu.linkonce.armextab.*)

.ARM            0x08001f90        0x8
                0x08001f90                __exidx_start = .
 *(.ARM.exidx*)
 .ARM.exidx     0x08001f90        0x8 c:/ac6/systemworkbench/plugins/fr.ac6.mcu.externaltools.arm-none.win32_1.17.0.201812190825/tools/compiler/bin/../lib/gcc/arm-none-eabi/7.3.1/thumb/v7e-m/fpv4-sp/hard\libgcc.a(_udivmoddi4.o)
                0x08001f98                __exidx_end = .

.rel.dyn        0x08001f98        0x0
 .rel.iplt      0x08001f98        0x0 c:/ac6/systemworkbench/plugins/fr.ac6.mcu.externaltools.arm-none.win32_1.17.0.201812190825/tools/compiler/bin/../lib/gcc/arm-none-eabi/7.3.1/thumb/v7e-m/fpv4-sp/hard/crtbegin.o

.preinit_array  0x08001f98        0x0
                0x08001f98                PROVIDE (__preinit_array_start = .)
 *(.preinit_array*)
                0x08001f98                PROVIDE (__preinit_array_end = .)

.init_array     0x08001f98        0x4
                0x08001f98                PROVIDE (__init_array_start = .)
 *(SORT_BY_NAME(.init_array.*))
 *(.init_array*)
 .init_array    0x08001f98        0x4 c:/ac6/systemworkbench/plugins/fr.ac6.mcu.externaltools.arm-none.win32_1.17.0.201812190825/tools/compiler/bin/../lib/gcc/arm-none-eabi/7.3.1/thumb/v7e-m/fpv4-sp/hard/crtbegin.o
                0x08001f9c                PROVIDE (__init_array_end = .)

.fini_array     0x08001f9c        0x4
                [!provide]                PROVIDE (__fini_array_start = .)
 *(SORT_BY_NAME(.fini_array.*))
 *(.fini_array*)
 .fini_array    0x08001f9c        0x4 c:/ac6/systemworkbench/plugins/fr.ac6.mcu.externaltools.arm-none.win32_1.17.0.201812190825/tools/compiler/bin/../lib/gcc/arm-none-eabi/7.3.1/thumb/v7e-m/fpv4-sp/hard/crtbegin.o
                [!provide]                PROVIDE (__fini_array_end = .)
                0x08001fa0                _sidata = LOADADDR (.data)

.data           0x20000000        0xc load address 0x08001fa0
                0x20000000                . = ALIGN (0x4)
                0x20000000                _sdata = .
 *(.data)
 .data          0x20000000        0x4 Core/Src/system_stm32f4xx.o
                0x20000000                SystemCoreClock
 .data          0x20000004        0x8 Drivers/STM32F4xx_HAL_Driver/Src/stm32f4xx_hal.o
                0x20000004                uwTickFreq
                0x20000008                uwTickPrio
 *(.data*)
                0x2000000c                . = ALIGN (0x4)
                0x2000000c                _edata = .

.igot.plt       0x2000000c        0x0 load address 0x08001fac
 .igot.plt      0x2000000c        0x0 c:/ac6/systemworkbench/plugins/fr.ac6.mcu.externaltools.arm-none.win32_1.17.0.201812190825/tools/compiler/bin/../lib/gcc/arm-none-eabi/7.3.1/thumb/v7e-m/fpv4-sp/hard/crtbegin.o
                0x2000000c                . = ALIGN (0x4)

.bss            0x2000000c       0xbc load address 0x08001fac
                0x2000000c                _sbss = .
                0x2000000c                __bss_start__ = _sbss
 *(.bss)
 .bss           0x2000000c       0x1c c:/ac6/systemworkbench/plugins/fr.ac6.mcu.externaltools.arm-none.win32_1.17.0.201812190825/tools/compiler/bin/../lib/gcc/arm-none-eabi/7.3.1/thumb/v7e-m/fpv4-sp/hard/crtbegin.o
 .bss           0x20000028       0x48 Core/Src/servo.o
                0x20000028                tim2PWM
 *(.bss*)
 *(COMMON)
 COMMON         0x20000070       0x54 Core/Src/it.o
                0x20000070                hi2c1
 COMMON         0x200000c4        0x4 Drivers/STM32F4xx_HAL_Driver/Src/stm32f4xx_hal.o
                0x200000c4                uwTick
                0x200000c8                . = ALIGN (0x4)
                0x200000c8                _ebss = .
                0x200000c8                __bss_end__ = _ebss

._user_heap_stack
                0x200000c8      0x600 load address 0x08001fac
                0x200000c8                . = ALIGN (0x8)
                0x200000c8                PROVIDE (end = .)
                [!provide]                PROVIDE (_end = .)
                0x200002c8                . = (. + _Min_Heap_Size)
 *fill*         0x200000c8      0x200 
                0x200006c8                . = (. + _Min_Stack_Size)
 *fill*         0x200002c8      0x400 
                0x200006c8                . = ALIGN (0x8)

/DISCARD/
 libc.a(*)
 libm.a(*)
 libgcc.a(*)

.ARM.attributes
                0x00000000       0x30
 *(.ARM.attributes)
 .ARM.attributes
                0x00000000       0x22 c:/ac6/systemworkbench/plugins/fr.ac6.mcu.externaltools.arm-none.win32_1.17.0.201812190825/tools/compiler/bin/../lib/gcc/arm-none-eabi/7.3.1/thumb/v7e-m/fpv4-sp/hard/crti.o
 .ARM.attributes
                0x00000022       0x34 c:/ac6/systemworkbench/plugins/fr.ac6.mcu.externaltools.arm-none.win32_1.17.0.201812190825/tools/compiler/bin/../lib/gcc/arm-none-eabi/7.3.1/thumb/v7e-m/fpv4-sp/hard/crtbegin.o
 .ARM.attributes
                0x00000056       0x39 Core/Src/it.o
 .ARM.attributes
                0x0000008f       0x39 Core/Src/lcd_i2c.o
 .ARM.attributes
                0x000000c8       0x39 Core/Src/main.o
 .ARM.attributes
                0x00000101       0x39 Core/Src/msp.o
 .ARM.attributes
                0x0000013a       0x39 Core/Src/servo.o
 .ARM.attributes
                0x00000173       0x39 Core/Src/system_stm32f4xx.o
 .ARM.attributes
                0x000001ac       0x39 Drivers/STM32F4xx_HAL_Driver/Src/stm32f4xx_hal.o
 .ARM.attributes
                0x000001e5       0x39 Drivers/STM32F4xx_HAL_Driver/Src/stm32f4xx_hal_cortex.o
 .ARM.attributes
                0x0000021e       0x39 Drivers/STM32F4xx_HAL_Driver/Src/stm32f4xx_hal_gpio.o
 .ARM.attributes
                0x00000257       0x39 Drivers/STM32F4xx_HAL_Driver/Src/stm32f4xx_hal_i2c.o
 .ARM.attributes
                0x00000290       0x39 Drivers/STM32F4xx_HAL_Driver/Src/stm32f4xx_hal_rcc.o
 .ARM.attributes
                0x000002c9       0x39 Drivers/STM32F4xx_HAL_Driver/Src/stm32f4xx_hal_rcc_ex.o
 .ARM.attributes
                0x00000302       0x39 Drivers/STM32F4xx_HAL_Driver/Src/stm32f4xx_hal_tim.o
 .ARM.attributes
                0x0000033b       0x21 startup/startup_stm32f446xx.o
 .ARM.attributes
                0x0000035c       0x22 c:/ac6/systemworkbench/plugins/fr.ac6.mcu.externaltools.arm-none.win32_1.17.0.201812190825/tools/compiler/bin/../lib/gcc/arm-none-eabi/7.3.1/thumb/v7e-m/fpv4-sp/hard\libgcc.a(_aeabi_uldivmod.o)
 .ARM.attributes
                0x0000037e       0x34 c:/ac6/systemworkbench/plugins/fr.ac6.mcu.externaltools.arm-none.win32_1.17.0.201812190825/tools/compiler/bin/../lib/gcc/arm-none-eabi/7.3.1/thumb/v7e-m/fpv4-sp/hard\libgcc.a(_udivmoddi4.o)
 .ARM.attributes
                0x000003b2       0x22 c:/ac6/systemworkbench/plugins/fr.ac6.mcu.externaltools.arm-none.win32_1.17.0.201812190825/tools/compiler/bin/../lib/gcc/arm-none-eabi/7.3.1/thumb/v7e-m/fpv4-sp/hard\libgcc.a(_dvmd_tls.o)
 .ARM.attributes
                0x000003d4       0x34 c:/ac6/systemworkbench/plugins/fr.ac6.mcu.externaltools.arm-none.win32_1.17.0.201812190825/tools/compiler/bin/../lib/gcc/arm-none-eabi/7.3.1/../../../../arm-none-eabi/lib/thumb/v7e-m/fpv4-sp/hard\libc_nano.a(lib_a-init.o)
 .ARM.attributes
                0x00000408       0x34 c:/ac6/systemworkbench/plugins/fr.ac6.mcu.externaltools.arm-none.win32_1.17.0.201812190825/tools/compiler/bin/../lib/gcc/arm-none-eabi/7.3.1/../../../../arm-none-eabi/lib/thumb/v7e-m/fpv4-sp/hard\libc_nano.a(lib_a-memset.o)
 .ARM.attributes
                0x0000043c       0x22 c:/ac6/systemworkbench/plugins/fr.ac6.mcu.externaltools.arm-none.win32_1.17.0.201812190825/tools/compiler/bin/../lib/gcc/arm-none-eabi/7.3.1/thumb/v7e-m/fpv4-sp/hard/crtn.o
OUTPUT(petFoorDispenser.elf elf32-littlearm)

.debug_info     0x00000000     0xdd88
 .debug_info    0x00000000      0x6a7 Core/Src/it.o
 .debug_info    0x000006a7      0x9ce Core/Src/lcd_i2c.o
 .debug_info    0x00001075      0xddc Core/Src/main.o
 .debug_info    0x00001e51      0xaaa Core/Src/msp.o
 .debug_info    0x000028fb      0xc36 Core/Src/servo.o
 .debug_info    0x00003531      0x58d Core/Src/system_stm32f4xx.o
 .debug_info    0x00003abe      0xa43 Drivers/STM32F4xx_HAL_Driver/Src/stm32f4xx_hal.o
 .debug_info    0x00004501      0xfaa Drivers/STM32F4xx_HAL_Driver/Src/stm32f4xx_hal_cortex.o
 .debug_info    0x000054ab      0x81e Drivers/STM32F4xx_HAL_Driver/Src/stm32f4xx_hal_gpio.o
 .debug_info    0x00005cc9     0x33e7 Drivers/STM32F4xx_HAL_Driver/Src/stm32f4xx_hal_i2c.o
 .debug_info    0x000090b0      0xad4 Drivers/STM32F4xx_HAL_Driver/Src/stm32f4xx_hal_rcc.o
 .debug_info    0x00009b84      0xc44 Drivers/STM32F4xx_HAL_Driver/Src/stm32f4xx_hal_rcc_ex.o
 .debug_info    0x0000a7c8     0x359e Drivers/STM32F4xx_HAL_Driver/Src/stm32f4xx_hal_tim.o
 .debug_info    0x0000dd66       0x22 startup/startup_stm32f446xx.o

.debug_abbrev   0x00000000     0x1a70
 .debug_abbrev  0x00000000      0x160 Core/Src/it.o
 .debug_abbrev  0x00000160      0x1da Core/Src/lcd_i2c.o
 .debug_abbrev  0x0000033a      0x223 Core/Src/main.o
 .debug_abbrev  0x0000055d      0x1c2 Core/Src/msp.o
 .debug_abbrev  0x0000071f      0x1f8 Core/Src/servo.o
 .debug_abbrev  0x00000917      0x12b Core/Src/system_stm32f4xx.o
 .debug_abbrev  0x00000a42      0x1ed Drivers/STM32F4xx_HAL_Driver/Src/stm32f4xx_hal.o
 .debug_abbrev  0x00000c2f      0x328 Drivers/STM32F4xx_HAL_Driver/Src/stm32f4xx_hal_cortex.o
 .debug_abbrev  0x00000f57      0x1e7 Drivers/STM32F4xx_HAL_Driver/Src/stm32f4xx_hal_gpio.o
 .debug_abbrev  0x0000113e      0x275 Drivers/STM32F4xx_HAL_Driver/Src/stm32f4xx_hal_i2c.o
 .debug_abbrev  0x000013b3      0x273 Drivers/STM32F4xx_HAL_Driver/Src/stm32f4xx_hal_rcc.o
 .debug_abbrev  0x00001626      0x212 Drivers/STM32F4xx_HAL_Driver/Src/stm32f4xx_hal_rcc_ex.o
 .debug_abbrev  0x00001838      0x226 Drivers/STM32F4xx_HAL_Driver/Src/stm32f4xx_hal_tim.o
 .debug_abbrev  0x00001a5e       0x12 startup/startup_stm32f446xx.o

.debug_aranges  0x00000000      0xab8
 .debug_aranges
                0x00000000       0x20 Core/Src/it.o
 .debug_aranges
                0x00000020       0x48 Core/Src/lcd_i2c.o
 .debug_aranges
                0x00000068       0x40 Core/Src/main.o
 .debug_aranges
                0x000000a8       0x30 Core/Src/msp.o
 .debug_aranges
                0x000000d8       0x30 Core/Src/servo.o
 .debug_aranges
                0x00000108       0x28 Core/Src/system_stm32f4xx.o
 .debug_aranges
                0x00000130       0xf0 Drivers/STM32F4xx_HAL_Driver/Src/stm32f4xx_hal.o
 .debug_aranges
                0x00000220       0xa8 Drivers/STM32F4xx_HAL_Driver/Src/stm32f4xx_hal_cortex.o
 .debug_aranges
                0x000002c8       0x58 Drivers/STM32F4xx_HAL_Driver/Src/stm32f4xx_hal_gpio.o
 .debug_aranges
                0x00000320      0x2a0 Drivers/STM32F4xx_HAL_Driver/Src/stm32f4xx_hal_i2c.o
 .debug_aranges
                0x000005c0       0x88 Drivers/STM32F4xx_HAL_Driver/Src/stm32f4xx_hal_rcc.o
 .debug_aranges
                0x00000648       0x78 Drivers/STM32F4xx_HAL_Driver/Src/stm32f4xx_hal_rcc_ex.o
 .debug_aranges
                0x000006c0      0x3d0 Drivers/STM32F4xx_HAL_Driver/Src/stm32f4xx_hal_tim.o
 .debug_aranges
                0x00000a90       0x28 startup/startup_stm32f446xx.o

.debug_ranges   0x00000000      0xa90
 .debug_ranges  0x00000000       0x10 Core/Src/it.o
 .debug_ranges  0x00000010       0x38 Core/Src/lcd_i2c.o
 .debug_ranges  0x00000048       0x30 Core/Src/main.o
 .debug_ranges  0x00000078       0x20 Core/Src/msp.o
 .debug_ranges  0x00000098       0x20 Core/Src/servo.o
 .debug_ranges  0x000000b8       0x18 Core/Src/system_stm32f4xx.o
 .debug_ranges  0x000000d0       0xe0 Drivers/STM32F4xx_HAL_Driver/Src/stm32f4xx_hal.o
 .debug_ranges  0x000001b0       0xf8 Drivers/STM32F4xx_HAL_Driver/Src/stm32f4xx_hal_cortex.o
 .debug_ranges  0x000002a8       0x48 Drivers/STM32F4xx_HAL_Driver/Src/stm32f4xx_hal_gpio.o
 .debug_ranges  0x000002f0      0x2b0 Drivers/STM32F4xx_HAL_Driver/Src/stm32f4xx_hal_i2c.o
 .debug_ranges  0x000005a0       0x90 Drivers/STM32F4xx_HAL_Driver/Src/stm32f4xx_hal_rcc.o
 .debug_ranges  0x00000630       0x80 Drivers/STM32F4xx_HAL_Driver/Src/stm32f4xx_hal_rcc_ex.o
 .debug_ranges  0x000006b0      0x3c0 Drivers/STM32F4xx_HAL_Driver/Src/stm32f4xx_hal_tim.o
 .debug_ranges  0x00000a70       0x20 startup/startup_stm32f446xx.o

.debug_macro    0x00000000    0x2111c
 .debug_macro   0x00000000      0x1f6 Core/Src/it.o
 .debug_macro   0x000001f6      0xa54 Core/Src/it.o
 .debug_macro   0x00000c4a      0x29b Core/Src/it.o
 .debug_macro   0x00000ee5       0x2e Core/Src/it.o
 .debug_macro   0x00000f13       0x28 Core/Src/it.o
 .debug_macro   0x00000f3b       0x22 Core/Src/it.o
 .debug_macro   0x00000f5d       0x8e Core/Src/it.o
 .debug_macro   0x00000feb       0x51 Core/Src/it.o
 .debug_macro   0x0000103c       0xef Core/Src/it.o
 .debug_macro   0x0000112b       0x6a Core/Src/it.o
 .debug_macro   0x00001195      0x1df Core/Src/it.o
 .debug_macro   0x00001374       0x1c Core/Src/it.o
 .debug_macro   0x00001390       0x22 Core/Src/it.o
 .debug_macro   0x000013b2       0xdf Core/Src/it.o
 .debug_macro   0x00001491     0x102d Core/Src/it.o
 .debug_macro   0x000024be      0x11f Core/Src/it.o
 .debug_macro   0x000025dd    0x1672d Core/Src/it.o
 .debug_macro   0x00018d0a       0x43 Core/Src/it.o
 .debug_macro   0x00018d4d     0x3659 Core/Src/it.o
 .debug_macro   0x0001c3a6      0x174 Core/Src/it.o
 .debug_macro   0x0001c51a       0x5c Core/Src/it.o
 .debug_macro   0x0001c576      0xc90 Core/Src/it.o
 .debug_macro   0x0001d206      0x9fe Core/Src/it.o
 .debug_macro   0x0001dc04      0x117 Core/Src/it.o
 .debug_macro   0x0001dd1b      0x1a0 Core/Src/it.o
 .debug_macro   0x0001debb       0x82 Core/Src/it.o
 .debug_macro   0x0001df3d      0x16d Core/Src/it.o
 .debug_macro   0x0001e0aa      0x287 Core/Src/it.o
 .debug_macro   0x0001e331       0x5f Core/Src/it.o
 .debug_macro   0x0001e390      0x236 Core/Src/it.o
 .debug_macro   0x0001e5c6      0x132 Core/Src/it.o
 .debug_macro   0x0001e6f8      0x29c Core/Src/it.o
 .debug_macro   0x0001e994       0x2e Core/Src/it.o
 .debug_macro   0x0001e9c2      0x1b5 Core/Src/it.o
 .debug_macro   0x0001eb77       0x22 Core/Src/it.o
 .debug_macro   0x0001eb99       0xd6 Core/Src/it.o
 .debug_macro   0x0001ec6f      0x11a Core/Src/it.o
 .debug_macro   0x0001ed89       0xe8 Core/Src/it.o
 .debug_macro   0x0001ee71       0x89 Core/Src/it.o
 .debug_macro   0x0001eefa      0x8d1 Core/Src/it.o
 .debug_macro   0x0001f7cb       0x4d Core/Src/it.o
 .debug_macro   0x0001f818      0x126 Core/Src/it.o
 .debug_macro   0x0001f93e       0x16 Core/Src/it.o
 .debug_macro   0x0001f954      0x1e7 Core/Src/lcd_i2c.o
 .debug_macro   0x0001fb3b      0x1f9 Core/Src/main.o
 .debug_macro   0x0001fd34       0x2e Core/Src/main.o
 .debug_macro   0x0001fd62      0x1ec Core/Src/msp.o
 .debug_macro   0x0001ff4e      0x1ec Core/Src/servo.o
 .debug_macro   0x0002013a       0x28 Core/Src/servo.o
 .debug_macro   0x00020162      0x1dd Core/Src/system_stm32f4xx.o
 .debug_macro   0x0002033f      0x23d Drivers/STM32F4xx_HAL_Driver/Src/stm32f4xx_hal.o
 .debug_macro   0x0002057c      0x1dd Drivers/STM32F4xx_HAL_Driver/Src/stm32f4xx_hal_cortex.o
 .debug_macro   0x00020759      0x1e3 Drivers/STM32F4xx_HAL_Driver/Src/stm32f4xx_hal_gpio.o
 .debug_macro   0x0002093c      0x224 Drivers/STM32F4xx_HAL_Driver/Src/stm32f4xx_hal_i2c.o
 .debug_macro   0x00020b60      0x201 Drivers/STM32F4xx_HAL_Driver/Src/stm32f4xx_hal_rcc.o
 .debug_macro   0x00020d61      0x1dd Drivers/STM32F4xx_HAL_Driver/Src/stm32f4xx_hal_rcc_ex.o
 .debug_macro   0x00020f3e      0x1de Drivers/STM32F4xx_HAL_Driver/Src/stm32f4xx_hal_tim.o

.debug_line     0x00000000     0xa0d0
 .debug_line    0x00000000      0x74e Core/Src/it.o
 .debug_line    0x0000074e      0x7df Core/Src/lcd_i2c.o
 .debug_line    0x00000f2d      0x7e6 Core/Src/main.o
 .debug_line    0x00001713      0x775 Core/Src/msp.o
 .debug_line    0x00001e88      0x77c Core/Src/servo.o
 .debug_line    0x00002604      0x76f Core/Src/system_stm32f4xx.o
 .debug_line    0x00002d73      0x94d Drivers/STM32F4xx_HAL_Driver/Src/stm32f4xx_hal.o
 .debug_line    0x000036c0      0x99f Drivers/STM32F4xx_HAL_Driver/Src/stm32f4xx_hal_cortex.o
 .debug_line    0x0000405f      0x8c1 Drivers/STM32F4xx_HAL_Driver/Src/stm32f4xx_hal_gpio.o
 .debug_line    0x00004920     0x1d91 Drivers/STM32F4xx_HAL_Driver/Src/stm32f4xx_hal_i2c.o
 .debug_line    0x000066b1      0x9f2 Drivers/STM32F4xx_HAL_Driver/Src/stm32f4xx_hal_rcc.o
 .debug_line    0x000070a3      0xbc1 Drivers/STM32F4xx_HAL_Driver/Src/stm32f4xx_hal_rcc_ex.o
 .debug_line    0x00007c64     0x23eb Drivers/STM32F4xx_HAL_Driver/Src/stm32f4xx_hal_tim.o
 .debug_line    0x0000a04f       0x81 startup/startup_stm32f446xx.o

.debug_str      0x00000000    0xcbe5f
 .debug_str     0x00000000    0xc877d Core/Src/it.o
                              0xc8a58 (size before relaxing)
 .debug_str     0x000c877d       0xae Core/Src/lcd_i2c.o
                              0xc8a82 (size before relaxing)
 .debug_str     0x000c882b      0x444 Core/Src/main.o
                              0xc8e99 (size before relaxing)
 .debug_str     0x000c8c6f       0x72 Core/Src/msp.o
                              0xc8c29 (size before relaxing)
 .debug_str     0x000c8ce1      0x386 Core/Src/servo.o
                              0xc8d7c (size before relaxing)
 .debug_str     0x000c9067       0xaf Core/Src/system_stm32f4xx.o
                              0xc86b5 (size before relaxing)
 .debug_str     0x000c9116      0xa98 Drivers/STM32F4xx_HAL_Driver/Src/stm32f4xx_hal.o
                              0xc921d (size before relaxing)
 .debug_str     0x000c9bae      0x354 Drivers/STM32F4xx_HAL_Driver/Src/stm32f4xx_hal_cortex.o
                              0xc8fa2 (size before relaxing)
 .debug_str     0x000c9f02      0x120 Drivers/STM32F4xx_HAL_Driver/Src/stm32f4xx_hal_gpio.o
                              0xc885c (size before relaxing)
 .debug_str     0x000ca022      0xaf8 Drivers/STM32F4xx_HAL_Driver/Src/stm32f4xx_hal_i2c.o
                              0xc967c (size before relaxing)
 .debug_str     0x000cab1a      0x1fe Drivers/STM32F4xx_HAL_Driver/Src/stm32f4xx_hal_rcc.o
                              0xc8ae3 (size before relaxing)
 .debug_str     0x000cad18      0x324 Drivers/STM32F4xx_HAL_Driver/Src/stm32f4xx_hal_rcc_ex.o
                              0xc8b32 (size before relaxing)
 .debug_str     0x000cb03c      0xdf4 Drivers/STM32F4xx_HAL_Driver/Src/stm32f4xx_hal_tim.o
                              0xc9a0b (size before relaxing)
 .debug_str     0x000cbe30       0x2f startup/startup_stm32f446xx.o
                                 0x75 (size before relaxing)

.comment        0x00000000       0x7f
 .comment       0x00000000       0x7f Core/Src/it.o
                                 0x80 (size before relaxing)
 .comment       0x0000007f       0x80 Core/Src/lcd_i2c.o
 .comment       0x0000007f       0x80 Core/Src/main.o
 .comment       0x0000007f       0x80 Core/Src/msp.o
 .comment       0x0000007f       0x80 Core/Src/servo.o
 .comment       0x0000007f       0x80 Core/Src/system_stm32f4xx.o
 .comment       0x0000007f       0x80 Drivers/STM32F4xx_HAL_Driver/Src/stm32f4xx_hal.o
 .comment       0x0000007f       0x80 Drivers/STM32F4xx_HAL_Driver/Src/stm32f4xx_hal_cortex.o
 .comment       0x0000007f       0x80 Drivers/STM32F4xx_HAL_Driver/Src/stm32f4xx_hal_gpio.o
 .comment       0x0000007f       0x80 Drivers/STM32F4xx_HAL_Driver/Src/stm32f4xx_hal_i2c.o
 .comment       0x0000007f       0x80 Drivers/STM32F4xx_HAL_Driver/Src/stm32f4xx_hal_rcc.o
 .comment       0x0000007f       0x80 Drivers/STM32F4xx_HAL_Driver/Src/stm32f4xx_hal_rcc_ex.o
 .comment       0x0000007f       0x80 Drivers/STM32F4xx_HAL_Driver/Src/stm32f4xx_hal_tim.o

.debug_frame    0x00000000     0x1eb8
 .debug_frame   0x00000000       0x28 Core/Src/it.o
 .debug_frame   0x00000028       0xa8 Core/Src/lcd_i2c.o
 .debug_frame   0x000000d0       0x90 Core/Src/main.o
 .debug_frame   0x00000160       0x68 Core/Src/msp.o
 .debug_frame   0x000001c8       0x58 Core/Src/servo.o
 .debug_frame   0x00000220       0x30 Core/Src/system_stm32f4xx.o
 .debug_frame   0x00000250      0x1ec Drivers/STM32F4xx_HAL_Driver/Src/stm32f4xx_hal.o
 .debug_frame   0x0000043c      0x15c Drivers/STM32F4xx_HAL_Driver/Src/stm32f4xx_hal_cortex.o
 .debug_frame   0x00000598       0xd8 Drivers/STM32F4xx_HAL_Driver/Src/stm32f4xx_hal_gpio.o
 .debug_frame   0x00000670      0x948 Drivers/STM32F4xx_HAL_Driver/Src/stm32f4xx_hal_i2c.o
 .debug_frame   0x00000fb8      0x184 Drivers/STM32F4xx_HAL_Driver/Src/stm32f4xx_hal_rcc.o
 .debug_frame   0x0000113c      0x158 Drivers/STM32F4xx_HAL_Driver/Src/stm32f4xx_hal_rcc_ex.o
 .debug_frame   0x00001294      0xb78 Drivers/STM32F4xx_HAL_Driver/Src/stm32f4xx_hal_tim.o
 .debug_frame   0x00001e0c       0x2c c:/ac6/systemworkbench/plugins/fr.ac6.mcu.externaltools.arm-none.win32_1.17.0.201812190825/tools/compiler/bin/../lib/gcc/arm-none-eabi/7.3.1/thumb/v7e-m/fpv4-sp/hard\libgcc.a(_aeabi_uldivmod.o)
 .debug_frame   0x00001e38       0x34 c:/ac6/systemworkbench/plugins/fr.ac6.mcu.externaltools.arm-none.win32_1.17.0.201812190825/tools/compiler/bin/../lib/gcc/arm-none-eabi/7.3.1/thumb/v7e-m/fpv4-sp/hard\libgcc.a(_udivmoddi4.o)
 .debug_frame   0x00001e6c       0x2c c:/ac6/systemworkbench/plugins/fr.ac6.mcu.externaltools.arm-none.win32_1.17.0.201812190825/tools/compiler/bin/../lib/gcc/arm-none-eabi/7.3.1/../../../../arm-none-eabi/lib/thumb/v7e-m/fpv4-sp/hard\libc_nano.a(lib_a-init.o)
 .debug_frame   0x00001e98       0x20 c:/ac6/systemworkbench/plugins/fr.ac6.mcu.externaltools.arm-none.win32_1.17.0.201812190825/tools/compiler/bin/../lib/gcc/arm-none-eabi/7.3.1/../../../../arm-none-eabi/lib/thumb/v7e-m/fpv4-sp/hard\libc_nano.a(lib_a-memset.o)

.debug_loc      0x00000000     0x9dd7
 .debug_loc     0x00000000      0x115 Core/Src/lcd_i2c.o
 .debug_loc     0x00000115       0x5b Core/Src/msp.o
 .debug_loc     0x00000170       0x95 Core/Src/servo.o
 .debug_loc     0x00000205      0x13e Core/Src/system_stm32f4xx.o
 .debug_loc     0x00000343      0x11b Drivers/STM32F4xx_HAL_Driver/Src/stm32f4xx_hal.o
 .debug_loc     0x0000045e      0x5ce Drivers/STM32F4xx_HAL_Driver/Src/stm32f4xx_hal_cortex.o
 .debug_loc     0x00000a2c      0x475 Drivers/STM32F4xx_HAL_Driver/Src/stm32f4xx_hal_gpio.o
 .debug_loc     0x00000ea1     0x3952 Drivers/STM32F4xx_HAL_Driver/Src/stm32f4xx_hal_i2c.o
 .debug_loc     0x000047f3      0x40f Drivers/STM32F4xx_HAL_Driver/Src/stm32f4xx_hal_rcc.o
 .debug_loc     0x00004c02      0xb65 Drivers/STM32F4xx_HAL_Driver/Src/stm32f4xx_hal_rcc_ex.o
 .debug_loc     0x00005767     0x4670 Drivers/STM32F4xx_HAL_Driver/Src/stm32f4xx_hal_tim.o
