Archive member included to satisfy reference by file (symbol)

c:/ac6/systemworkbench/plugins/fr.ac6.mcu.externaltools.arm-none.win32_1.17.0.201812190825/tools/compiler/bin/../lib/gcc/arm-none-eabi/7.3.1/thumb/v7e-m/fpv4-sp/hard\libgcc.a(_aeabi_uldivmod.o)
                              Drivers/STM32F4xx_HAL_Driver/Src/stm32f4xx_hal_rcc.o (__aeabi_uldivmod)
c:/ac6/systemworkbench/plugins/fr.ac6.mcu.externaltools.arm-none.win32_1.17.0.201812190825/tools/compiler/bin/../lib/gcc/arm-none-eabi/7.3.1/thumb/v7e-m/fpv4-sp/hard\libgcc.a(_udivmoddi4.o)
                              c:/ac6/systemworkbench/plugins/fr.ac6.mcu.externaltools.arm-none.win32_1.17.0.201812190825/tools/compiler/bin/../lib/gcc/arm-none-eabi/7.3.1/thumb/v7e-m/fpv4-sp/hard\libgcc.a(_aeabi_uldivmod.o) (__udivmoddi4)
c:/ac6/systemworkbench/plugins/fr.ac6.mcu.externaltools.arm-none.win32_1.17.0.201812190825/tools/compiler/bin/../lib/gcc/arm-none-eabi/7.3.1/thumb/v7e-m/fpv4-sp/hard\libgcc.a(_dvmd_tls.o)
                              c:/ac6/systemworkbench/plugins/fr.ac6.mcu.externaltools.arm-none.win32_1.17.0.201812190825/tools/compiler/bin/../lib/gcc/arm-none-eabi/7.3.1/thumb/v7e-m/fpv4-sp/hard\libgcc.a(_aeabi_uldivmod.o) (__aeabi_ldiv0)
c:/ac6/systemworkbench/plugins/fr.ac6.mcu.externaltools.arm-none.win32_1.17.0.201812190825/tools/compiler/bin/../lib/gcc/arm-none-eabi/7.3.1/../../../../arm-none-eabi/lib/thumb/v7e-m/fpv4-sp/hard\libc_nano.a(lib_a-errno.o)
                              Core/Src/syscalls.o (__errno)
c:/ac6/systemworkbench/plugins/fr.ac6.mcu.externaltools.arm-none.win32_1.17.0.201812190825/tools/compiler/bin/../lib/gcc/arm-none-eabi/7.3.1/../../../../arm-none-eabi/lib/thumb/v7e-m/fpv4-sp/hard\libc_nano.a(lib_a-exit.o)
                              c:/ac6/systemworkbench/plugins/fr.ac6.mcu.externaltools.arm-none.win32_1.17.0.201812190825/tools/compiler/bin/../lib/gcc/arm-none-eabi/7.3.1/../../../../arm-none-eabi/lib/thumb/v7e-m/fpv4-sp/hard/crt0.o (exit)
c:/ac6/systemworkbench/plugins/fr.ac6.mcu.externaltools.arm-none.win32_1.17.0.201812190825/tools/compiler/bin/../lib/gcc/arm-none-eabi/7.3.1/../../../../arm-none-eabi/lib/thumb/v7e-m/fpv4-sp/hard\libc_nano.a(lib_a-impure.o)
                              c:/ac6/systemworkbench/plugins/fr.ac6.mcu.externaltools.arm-none.win32_1.17.0.201812190825/tools/compiler/bin/../lib/gcc/arm-none-eabi/7.3.1/../../../../arm-none-eabi/lib/thumb/v7e-m/fpv4-sp/hard\libc_nano.a(lib_a-exit.o) (_global_impure_ptr)
c:/ac6/systemworkbench/plugins/fr.ac6.mcu.externaltools.arm-none.win32_1.17.0.201812190825/tools/compiler/bin/../lib/gcc/arm-none-eabi/7.3.1/../../../../arm-none-eabi/lib/thumb/v7e-m/fpv4-sp/hard\libc_nano.a(lib_a-init.o)
                              c:/ac6/systemworkbench/plugins/fr.ac6.mcu.externaltools.arm-none.win32_1.17.0.201812190825/tools/compiler/bin/../lib/gcc/arm-none-eabi/7.3.1/../../../../arm-none-eabi/lib/thumb/v7e-m/fpv4-sp/hard/crt0.o (__libc_init_array)
c:/ac6/systemworkbench/plugins/fr.ac6.mcu.externaltools.arm-none.win32_1.17.0.201812190825/tools/compiler/bin/../lib/gcc/arm-none-eabi/7.3.1/../../../../arm-none-eabi/lib/thumb/v7e-m/fpv4-sp/hard\libc_nano.a(lib_a-itoa.o)
                              Core/Src/main.o (itoa)
c:/ac6/systemworkbench/plugins/fr.ac6.mcu.externaltools.arm-none.win32_1.17.0.201812190825/tools/compiler/bin/../lib/gcc/arm-none-eabi/7.3.1/../../../../arm-none-eabi/lib/thumb/v7e-m/fpv4-sp/hard\libc_nano.a(lib_a-memset.o)
                              c:/ac6/systemworkbench/plugins/fr.ac6.mcu.externaltools.arm-none.win32_1.17.0.201812190825/tools/compiler/bin/../lib/gcc/arm-none-eabi/7.3.1/../../../../arm-none-eabi/lib/thumb/v7e-m/fpv4-sp/hard/crt0.o (memset)
c:/ac6/systemworkbench/plugins/fr.ac6.mcu.externaltools.arm-none.win32_1.17.0.201812190825/tools/compiler/bin/../lib/gcc/arm-none-eabi/7.3.1/../../../../arm-none-eabi/lib/thumb/v7e-m/fpv4-sp/hard\libc_nano.a(lib_a-utoa.o)
                              c:/ac6/systemworkbench/plugins/fr.ac6.mcu.externaltools.arm-none.win32_1.17.0.201812190825/tools/compiler/bin/../lib/gcc/arm-none-eabi/7.3.1/../../../../arm-none-eabi/lib/thumb/v7e-m/fpv4-sp/hard\libc_nano.a(lib_a-itoa.o) (__utoa)

Allocating common symbols
Common symbol       size              file

hi2c1               0x54              Core/Src/main.o
uwTick              0x4               Drivers/STM32F4xx_HAL_Driver/Src/stm32f4xx_hal.o
pFlash              0x20              Drivers/STM32F4xx_HAL_Driver/Src/stm32f4xx_hal_flash.o
tim6                0x48              Core/Src/main.o
button_pressed      0x2               Core/Src/main.o

Discarded input sections

 .text          0x00000000        0x0 c:/ac6/systemworkbench/plugins/fr.ac6.mcu.externaltools.arm-none.win32_1.17.0.201812190825/tools/compiler/bin/../lib/gcc/arm-none-eabi/7.3.1/thumb/v7e-m/fpv4-sp/hard/crti.o
[...]
Memory Configuration

Name             Origin             Length             Attributes
RAM              0x20000000         0x00020000         xrw
FLASH            0x08000000         0x00080000         xr
*default*        0x00000000         0xffffffff

Linker script and memory map

LOAD c:/ac6/systemworkbench/plugins/fr.ac6.mcu.externaltools.arm-none.win32_1.17.0.201812190825/tools/compiler/bin/../lib/gcc/arm-none-eabi/7.3.1/thumb/v7e-m/fpv4-sp/hard/crti.o
LOAD c:/ac6/systemworkbench/plugins/fr.ac6.mcu.externaltools.arm-none.win32_1.17.0.201812190825/tools/compiler/bin/../lib/gcc/arm-none-eabi/7.3.1/thumb/v7e-m/fpv4-sp/hard/crtbegin.o
LOAD c:/ac6/systemworkbench/plugins/fr.ac6.mcu.externaltools.arm-none.win32_1.17.0.201812190825/tools/compiler/bin/../lib/gcc/arm-none-eabi/7.3.1/../../../../arm-none-eabi/lib/thumb/v7e-m/fpv4-sp/hard/crt0.o
LOAD Core/Src/it.o
LOAD Core/Src/lcd_i2c.o
LOAD Core/Src/main.o
LOAD Core/Src/msp.o
LOAD Core/Src/servo.o
LOAD Core/Src/syscalls.o
LOAD Core/Src/system_stm32f4xx.o
LOAD Drivers/STM32F4xx_HAL_Driver/Src/stm32f4xx_hal.o
LOAD Drivers/STM32F4xx_HAL_Driver/Src/stm32f4xx_hal_cortex.o
LOAD Drivers/STM32F4xx_HAL_Driver/Src/stm32f4xx_hal_dma.o
LOAD Drivers/STM32F4xx_HAL_Driver/Src/stm32f4xx_hal_dma_ex.o
LOAD Drivers/STM32F4xx_HAL_Driver/Src/stm32f4xx_hal_exti.o
LOAD Drivers/STM32F4xx_HAL_Driver/Src/stm32f4xx_hal_flash.o
LOAD Drivers/STM32F4xx_HAL_Driver/Src/stm32f4xx_hal_flash_ex.o
LOAD Drivers/STM32F4xx_HAL_Driver/Src/stm32f4xx_hal_flash_ramfunc.o
LOAD Drivers/STM32F4xx_HAL_Driver/Src/stm32f4xx_hal_gpio.o
LOAD Drivers/STM32F4xx_HAL_Driver/Src/stm32f4xx_hal_i2c.o
LOAD Drivers/STM32F4xx_HAL_Driver/Src/stm32f4xx_hal_i2c_ex.o
LOAD Drivers/STM32F4xx_HAL_Driver/Src/stm32f4xx_hal_pwr.o
LOAD Drivers/STM32F4xx_HAL_Driver/Src/stm32f4xx_hal_pwr_ex.o
LOAD Drivers/STM32F4xx_HAL_Driver/Src/stm32f4xx_hal_rcc.o
LOAD Drivers/STM32F4xx_HAL_Driver/Src/stm32f4xx_hal_rcc_ex.o
LOAD Drivers/STM32F4xx_HAL_Driver/Src/stm32f4xx_hal_tim.o
LOAD Drivers/STM32F4xx_HAL_Driver/Src/stm32f4xx_hal_tim_ex.o
LOAD startup/startup_stm32f446xx.o
LOAD c:/ac6/systemworkbench/plugins/fr.ac6.mcu.externaltools.arm-none.win32_1.17.0.201812190825/tools/compiler/bin/../lib/gcc/arm-none-eabi/7.3.1/../../../../arm-none-eabi/lib/thumb/v7e-m/fpv4-sp/hard\libm.a
START GROUP
LOAD c:/ac6/systemworkbench/plugins/fr.ac6.mcu.externaltools.arm-none.win32_1.17.0.201812190825/tools/compiler/bin/../lib/gcc/arm-none-eabi/7.3.1/thumb/v7e-m/fpv4-sp/hard\libgcc.a
LOAD c:/ac6/systemworkbench/plugins/fr.ac6.mcu.externaltools.arm-none.win32_1.17.0.201812190825/tools/compiler/bin/../lib/gcc/arm-none-eabi/7.3.1/../../../../arm-none-eabi/lib/thumb/v7e-m/fpv4-sp/hard\libc_nano.a
END GROUP
START GROUP
LOAD c:/ac6/systemworkbench/plugins/fr.ac6.mcu.externaltools.arm-none.win32_1.17.0.201812190825/tools/compiler/bin/../lib/gcc/arm-none-eabi/7.3.1/thumb/v7e-m/fpv4-sp/hard\libgcc.a
LOAD c:/ac6/systemworkbench/plugins/fr.ac6.mcu.externaltools.arm-none.win32_1.17.0.201812190825/tools/compiler/bin/../lib/gcc/arm-none-eabi/7.3.1/../../../../arm-none-eabi/lib/thumb/v7e-m/fpv4-sp/hard\libc_nano.a
LOAD c:/ac6/systemworkbench/plugins/fr.ac6.mcu.externaltools.arm-none.win32_1.17.0.201812190825/tools/compiler/bin/../lib/gcc/arm-none-eabi/7.3.1/../../../../arm-none-eabi/lib/thumb/v7e-m/fpv4-sp/hard\libnosys.a
END GROUP
START GROUP
LOAD c:/ac6/systemworkbench/plugins/fr.ac6.mcu.externaltools.arm-none.win32_1.17.0.201812190825/tools/compiler/bin/../lib/gcc/arm-none-eabi/7.3.1/thumb/v7e-m/fpv4-sp/hard\libgcc.a
LOAD c:/ac6/systemworkbench/plugins/fr.ac6.mcu.externaltools.arm-none.win32_1.17.0.201812190825/tools/compiler/bin/../lib/gcc/arm-none-eabi/7.3.1/../../../../arm-none-eabi/lib/thumb/v7e-m/fpv4-sp/hard\libc_nano.a
LOAD c:/ac6/systemworkbench/plugins/fr.ac6.mcu.externaltools.arm-none.win32_1.17.0.201812190825/tools/compiler/bin/../lib/gcc/arm-none-eabi/7.3.1/../../../../arm-none-eabi/lib/thumb/v7e-m/fpv4-sp/hard\libnosys.a
END GROUP
LOAD c:/ac6/systemworkbench/plugins/fr.ac6.mcu.externaltools.arm-none.win32_1.17.0.201812190825/tools/compiler/bin/../lib/gcc/arm-none-eabi/7.3.1/thumb/v7e-m/fpv4-sp/hard/crtend.o
LOAD c:/ac6/systemworkbench/plugins/fr.ac6.mcu.externaltools.arm-none.win32_1.17.0.201812190825/tools/compiler/bin/../lib/gcc/arm-none-eabi/7.3.1/thumb/v7e-m/fpv4-sp/hard/crtn.o
                0x20020000                _estack = 0x20020000
                0x00000200                _Min_Heap_Size = 0x200
                0x00000400                _Min_Stack_Size = 0x400

.isr_vector     0x08000000      0x1c4
                0x08000000                . = ALIGN (0x4)
 *(.isr_vector)
 .isr_vector    0x08000000      0x1c4 startup/startup_stm32f446xx.o
                0x08000000                g_pfnVectors
                0x080001c4                . = ALIGN (0x4)

.text           0x080001c4     0x394c
                0x080001c4                . = ALIGN (0x4)
 *(.text)
 .text          0x080001c4       0x40 c:/ac6/systemworkbench/plugins/fr.ac6.mcu.externaltools.arm-none.win32_1.17.0.201812190825/tools/compiler/bin/../lib/gcc/arm-none-eabi/7.3.1/thumb/v7e-m/fpv4-sp/hard/crtbegin.o
 .text          0x08000204       0x30 c:/ac6/systemworkbench/plugins/fr.ac6.mcu.externaltools.arm-none.win32_1.17.0.201812190825/tools/compiler/bin/../lib/gcc/arm-none-eabi/7.3.1/thumb/v7e-m/fpv4-sp/hard\libgcc.a(_aeabi_uldivmod.o)
                0x08000204                __aeabi_uldivmod
 .text          0x08000234      0x2cc c:/ac6/systemworkbench/plugins/fr.ac6.mcu.externaltools.arm-none.win32_1.17.0.201812190825/tools/compiler/bin/../lib/gcc/arm-none-eabi/7.3.1/thumb/v7e-m/fpv4-sp/hard\libgcc.a(_udivmoddi4.o)
                0x08000234                __udivmoddi4
 .text          0x08000500        0x4 c:/ac6/systemworkbench/plugins/fr.ac6.mcu.externaltools.arm-none.win32_1.17.0.201812190825/tools/compiler/bin/../lib/gcc/arm-none-eabi/7.3.1/thumb/v7e-m/fpv4-sp/hard\libgcc.a(_dvmd_tls.o)
                0x08000500                __aeabi_idiv0
                0x08000500                __aeabi_ldiv0
 *(.text*)
 .text.SysTick_Handler
                0x08000504        0xc Core/Src/it.o
                0x08000504                SysTick_Handler
 .text.EXTI2_IRQHandler
                0x08000510        0xe Core/Src/it.o
                0x08000510                EXTI2_IRQHandler
 .text.EXTI3_IRQHandler
                0x0800051e        0xe Core/Src/it.o
                0x0800051e                EXTI3_IRQHandler
 .text.EXTI15_10_IRQHandler
                0x0800052c       0x10 Core/Src/it.o
                0x0800052c                EXTI15_10_IRQHandler
 .text.TIM6_DAC_IRQHandler
                0x0800053c       0x14 Core/Src/it.o
                0x0800053c                TIM6_DAC_IRQHandler
 .text.lcd_send_cmd
                0x08000550       0x60 Core/Src/lcd_i2c.o
                0x08000550                lcd_send_cmd
 .text.lcd_send_data
                0x080005b0       0x60 Core/Src/lcd_i2c.o
                0x080005b0                lcd_send_data
 .text.lcd_clear
                0x08000610       0x2c Core/Src/lcd_i2c.o
                0x08000610                lcd_clear
 .text.lcd_put_cur
                0x0800063c       0x3c Core/Src/lcd_i2c.o
                0x0800063c                lcd_put_cur
 .text.lcd_init
                0x08000678       0x7a Core/Src/lcd_i2c.o
                0x08000678                lcd_init
 .text.lcd_send_string
                0x080006f2       0x28 Core/Src/lcd_i2c.o
                0x080006f2                lcd_send_string
 .text.lcd_send_line
                0x0800071a       0x22 Core/Src/lcd_i2c.o
                0x0800071a                lcd_send_line
 .text.lcd_send_line_clr
                0x0800073c       0x26 Core/Src/lcd_i2c.o
                0x0800073c                lcd_send_line_clr
 .text.disable_it_buttons
                0x08000762       0x1a Core/Src/main.o
                0x08000762                disable_it_buttons
 .text.enable_it_buttons
                0x0800077c       0x1a Core/Src/main.o
                0x0800077c                enable_it_buttons
 *fill*         0x08000796        0x2 
 .text.tim6_Init
                0x08000798       0x6c Core/Src/main.o
                0x08000798                tim6_Init
 .text.HAL_TIM_PeriodElapsedCallback
                0x08000804       0x78 Core/Src/main.o
                0x08000804                HAL_TIM_PeriodElapsedCallback
 .text.main     0x0800087c       0x3c Core/Src/main.o
                0x0800087c                main
 .text.SystemClock_Config
                0x080008b8       0xc4 Core/Src/main.o
                0x080008b8                SystemClock_Config
 .text.MX_I2C1_Init
                0x0800097c       0x5c Core/Src/main.o
 .text.GPIO_Init
                0x080009d8       0xc4 Core/Src/main.o
                0x080009d8                GPIO_Init
 .text.Error_Handler
                0x08000a9c        0x8 Core/Src/main.o
                0x08000a9c                Error_Handler
 .text.display_screen_main
                0x08000aa4       0x28 Core/Src/main.o
                0x08000aa4                display_screen_main
 .text.display_screen_settings
                0x08000acc       0x38 Core/Src/main.o
                0x08000acc                display_screen_settings
 .text.display_screen_cycles
                0x08000b04       0x1c Core/Src/main.o
                0x08000b04                display_screen_cycles
 .text.display_screen_speed
                0x08000b20       0x1c Core/Src/main.o
                0x08000b20                display_screen_speed
 .text.screen_cycles
                0x08000b3c       0xc4 Core/Src/main.o
                0x08000b3c                screen_cycles
 .text.screen_speed
                0x08000c00       0xd0 Core/Src/main.o
                0x08000c00                screen_speed
 .text.screen_settings
                0x08000cd0      0x1c0 Core/Src/main.o
                0x08000cd0                screen_settings
 .text.screen_main
                0x08000e90       0xdc Core/Src/main.o
                0x08000e90                screen_main
 .text.dispense
                0x08000f6c       0x54 Core/Src/main.o
                0x08000f6c                dispense
 .text.HAL_GPIO_EXTI_Callback
                0x08000fc0       0x5c Core/Src/main.o
                0x08000fc0                HAL_GPIO_EXTI_Callback
 .text.HAL_MspInit
                0x0800101c       0x50 Core/Src/msp.o
                0x0800101c                HAL_MspInit
 .text.HAL_I2C_MspInit
                0x0800106c       0x90 Core/Src/msp.o
                0x0800106c                HAL_I2C_MspInit
 .text.servo_Init
                0x080010fc       0xc4 Core/Src/servo.o
                0x080010fc                servo_Init
 .text.servo_Write
                0x080011c0       0x54 Core/Src/servo.o
                0x080011c0                servo_Write
 .text.servo_Error
                0x08001214        0x8 Core/Src/servo.o
                0x08001214                servo_Error
 .text.SystemInit
                0x0800121c       0x24 Core/Src/system_stm32f4xx.o
                0x0800121c                SystemInit
 .text.HAL_Init
                0x08001240       0x44 Drivers/STM32F4xx_HAL_Driver/Src/stm32f4xx_hal.o
                0x08001240                HAL_Init
 .text.HAL_InitTick
                0x08001284       0x60 Drivers/STM32F4xx_HAL_Driver/Src/stm32f4xx_hal.o
                0x08001284                HAL_InitTick
 .text.HAL_IncTick
                0x080012e4       0x28 Drivers/STM32F4xx_HAL_Driver/Src/stm32f4xx_hal.o
                0x080012e4                HAL_IncTick
 .text.HAL_GetTick
                0x0800130c       0x18 Drivers/STM32F4xx_HAL_Driver/Src/stm32f4xx_hal.o
                0x0800130c                HAL_GetTick
 .text.HAL_Delay
                0x08001324       0x44 Drivers/STM32F4xx_HAL_Driver/Src/stm32f4xx_hal.o
                0x08001324                HAL_Delay
 .text.__NVIC_SetPriorityGrouping
                0x08001368       0x48 Drivers/STM32F4xx_HAL_Driver/Src/stm32f4xx_hal_cortex.o
 .text.__NVIC_GetPriorityGrouping
                0x080013b0       0x1c Drivers/STM32F4xx_HAL_Driver/Src/stm32f4xx_hal_cortex.o
 .text.__NVIC_EnableIRQ
                0x080013cc       0x3c Drivers/STM32F4xx_HAL_Driver/Src/stm32f4xx_hal_cortex.o
 .text.__NVIC_DisableIRQ
                0x08001408       0x44 Drivers/STM32F4xx_HAL_Driver/Src/stm32f4xx_hal_cortex.o
 .text.__NVIC_SetPriority
                0x0800144c       0x54 Drivers/STM32F4xx_HAL_Driver/Src/stm32f4xx_hal_cortex.o
 .text.NVIC_EncodePriority
                0x080014a0       0x66 Drivers/STM32F4xx_HAL_Driver/Src/stm32f4xx_hal_cortex.o
 *fill*         0x08001506        0x2 
 .text.SysTick_Config
                0x08001508       0x44 Drivers/STM32F4xx_HAL_Driver/Src/stm32f4xx_hal_cortex.o
 .text.HAL_NVIC_SetPriorityGrouping
                0x0800154c       0x16 Drivers/STM32F4xx_HAL_Driver/Src/stm32f4xx_hal_cortex.o
                0x0800154c                HAL_NVIC_SetPriorityGrouping
 .text.HAL_NVIC_SetPriority
                0x08001562       0x38 Drivers/STM32F4xx_HAL_Driver/Src/stm32f4xx_hal_cortex.o
                0x08001562                HAL_NVIC_SetPriority
 .text.HAL_NVIC_EnableIRQ
                0x0800159a       0x1c Drivers/STM32F4xx_HAL_Driver/Src/stm32f4xx_hal_cortex.o
                0x0800159a                HAL_NVIC_EnableIRQ
 .text.HAL_NVIC_DisableIRQ
                0x080015b6       0x1c Drivers/STM32F4xx_HAL_Driver/Src/stm32f4xx_hal_cortex.o
                0x080015b6                HAL_NVIC_DisableIRQ
 .text.HAL_SYSTICK_Config
                0x080015d2       0x18 Drivers/STM32F4xx_HAL_Driver/Src/stm32f4xx_hal_cortex.o
                0x080015d2                HAL_SYSTICK_Config
 *fill*         0x080015ea        0x2 
 .text.HAL_GPIO_Init
                0x080015ec      0x324 Drivers/STM32F4xx_HAL_Driver/Src/stm32f4xx_hal_gpio.o
                0x080015ec                HAL_GPIO_Init
 .text.HAL_GPIO_ReadPin
                0x08001910       0x30 Drivers/STM32F4xx_HAL_Driver/Src/stm32f4xx_hal_gpio.o
                0x08001910                HAL_GPIO_ReadPin
 .text.HAL_GPIO_EXTI_IRQHandler
                0x08001940       0x30 Drivers/STM32F4xx_HAL_Driver/Src/stm32f4xx_hal_gpio.o
                0x08001940                HAL_GPIO_EXTI_IRQHandler
 .text.HAL_I2C_Init
                0x08001970      0x270 Drivers/STM32F4xx_HAL_Driver/Src/stm32f4xx_hal_i2c.o
                0x08001970                HAL_I2C_Init
 .text.HAL_I2C_Master_Transmit
                0x08001be0      0x1fc Drivers/STM32F4xx_HAL_Driver/Src/stm32f4xx_hal_i2c.o
                0x08001be0                HAL_I2C_Master_Transmit
 .text.I2C_MasterRequestWrite
                0x08001ddc      0x104 Drivers/STM32F4xx_HAL_Driver/Src/stm32f4xx_hal_i2c.o
 .text.I2C_WaitOnFlagUntilTimeout
                0x08001ee0       0xae Drivers/STM32F4xx_HAL_Driver/Src/stm32f4xx_hal_i2c.o
 .text.I2C_WaitOnMasterAddressFlagUntilTimeout
                0x08001f8e       0xfe Drivers/STM32F4xx_HAL_Driver/Src/stm32f4xx_hal_i2c.o
 .text.I2C_WaitOnTXEFlagUntilTimeout
                0x0800208c       0x82 Drivers/STM32F4xx_HAL_Driver/Src/stm32f4xx_hal_i2c.o
 .text.I2C_WaitOnBTFFlagUntilTimeout
                0x0800210e       0x82 Drivers/STM32F4xx_HAL_Driver/Src/stm32f4xx_hal_i2c.o
 .text.I2C_IsAcknowledgeFailed
                0x08002190       0x5e Drivers/STM32F4xx_HAL_Driver/Src/stm32f4xx_hal_i2c.o
 *fill*         0x080021ee        0x2 
 .text.HAL_RCC_ClockConfig
                0x080021f0      0x1cc Drivers/STM32F4xx_HAL_Driver/Src/stm32f4xx_hal_rcc.o
                0x080021f0                HAL_RCC_ClockConfig
 .text.HAL_RCC_GetHCLKFreq
                0x080023bc       0x18 Drivers/STM32F4xx_HAL_Driver/Src/stm32f4xx_hal_rcc.o
                0x080023bc                HAL_RCC_GetHCLKFreq
 .text.HAL_RCC_GetPCLK1Freq
                0x080023d4       0x28 Drivers/STM32F4xx_HAL_Driver/Src/stm32f4xx_hal_rcc.o
                0x080023d4                HAL_RCC_GetPCLK1Freq
 .text.HAL_RCC_GetSysClockFreq
                0x080023fc      0x340 Drivers/STM32F4xx_HAL_Driver/Src/stm32f4xx_hal_rcc_ex.o
                0x080023fc                HAL_RCC_GetSysClockFreq
 .text.HAL_RCC_OscConfig
                0x0800273c      0x53c Drivers/STM32F4xx_HAL_Driver/Src/stm32f4xx_hal_rcc_ex.o
                0x0800273c                HAL_RCC_OscConfig
 .text.HAL_TIM_Base_Init
                0x08002c78       0x9e Drivers/STM32F4xx_HAL_Driver/Src/stm32f4xx_hal_tim.o
                0x08002c78                HAL_TIM_Base_Init
 .text.HAL_TIM_Base_MspInit
                0x08002d16       0x14 Drivers/STM32F4xx_HAL_Driver/Src/stm32f4xx_hal_tim.o
                0x08002d16                HAL_TIM_Base_MspInit
 *fill*         0x08002d2a        0x2 
 .text.HAL_TIM_Base_Start_IT
                0x08002d2c       0xe0 Drivers/STM32F4xx_HAL_Driver/Src/stm32f4xx_hal_tim.o
                0x08002d2c                HAL_TIM_Base_Start_IT
 .text.HAL_TIM_Base_Stop_IT
                0x08002e0c       0x5e Drivers/STM32F4xx_HAL_Driver/Src/stm32f4xx_hal_tim.o
                0x08002e0c                HAL_TIM_Base_Stop_IT
 .text.HAL_TIM_PWM_Init
                0x08002e6a       0x9e Drivers/STM32F4xx_HAL_Driver/Src/stm32f4xx_hal_tim.o
                0x08002e6a                HAL_TIM_PWM_Init
 .text.HAL_TIM_PWM_MspInit
                0x08002f08       0x14 Drivers/STM32F4xx_HAL_Driver/Src/stm32f4xx_hal_tim.o
                0x08002f08                HAL_TIM_PWM_MspInit
 .text.HAL_TIM_PWM_Start
                0x08002f1c      0x190 Drivers/STM32F4xx_HAL_Driver/Src/stm32f4xx_hal_tim.o
                0x08002f1c                HAL_TIM_PWM_Start
 .text.HAL_TIM_IRQHandler
                0x080030ac      0x210 Drivers/STM32F4xx_HAL_Driver/Src/stm32f4xx_hal_tim.o
                0x080030ac                HAL_TIM_IRQHandler
 .text.HAL_TIM_PWM_ConfigChannel
                0x080032bc      0x17c Drivers/STM32F4xx_HAL_Driver/Src/stm32f4xx_hal_tim.o
                0x080032bc                HAL_TIM_PWM_ConfigChannel
 .text.HAL_TIM_OC_DelayElapsedCallback
                0x08003438       0x14 Drivers/STM32F4xx_HAL_Driver/Src/stm32f4xx_hal_tim.o
                0x08003438                HAL_TIM_OC_DelayElapsedCallback
 .text.HAL_TIM_IC_CaptureCallback
                0x0800344c       0x14 Drivers/STM32F4xx_HAL_Driver/Src/stm32f4xx_hal_tim.o
                0x0800344c                HAL_TIM_IC_CaptureCallback
 .text.HAL_TIM_PWM_PulseFinishedCallback
                0x08003460       0x14 Drivers/STM32F4xx_HAL_Driver/Src/stm32f4xx_hal_tim.o
                0x08003460                HAL_TIM_PWM_PulseFinishedCallback
 .text.HAL_TIM_TriggerCallback
                0x08003474       0x14 Drivers/STM32F4xx_HAL_Driver/Src/stm32f4xx_hal_tim.o
                0x08003474                HAL_TIM_TriggerCallback
 .text.TIM_Base_SetConfig
                0x08003488      0x140 Drivers/STM32F4xx_HAL_Driver/Src/stm32f4xx_hal_tim.o
                0x08003488                TIM_Base_SetConfig
 .text.TIM_OC1_SetConfig
                0x080035c8       0xe0 Drivers/STM32F4xx_HAL_Driver/Src/stm32f4xx_hal_tim.o
 .text.TIM_OC2_SetConfig
                0x080036a8       0xec Drivers/STM32F4xx_HAL_Driver/Src/stm32f4xx_hal_tim.o
                0x080036a8                TIM_OC2_SetConfig
 .text.TIM_OC3_SetConfig
                0x08003794       0xe8 Drivers/STM32F4xx_HAL_Driver/Src/stm32f4xx_hal_tim.o
 .text.TIM_OC4_SetConfig
                0x0800387c       0xac Drivers/STM32F4xx_HAL_Driver/Src/stm32f4xx_hal_tim.o
 .text.TIM_CCxChannelCmd
                0x08003928       0x4a Drivers/STM32F4xx_HAL_Driver/Src/stm32f4xx_hal_tim.o
                0x08003928                TIM_CCxChannelCmd
 .text.HAL_TIMEx_CommutCallback
                0x08003972       0x14 Drivers/STM32F4xx_HAL_Driver/Src/stm32f4xx_hal_tim_ex.o
                0x08003972                HAL_TIMEx_CommutCallback
 .text.HAL_TIMEx_BreakCallback
                0x08003986       0x14 Drivers/STM32F4xx_HAL_Driver/Src/stm32f4xx_hal_tim_ex.o
                0x08003986                HAL_TIMEx_BreakCallback
 *fill*         0x0800399a        0x2 
 .text.Reset_Handler
                0x0800399c       0x50 startup/startup_stm32f446xx.o
                0x0800399c                Reset_Handler
 .text.Default_Handler
                0x080039ec        0x2 startup/startup_stm32f446xx.o
                0x080039ec                RTC_Alarm_IRQHandler
                0x080039ec                TIM8_CC_IRQHandler
                0x080039ec                DebugMon_Handler
                0x080039ec                FMPI2C1_EV_IRQHandler
                0x080039ec                SPI4_IRQHandler
                0x080039ec                TIM1_CC_IRQHandler
                0x080039ec                DMA2_Stream5_IRQHandler
                0x080039ec                HardFault_Handler
                0x080039ec                DMA1_Stream5_IRQHandler
                0x080039ec                PVD_IRQHandler
                0x080039ec                SDIO_IRQHandler
                0x080039ec                TAMP_STAMP_IRQHandler
                0x080039ec                PendSV_Handler
                0x080039ec                NMI_Handler
                0x080039ec                CAN2_RX1_IRQHandler
                0x080039ec                TIM8_TRG_COM_TIM14_IRQHandler
                0x080039ec                TIM1_UP_TIM10_IRQHandler
                0x080039ec                TIM8_UP_TIM13_IRQHandler
                0x080039ec                I2C3_ER_IRQHandler
                0x080039ec                EXTI0_IRQHandler
                0x080039ec                I2C2_EV_IRQHandler
                0x080039ec                DMA1_Stream2_IRQHandler
                0x080039ec                CAN1_RX0_IRQHandler
                0x080039ec                FPU_IRQHandler
                0x080039ec                OTG_HS_WKUP_IRQHandler
                0x080039ec                UsageFault_Handler
                0x080039ec                CAN2_SCE_IRQHandler
                0x080039ec                DMA2_Stream2_IRQHandler
                0x080039ec                SPI1_IRQHandler
                0x080039ec                TIM1_BRK_TIM9_IRQHandler
                0x080039ec                DCMI_IRQHandler
                0x080039ec                CAN2_RX0_IRQHandler
                0x080039ec                DMA2_Stream3_IRQHandler
                0x080039ec                SAI2_IRQHandler
                0x080039ec                USART6_IRQHandler
                0x080039ec                USART3_IRQHandler
                0x080039ec                CAN1_RX1_IRQHandler
                0x080039ec                UART5_IRQHandler
                0x080039ec                DMA2_Stream0_IRQHandler
                0x080039ec                TIM4_IRQHandler
                0x080039ec                QUADSPI_IRQHandler
                0x080039ec                I2C1_EV_IRQHandler
                0x080039ec                DMA1_Stream6_IRQHandler
                0x080039ec                DMA1_Stream1_IRQHandler
                0x080039ec                UART4_IRQHandler
                0x080039ec                TIM3_IRQHandler
                0x080039ec                RCC_IRQHandler
                0x080039ec                TIM8_BRK_TIM12_IRQHandler
                0x080039ec                Default_Handler
                0x080039ec                CEC_IRQHandler
                0x080039ec                ADC_IRQHandler
                0x080039ec                DMA1_Stream7_IRQHandler
                0x080039ec                TIM7_IRQHandler
                0x080039ec                CAN2_TX_IRQHandler
                0x080039ec                TIM5_IRQHandler
                0x080039ec                DMA2_Stream7_IRQHandler
                0x080039ec                I2C3_EV_IRQHandler
                0x080039ec                EXTI9_5_IRQHandler
                0x080039ec                RTC_WKUP_IRQHandler
                0x080039ec                SPDIF_RX_IRQHandler
                0x080039ec                SPI2_IRQHandler
                0x080039ec                OTG_HS_EP1_IN_IRQHandler
                0x080039ec                MemManage_Handler
                0x080039ec                DMA1_Stream0_IRQHandler
                0x080039ec                CAN1_TX_IRQHandler
                0x080039ec                SVC_Handler
                0x080039ec                FMPI2C1_ER_IRQHandler
                0x080039ec                EXTI4_IRQHandler
                0x080039ec                OTG_HS_EP1_OUT_IRQHandler
                0x080039ec                WWDG_IRQHandler
                0x080039ec                TIM2_IRQHandler
                0x080039ec                OTG_FS_WKUP_IRQHandler
                0x080039ec                TIM1_TRG_COM_TIM11_IRQHandler
                0x080039ec                OTG_HS_IRQHandler
                0x080039ec                EXTI1_IRQHandler
                0x080039ec                USART2_IRQHandler
                0x080039ec                I2C2_ER_IRQHandler
                0x080039ec                DMA2_Stream1_IRQHandler
                0x080039ec                CAN1_SCE_IRQHandler
                0x080039ec                FLASH_IRQHandler
                0x080039ec                DMA2_Stream4_IRQHandler
                0x080039ec                BusFault_Handler
                0x080039ec                USART1_IRQHandler
                0x080039ec                OTG_FS_IRQHandler
                0x080039ec                SPI3_IRQHandler
                0x080039ec                DMA1_Stream4_IRQHandler
                0x080039ec                I2C1_ER_IRQHandler
                0x080039ec                FMC_IRQHandler
                0x080039ec                DMA2_Stream6_IRQHandler
                0x080039ec                SAI1_IRQHandler
                0x080039ec                DMA1_Stream3_IRQHandler
 *fill*         0x080039ee        0x2 
 .text.__libc_init_array
                0x080039f0       0x48 c:/ac6/systemworkbench/plugins/fr.ac6.mcu.externaltools.arm-none.win32_1.17.0.201812190825/tools/compiler/bin/../lib/gcc/arm-none-eabi/7.3.1/../../../../arm-none-eabi/lib/thumb/v7e-m/fpv4-sp/hard\libc_nano.a(lib_a-init.o)
                0x080039f0                __libc_init_array
 .text.__itoa   0x08003a38       0x30 c:/ac6/systemworkbench/plugins/fr.ac6.mcu.externaltools.arm-none.win32_1.17.0.201812190825/tools/compiler/bin/../lib/gcc/arm-none-eabi/7.3.1/../../../../arm-none-eabi/lib/thumb/v7e-m/fpv4-sp/hard\libc_nano.a(lib_a-itoa.o)
                0x08003a38                __itoa
 .text.itoa     0x08003a68        0x4 c:/ac6/systemworkbench/plugins/fr.ac6.mcu.externaltools.arm-none.win32_1.17.0.201812190825/tools/compiler/bin/../lib/gcc/arm-none-eabi/7.3.1/../../../../arm-none-eabi/lib/thumb/v7e-m/fpv4-sp/hard\libc_nano.a(lib_a-itoa.o)
                0x08003a68                itoa
 .text.memset   0x08003a6c       0x10 c:/ac6/systemworkbench/plugins/fr.ac6.mcu.externaltools.arm-none.win32_1.17.0.201812190825/tools/compiler/bin/../lib/gcc/arm-none-eabi/7.3.1/../../../../arm-none-eabi/lib/thumb/v7e-m/fpv4-sp/hard\libc_nano.a(lib_a-memset.o)
                0x08003a6c                memset
 .text.__utoa   0x08003a7c       0x7c c:/ac6/systemworkbench/plugins/fr.ac6.mcu.externaltools.arm-none.win32_1.17.0.201812190825/tools/compiler/bin/../lib/gcc/arm-none-eabi/7.3.1/../../../../arm-none-eabi/lib/thumb/v7e-m/fpv4-sp/hard\libc_nano.a(lib_a-utoa.o)
                0x08003a7c                __utoa
 *(.glue_7)
 .glue_7        0x08003af8        0x0 linker stubs
 *(.glue_7t)
 .glue_7t       0x08003af8        0x0 linker stubs
 *(.eh_frame)
 .eh_frame      0x08003af8        0x0 c:/ac6/systemworkbench/plugins/fr.ac6.mcu.externaltools.arm-none.win32_1.17.0.201812190825/tools/compiler/bin/../lib/gcc/arm-none-eabi/7.3.1/thumb/v7e-m/fpv4-sp/hard/crtbegin.o
 *(.init)
 .init          0x08003af8        0x4 c:/ac6/systemworkbench/plugins/fr.ac6.mcu.externaltools.arm-none.win32_1.17.0.201812190825/tools/compiler/bin/../lib/gcc/arm-none-eabi/7.3.1/thumb/v7e-m/fpv4-sp/hard/crti.o
                0x08003af8                _init
 .init          0x08003afc        0x8 c:/ac6/systemworkbench/plugins/fr.ac6.mcu.externaltools.arm-none.win32_1.17.0.201812190825/tools/compiler/bin/../lib/gcc/arm-none-eabi/7.3.1/thumb/v7e-m/fpv4-sp/hard/crtn.o
 *(.fini)
 .fini          0x08003b04        0x4 c:/ac6/systemworkbench/plugins/fr.ac6.mcu.externaltools.arm-none.win32_1.17.0.201812190825/tools/compiler/bin/../lib/gcc/arm-none-eabi/7.3.1/thumb/v7e-m/fpv4-sp/hard/crti.o
                0x08003b04                _fini
 .fini          0x08003b08        0x8 c:/ac6/systemworkbench/plugins/fr.ac6.mcu.externaltools.arm-none.win32_1.17.0.201812190825/tools/compiler/bin/../lib/gcc/arm-none-eabi/7.3.1/thumb/v7e-m/fpv4-sp/hard/crtn.o
                0x08003b10                . = ALIGN (0x4)
                0x08003b10                _etext = .

.vfp11_veneer   0x08003b10        0x0
 .vfp11_veneer  0x08003b10        0x0 linker stubs

.v4_bx          0x08003b10        0x0
 .v4_bx         0x08003b10        0x0 linker stubs

.iplt           0x08003b10        0x0
 .iplt          0x08003b10        0x0 c:/ac6/systemworkbench/plugins/fr.ac6.mcu.externaltools.arm-none.win32_1.17.0.201812190825/tools/compiler/bin/../lib/gcc/arm-none-eabi/7.3.1/thumb/v7e-m/fpv4-sp/hard/crtbegin.o

.rodata         0x08003b10       0xb4
                0x08003b10                . = ALIGN (0x4)
 *(.rodata)
 .rodata        0x08003b10       0x73 Core/Src/main.o
 *fill*         0x08003b83        0x1 
 .rodata        0x08003b84       0x18 Core/Src/system_stm32f4xx.o
                0x08003b84                AHBPrescTable
                0x08003b94                APBPrescTable
 *(.rodata*)
 .rodata.__utoa.str1.1
                0x08003b9c       0x25 c:/ac6/systemworkbench/plugins/fr.ac6.mcu.externaltools.arm-none.win32_1.17.0.201812190825/tools/compiler/bin/../lib/gcc/arm-none-eabi/7.3.1/../../../../arm-none-eabi/lib/thumb/v7e-m/fpv4-sp/hard\libc_nano.a(lib_a-utoa.o)
                0x08003bc4                . = ALIGN (0x4)
 *fill*         0x08003bc1        0x3 

.ARM.extab
 *(.ARM.extab* .gnu.linkonce.armextab.*)

.ARM            0x08003bc4        0x8
                0x08003bc4                __exidx_start = .
 *(.ARM.exidx*)
 .ARM.exidx     0x08003bc4        0x8 c:/ac6/systemworkbench/plugins/fr.ac6.mcu.externaltools.arm-none.win32_1.17.0.201812190825/tools/compiler/bin/../lib/gcc/arm-none-eabi/7.3.1/thumb/v7e-m/fpv4-sp/hard\libgcc.a(_udivmoddi4.o)
                0x08003bcc                __exidx_end = .

.rel.dyn        0x08003bcc        0x0
 .rel.iplt      0x08003bcc        0x0 c:/ac6/systemworkbench/plugins/fr.ac6.mcu.externaltools.arm-none.win32_1.17.0.201812190825/tools/compiler/bin/../lib/gcc/arm-none-eabi/7.3.1/thumb/v7e-m/fpv4-sp/hard/crtbegin.o

.preinit_array  0x08003bcc        0x0
                0x08003bcc                PROVIDE (__preinit_array_start = .)
 *(.preinit_array*)
                0x08003bcc                PROVIDE (__preinit_array_end = .)

.init_array     0x08003bcc        0x4
                0x08003bcc                PROVIDE (__init_array_start = .)
 *(SORT_BY_NAME(.init_array.*))
 *(.init_array*)
 .init_array    0x08003bcc        0x4 c:/ac6/systemworkbench/plugins/fr.ac6.mcu.externaltools.arm-none.win32_1.17.0.201812190825/tools/compiler/bin/../lib/gcc/arm-none-eabi/7.3.1/thumb/v7e-m/fpv4-sp/hard/crtbegin.o
                0x08003bd0                PROVIDE (__init_array_end = .)

.fini_array     0x08003bd0        0x4
                [!provide]                PROVIDE (__fini_array_start = .)
 *(SORT_BY_NAME(.fini_array.*))
 *(.fini_array*)
 .fini_array    0x08003bd0        0x4 c:/ac6/systemworkbench/plugins/fr.ac6.mcu.externaltools.arm-none.win32_1.17.0.201812190825/tools/compiler/bin/../lib/gcc/arm-none-eabi/7.3.1/thumb/v7e-m/fpv4-sp/hard/crtbegin.o
                [!provide]                PROVIDE (__fini_array_end = .)
                0x08003bd4                _sidata = LOADADDR (.data)

.data           0x20000000       0x44 load address 0x08003bd4
                0x20000000                . = ALIGN (0x4)
                0x20000000                _sdata = .
 *(.data)
 .data          0x20000000       0x34 Core/Src/main.o
                0x20000000                arrow
                0x20000028                row
                0x2000002c                itSource
                0x20000030                times_to_serve
 .data          0x20000034        0x4 Core/Src/servo.o
                0x20000034                servo_delay
 .data          0x20000038        0x4 Core/Src/system_stm32f4xx.o
                0x20000038                SystemCoreClock
 .data          0x2000003c        0x5 Drivers/STM32F4xx_HAL_Driver/Src/stm32f4xx_hal.o
                0x2000003c                uwTickPrio
                0x20000040                uwTickFreq
 *(.data*)
                0x20000044                . = ALIGN (0x4)
 *fill*         0x20000041        0x3 
                0x20000044                _edata = .

.igot.plt       0x20000044        0x0 load address 0x08003c18
 .igot.plt      0x20000044        0x0 c:/ac6/systemworkbench/plugins/fr.ac6.mcu.externaltools.arm-none.win32_1.17.0.201812190825/tools/compiler/bin/../lib/gcc/arm-none-eabi/7.3.1/thumb/v7e-m/fpv4-sp/hard/crtbegin.o
                0x20000044                . = ALIGN (0x4)

.bss            0x20000044      0x10c load address 0x08003c18
                0x20000044                _sbss = .
                0x20000044                __bss_start__ = _sbss
 *(.bss)
 .bss           0x20000044       0x1c c:/ac6/systemworkbench/plugins/fr.ac6.mcu.externaltools.arm-none.win32_1.17.0.201812190825/tools/compiler/bin/../lib/gcc/arm-none-eabi/7.3.1/thumb/v7e-m/fpv4-sp/hard/crtbegin.o
 .bss           0x20000060        0x1 Core/Src/main.o
                0x20000060                flag_GPIO_it
 *fill*         0x20000061        0x3 
 .bss           0x20000064       0x48 Core/Src/servo.o
                0x20000064                tim2PWM
 *(.bss*)
 *(COMMON)
 COMMON         0x200000ac       0x9e Core/Src/main.o
                0x200000ac                hi2c1
                0x20000100                tim6
                0x20000148                button_pressed
 *fill*         0x2000014a        0x2 
 COMMON         0x2000014c        0x4 Drivers/STM32F4xx_HAL_Driver/Src/stm32f4xx_hal.o
                0x2000014c                uwTick
                0x20000150                . = ALIGN (0x4)
                0x20000150                _ebss = .
                0x20000150                __bss_end__ = _ebss

._user_heap_stack
                0x20000150      0x600 load address 0x08003c18
                0x20000150                . = ALIGN (0x8)
                0x20000150                PROVIDE (end = .)
                [!provide]                PROVIDE (_end = .)
                0x20000350                . = (. + _Min_Heap_Size)
 *fill*         0x20000150      0x200 
                0x20000750                . = (. + _Min_Stack_Size)
 *fill*         0x20000350      0x400 
                0x20000750                . = ALIGN (0x8)

/DISCARD/
 libc.a(*)
 libm.a(*)
 libgcc.a(*)

.ARM.attributes
                0x00000000       0x30
 *(.ARM.attributes)
 .ARM.attributes
                0x00000000       0x22 c:/ac6/systemworkbench/plugins/fr.ac6.mcu.externaltools.arm-none.win32_1.17.0.201812190825/tools/compiler/bin/../lib/gcc/arm-none-eabi/7.3.1/thumb/v7e-m/fpv4-sp/hard/crti.o
 .ARM.attributes
                0x00000022       0x34 c:/ac6/systemworkbench/plugins/fr.ac6.mcu.externaltools.arm-none.win32_1.17.0.201812190825/tools/compiler/bin/../lib/gcc/arm-none-eabi/7.3.1/thumb/v7e-m/fpv4-sp/hard/crtbegin.o
 .ARM.attributes
                0x00000056       0x39 Core/Src/it.o
 .ARM.attributes
                0x0000008f       0x39 Core/Src/lcd_i2c.o
 .ARM.attributes
                0x000000c8       0x39 Core/Src/main.o
 .ARM.attributes
                0x00000101       0x39 Core/Src/msp.o
 .ARM.attributes
                0x0000013a       0x39 Core/Src/servo.o
 .ARM.attributes
                0x00000173       0x39 Core/Src/system_stm32f4xx.o
 .ARM.attributes
                0x000001ac       0x39 Drivers/STM32F4xx_HAL_Driver/Src/stm32f4xx_hal.o
 .ARM.attributes
                0x000001e5       0x39 Drivers/STM32F4xx_HAL_Driver/Src/stm32f4xx_hal_cortex.o
 .ARM.attributes
                0x0000021e       0x39 Drivers/STM32F4xx_HAL_Driver/Src/stm32f4xx_hal_gpio.o
 .ARM.attributes
                0x00000257       0x39 Drivers/STM32F4xx_HAL_Driver/Src/stm32f4xx_hal_i2c.o
 .ARM.attributes
                0x00000290       0x39 Drivers/STM32F4xx_HAL_Driver/Src/stm32f4xx_hal_rcc.o
 .ARM.attributes
                0x000002c9       0x39 Drivers/STM32F4xx_HAL_Driver/Src/stm32f4xx_hal_rcc_ex.o
 .ARM.attributes
                0x00000302       0x39 Drivers/STM32F4xx_HAL_Driver/Src/stm32f4xx_hal_tim.o
 .ARM.attributes
                0x0000033b       0x39 Drivers/STM32F4xx_HAL_Driver/Src/stm32f4xx_hal_tim_ex.o
 .ARM.attributes
                0x00000374       0x21 startup/startup_stm32f446xx.o
 .ARM.attributes
                0x00000395       0x22 c:/ac6/systemworkbench/plugins/fr.ac6.mcu.externaltools.arm-none.win32_1.17.0.201812190825/tools/compiler/bin/../lib/gcc/arm-none-eabi/7.3.1/thumb/v7e-m/fpv4-sp/hard\libgcc.a(_aeabi_uldivmod.o)
 .ARM.attributes
                0x000003b7       0x34 c:/ac6/systemworkbench/plugins/fr.ac6.mcu.externaltools.arm-none.win32_1.17.0.201812190825/tools/compiler/bin/../lib/gcc/arm-none-eabi/7.3.1/thumb/v7e-m/fpv4-sp/hard\libgcc.a(_udivmoddi4.o)
 .ARM.attributes
                0x000003eb       0x22 c:/ac6/systemworkbench/plugins/fr.ac6.mcu.externaltools.arm-none.win32_1.17.0.201812190825/tools/compiler/bin/../lib/gcc/arm-none-eabi/7.3.1/thumb/v7e-m/fpv4-sp/hard\libgcc.a(_dvmd_tls.o)
 .ARM.attributes
                0x0000040d       0x34 c:/ac6/systemworkbench/plugins/fr.ac6.mcu.externaltools.arm-none.win32_1.17.0.201812190825/tools/compiler/bin/../lib/gcc/arm-none-eabi/7.3.1/../../../../arm-none-eabi/lib/thumb/v7e-m/fpv4-sp/hard\libc_nano.a(lib_a-init.o)
 .ARM.attributes
                0x00000441       0x34 c:/ac6/systemworkbench/plugins/fr.ac6.mcu.externaltools.arm-none.win32_1.17.0.201812190825/tools/compiler/bin/../lib/gcc/arm-none-eabi/7.3.1/../../../../arm-none-eabi/lib/thumb/v7e-m/fpv4-sp/hard\libc_nano.a(lib_a-itoa.o)
 .ARM.attributes
                0x00000475       0x34 c:/ac6/systemworkbench/plugins/fr.ac6.mcu.externaltools.arm-none.win32_1.17.0.201812190825/tools/compiler/bin/../lib/gcc/arm-none-eabi/7.3.1/../../../../arm-none-eabi/lib/thumb/v7e-m/fpv4-sp/hard\libc_nano.a(lib_a-memset.o)
 .ARM.attributes
                0x000004a9       0x34 c:/ac6/systemworkbench/plugins/fr.ac6.mcu.externaltools.arm-none.win32_1.17.0.201812190825/tools/compiler/bin/../lib/gcc/arm-none-eabi/7.3.1/../../../../arm-none-eabi/lib/thumb/v7e-m/fpv4-sp/hard\libc_nano.a(lib_a-utoa.o)
 .ARM.attributes
                0x000004dd       0x22 c:/ac6/systemworkbench/plugins/fr.ac6.mcu.externaltools.arm-none.win32_1.17.0.201812190825/tools/compiler/bin/../lib/gcc/arm-none-eabi/7.3.1/thumb/v7e-m/fpv4-sp/hard/crtn.o
OUTPUT(petFoorDispenser.elf elf32-littlearm)

.debug_info     0x00000000     0xcd75
 .debug_info    0x00000000      0x30c Core/Src/it.o
 .debug_info    0x0000030c      0x83f Core/Src/lcd_i2c.o
 .debug_info    0x00000b4b     0x13b5 Core/Src/main.o
 .debug_info    0x00001f00      0xa11 Core/Src/msp.o
 .debug_info    0x00002911      0xb46 Core/Src/servo.o
 .debug_info    0x00003457      0x588 Core/Src/system_stm32f4xx.o
 .debug_info    0x000039df      0x997 Drivers/STM32F4xx_HAL_Driver/Src/stm32f4xx_hal.o
 .debug_info    0x00004376      0xe46 Drivers/STM32F4xx_HAL_Driver/Src/stm32f4xx_hal_cortex.o
 .debug_info    0x000051bc      0x812 Drivers/STM32F4xx_HAL_Driver/Src/stm32f4xx_hal_gpio.o
 .debug_info    0x000059ce     0x2433 Drivers/STM32F4xx_HAL_Driver/Src/stm32f4xx_hal_i2c.o
 .debug_info    0x00007e01      0x944 Drivers/STM32F4xx_HAL_Driver/Src/stm32f4xx_hal_rcc.o
 .debug_info    0x00008745      0x9e4 Drivers/STM32F4xx_HAL_Driver/Src/stm32f4xx_hal_rcc_ex.o
 .debug_info    0x00009129     0x2837 Drivers/STM32F4xx_HAL_Driver/Src/stm32f4xx_hal_tim.o
 .debug_info    0x0000b960     0x13f3 Drivers/STM32F4xx_HAL_Driver/Src/stm32f4xx_hal_tim_ex.o
 .debug_info    0x0000cd53       0x22 startup/startup_stm32f446xx.o

.debug_abbrev   0x00000000     0x1b16
 .debug_abbrev  0x00000000       0xe6 Core/Src/it.o
 .debug_abbrev  0x000000e6      0x1a8 Core/Src/lcd_i2c.o
 .debug_abbrev  0x0000028e      0x2ac Core/Src/main.o
 .debug_abbrev  0x0000053a      0x18c Core/Src/msp.o
 .debug_abbrev  0x000006c6      0x1ce Core/Src/servo.o
 .debug_abbrev  0x00000894      0x12b Core/Src/system_stm32f4xx.o
 .debug_abbrev  0x000009bf      0x1c7 Drivers/STM32F4xx_HAL_Driver/Src/stm32f4xx_hal.o
 .debug_abbrev  0x00000b86      0x2fa Drivers/STM32F4xx_HAL_Driver/Src/stm32f4xx_hal_cortex.o
 .debug_abbrev  0x00000e80      0x1c9 Drivers/STM32F4xx_HAL_Driver/Src/stm32f4xx_hal_gpio.o
 .debug_abbrev  0x00001049      0x254 Drivers/STM32F4xx_HAL_Driver/Src/stm32f4xx_hal_i2c.o
 .debug_abbrev  0x0000129d      0x245 Drivers/STM32F4xx_HAL_Driver/Src/stm32f4xx_hal_rcc.o
 .debug_abbrev  0x000014e2      0x1bc Drivers/STM32F4xx_HAL_Driver/Src/stm32f4xx_hal_rcc_ex.o
 .debug_abbrev  0x0000169e      0x230 Drivers/STM32F4xx_HAL_Driver/Src/stm32f4xx_hal_tim.o
 .debug_abbrev  0x000018ce      0x236 Drivers/STM32F4xx_HAL_Driver/Src/stm32f4xx_hal_tim_ex.o
 .debug_abbrev  0x00001b04       0x12 startup/startup_stm32f446xx.o

.debug_aranges  0x00000000      0xd30
 .debug_aranges
                0x00000000       0x40 Core/Src/it.o
 .debug_aranges
                0x00000040       0x58 Core/Src/lcd_i2c.o
 .debug_aranges
                0x00000098       0xb0 Core/Src/main.o
 .debug_aranges
                0x00000148       0x30 Core/Src/msp.o
 .debug_aranges
                0x00000178       0x30 Core/Src/servo.o
 .debug_aranges
                0x000001a8       0x28 Core/Src/system_stm32f4xx.o
 .debug_aranges
                0x000001d0       0xf0 Drivers/STM32F4xx_HAL_Driver/Src/stm32f4xx_hal.o
 .debug_aranges
                0x000002c0      0x118 Drivers/STM32F4xx_HAL_Driver/Src/stm32f4xx_hal_cortex.o
 .debug_aranges
                0x000003d8       0x58 Drivers/STM32F4xx_HAL_Driver/Src/stm32f4xx_hal_gpio.o
 .debug_aranges
                0x00000430      0x2a0 Drivers/STM32F4xx_HAL_Driver/Src/stm32f4xx_hal_i2c.o
 .debug_aranges
                0x000006d0       0x88 Drivers/STM32F4xx_HAL_Driver/Src/stm32f4xx_hal_rcc.o
 .debug_aranges
                0x00000758       0x78 Drivers/STM32F4xx_HAL_Driver/Src/stm32f4xx_hal_rcc_ex.o
 .debug_aranges
                0x000007d0      0x3d0 Drivers/STM32F4xx_HAL_Driver/Src/stm32f4xx_hal_tim.o
 .debug_aranges
                0x00000ba0      0x168 Drivers/STM32F4xx_HAL_Driver/Src/stm32f4xx_hal_tim_ex.o
 .debug_aranges
                0x00000d08       0x28 startup/startup_stm32f446xx.o

.debug_ranges   0x00000000      0xc70
 .debug_ranges  0x00000000       0x30 Core/Src/it.o
 .debug_ranges  0x00000030       0x48 Core/Src/lcd_i2c.o
 .debug_ranges  0x00000078       0xa0 Core/Src/main.o
 .debug_ranges  0x00000118       0x20 Core/Src/msp.o
 .debug_ranges  0x00000138       0x20 Core/Src/servo.o
 .debug_ranges  0x00000158       0x18 Core/Src/system_stm32f4xx.o
 .debug_ranges  0x00000170       0xe0 Drivers/STM32F4xx_HAL_Driver/Src/stm32f4xx_hal.o
 .debug_ranges  0x00000250      0x108 Drivers/STM32F4xx_HAL_Driver/Src/stm32f4xx_hal_cortex.o
 .debug_ranges  0x00000358       0x48 Drivers/STM32F4xx_HAL_Driver/Src/stm32f4xx_hal_gpio.o
 .debug_ranges  0x000003a0      0x2b8 Drivers/STM32F4xx_HAL_Driver/Src/stm32f4xx_hal_i2c.o
 .debug_ranges  0x00000658       0x78 Drivers/STM32F4xx_HAL_Driver/Src/stm32f4xx_hal_rcc.o
 .debug_ranges  0x000006d0       0x68 Drivers/STM32F4xx_HAL_Driver/Src/stm32f4xx_hal_rcc_ex.o
 .debug_ranges  0x00000738      0x3c0 Drivers/STM32F4xx_HAL_Driver/Src/stm32f4xx_hal_tim.o
 .debug_ranges  0x00000af8      0x158 Drivers/STM32F4xx_HAL_Driver/Src/stm32f4xx_hal_tim_ex.o
 .debug_ranges  0x00000c50       0x20 startup/startup_stm32f446xx.o

.debug_macro    0x00000000    0x2136e
 .debug_macro   0x00000000      0x1e6 Core/Src/it.o
 .debug_macro   0x000001e6      0xa54 Core/Src/it.o
 .debug_macro   0x00000c3a       0x2e Core/Src/it.o
 .debug_macro   0x00000c68      0x29b Core/Src/it.o
 .debug_macro   0x00000f03       0x2e Core/Src/it.o
 .debug_macro   0x00000f31       0x28 Core/Src/it.o
 .debug_macro   0x00000f59       0x22 Core/Src/it.o
 .debug_macro   0x00000f7b       0x8e Core/Src/it.o
 .debug_macro   0x00001009       0x51 Core/Src/it.o
 .debug_macro   0x0000105a       0xef Core/Src/it.o
 .debug_macro   0x00001149       0x6a Core/Src/it.o
 .debug_macro   0x000011b3      0x1df Core/Src/it.o
 .debug_macro   0x00001392       0x1c Core/Src/it.o
 .debug_macro   0x000013ae       0x22 Core/Src/it.o
 .debug_macro   0x000013d0       0xdf Core/Src/it.o
 .debug_macro   0x000014af     0x102d Core/Src/it.o
 .debug_macro   0x000024dc      0x11f Core/Src/it.o
 .debug_macro   0x000025fb    0x1672d Core/Src/it.o
 .debug_macro   0x00018d28       0x43 Core/Src/it.o
 .debug_macro   0x00018d6b     0x3659 Core/Src/it.o
 .debug_macro   0x0001c3c4      0x174 Core/Src/it.o
 .debug_macro   0x0001c538       0x5c Core/Src/it.o
 .debug_macro   0x0001c594      0xc90 Core/Src/it.o
 .debug_macro   0x0001d224      0x9fe Core/Src/it.o
 .debug_macro   0x0001dc22      0x117 Core/Src/it.o
 .debug_macro   0x0001dd39      0x1a0 Core/Src/it.o
 .debug_macro   0x0001ded9       0x82 Core/Src/it.o
 .debug_macro   0x0001df5b      0x16d Core/Src/it.o
 .debug_macro   0x0001e0c8      0x287 Core/Src/it.o
 .debug_macro   0x0001e34f       0x5f Core/Src/it.o
 .debug_macro   0x0001e3ae      0x236 Core/Src/it.o
 .debug_macro   0x0001e5e4      0x132 Core/Src/it.o
 .debug_macro   0x0001e716      0x29c Core/Src/it.o
 .debug_macro   0x0001e9b2       0x2e Core/Src/it.o
 .debug_macro   0x0001e9e0      0x1b5 Core/Src/it.o
 .debug_macro   0x0001eb95       0x22 Core/Src/it.o
 .debug_macro   0x0001ebb7       0xd6 Core/Src/it.o
 .debug_macro   0x0001ec8d      0x11a Core/Src/it.o
 .debug_macro   0x0001eda7       0xe8 Core/Src/it.o
 .debug_macro   0x0001ee8f       0x89 Core/Src/it.o
 .debug_macro   0x0001ef18      0x8d1 Core/Src/it.o
 .debug_macro   0x0001f7e9       0x4d Core/Src/it.o
 .debug_macro   0x0001f836      0x126 Core/Src/it.o
 .debug_macro   0x0001f95c      0x1e7 Core/Src/lcd_i2c.o
 .debug_macro   0x0001fb43      0x1f9 Core/Src/main.o
 .debug_macro   0x0001fd3c       0x70 Core/Src/main.o
 .debug_macro   0x0001fdac       0x34 Core/Src/main.o
 .debug_macro   0x0001fde0      0x1dd Core/Src/msp.o
 .debug_macro   0x0001ffbd      0x1ec Core/Src/servo.o
 .debug_macro   0x000201a9       0x2e Core/Src/servo.o
 .debug_macro   0x000201d7      0x1dd Core/Src/system_stm32f4xx.o
 .debug_macro   0x000203b4      0x23d Drivers/STM32F4xx_HAL_Driver/Src/stm32f4xx_hal.o
 .debug_macro   0x000205f1      0x1dd Drivers/STM32F4xx_HAL_Driver/Src/stm32f4xx_hal_cortex.o
 .debug_macro   0x000207ce      0x1e3 Drivers/STM32F4xx_HAL_Driver/Src/stm32f4xx_hal_gpio.o
 .debug_macro   0x000209b1      0x224 Drivers/STM32F4xx_HAL_Driver/Src/stm32f4xx_hal_i2c.o
 .debug_macro   0x00020bd5      0x201 Drivers/STM32F4xx_HAL_Driver/Src/stm32f4xx_hal_rcc.o
 .debug_macro   0x00020dd6      0x1dd Drivers/STM32F4xx_HAL_Driver/Src/stm32f4xx_hal_rcc_ex.o
 .debug_macro   0x00020fb3      0x1de Drivers/STM32F4xx_HAL_Driver/Src/stm32f4xx_hal_tim.o
 .debug_macro   0x00021191      0x1dd Drivers/STM32F4xx_HAL_Driver/Src/stm32f4xx_hal_tim_ex.o

.debug_line     0x00000000     0xb4a3
 .debug_line    0x00000000      0x77e Core/Src/it.o
 .debug_line    0x0000077e      0x802 Core/Src/lcd_i2c.o
 .debug_line    0x00000f80      0x9b0 Core/Src/main.o
 .debug_line    0x00001930      0x765 Core/Src/msp.o
 .debug_line    0x00002095      0x787 Core/Src/servo.o
 .debug_line    0x0000281c      0x769 Core/Src/system_stm32f4xx.o
 .debug_line    0x00002f85      0x954 Drivers/STM32F4xx_HAL_Driver/Src/stm32f4xx_hal.o
 .debug_line    0x000038d9      0xa78 Drivers/STM32F4xx_HAL_Driver/Src/stm32f4xx_hal_cortex.o
 .debug_line    0x00004351      0x90f Drivers/STM32F4xx_HAL_Driver/Src/stm32f4xx_hal_gpio.o
 .debug_line    0x00004c60     0x1c63 Drivers/STM32F4xx_HAL_Driver/Src/stm32f4xx_hal_i2c.o
 .debug_line    0x000068c3      0x9b2 Drivers/STM32F4xx_HAL_Driver/Src/stm32f4xx_hal_rcc.o
 .debug_line    0x00007275      0xb58 Drivers/STM32F4xx_HAL_Driver/Src/stm32f4xx_hal_rcc_ex.o
 .debug_line    0x00007dcd     0x2353 Drivers/STM32F4xx_HAL_Driver/Src/stm32f4xx_hal_tim.o
 .debug_line    0x0000a120     0x1302 Drivers/STM32F4xx_HAL_Driver/Src/stm32f4xx_hal_tim_ex.o
 .debug_line    0x0000b422       0x81 startup/startup_stm32f446xx.o

.debug_str      0x00000000    0xcc58a
 .debug_str     0x00000000    0xc836e Core/Src/it.o
                              0xc8634 (size before relaxing)
 .debug_str     0x000c836e      0x534 Core/Src/lcd_i2c.o
                              0xc8a81 (size before relaxing)
 .debug_str     0x000c88a2      0xd4c Core/Src/main.o
                              0xc98a0 (size before relaxing)
 .debug_str     0x000c95ee       0x45 Core/Src/msp.o
                              0xc8b9f (size before relaxing)
 .debug_str     0x000c9633       0xc0 Core/Src/servo.o
                              0xc8d3a (size before relaxing)
 .debug_str     0x000c96f3       0xaf Core/Src/system_stm32f4xx.o
                              0xc86b6 (size before relaxing)
 .debug_str     0x000c97a2      0x58d Drivers/STM32F4xx_HAL_Driver/Src/stm32f4xx_hal.o
                              0xc91d9 (size before relaxing)
 .debug_str     0x000c9d2f      0x399 Drivers/STM32F4xx_HAL_Driver/Src/stm32f4xx_hal_cortex.o
                              0xc8fa3 (size before relaxing)
 .debug_str     0x000ca0c8      0x139 Drivers/STM32F4xx_HAL_Driver/Src/stm32f4xx_hal_gpio.o
                              0xc885d (size before relaxing)
 .debug_str     0x000ca201      0xac4 Drivers/STM32F4xx_HAL_Driver/Src/stm32f4xx_hal_i2c.o
                              0xc9618 (size before relaxing)
 .debug_str     0x000cacc5      0x24e Drivers/STM32F4xx_HAL_Driver/Src/stm32f4xx_hal_rcc.o
                              0xc8abd (size before relaxing)
 .debug_str     0x000caf13      0x324 Drivers/STM32F4xx_HAL_Driver/Src/stm32f4xx_hal_rcc_ex.o
                              0xc8b1a (size before relaxing)
 .debug_str     0x000cb237      0xdec Drivers/STM32F4xx_HAL_Driver/Src/stm32f4xx_hal_tim.o
                              0xc99b9 (size before relaxing)
 .debug_str     0x000cc023      0x538 Drivers/STM32F4xx_HAL_Driver/Src/stm32f4xx_hal_tim_ex.o
                              0xc916a (size before relaxing)
 .debug_str     0x000cc55b       0x2f startup/startup_stm32f446xx.o
                                 0x75 (size before relaxing)

.comment        0x00000000       0x7f
 .comment       0x00000000       0x7f Core/Src/it.o
                                 0x80 (size before relaxing)
 .comment       0x0000007f       0x80 Core/Src/lcd_i2c.o
 .comment       0x0000007f       0x80 Core/Src/main.o
 .comment       0x0000007f       0x80 Core/Src/msp.o
 .comment       0x0000007f       0x80 Core/Src/servo.o
 .comment       0x0000007f       0x80 Core/Src/system_stm32f4xx.o
 .comment       0x0000007f       0x80 Drivers/STM32F4xx_HAL_Driver/Src/stm32f4xx_hal.o
 .comment       0x0000007f       0x80 Drivers/STM32F4xx_HAL_Driver/Src/stm32f4xx_hal_cortex.o
 .comment       0x0000007f       0x80 Drivers/STM32F4xx_HAL_Driver/Src/stm32f4xx_hal_gpio.o
 .comment       0x0000007f       0x80 Drivers/STM32F4xx_HAL_Driver/Src/stm32f4xx_hal_i2c.o
 .comment       0x0000007f       0x80 Drivers/STM32F4xx_HAL_Driver/Src/stm32f4xx_hal_rcc.o
 .comment       0x0000007f       0x80 Drivers/STM32F4xx_HAL_Driver/Src/stm32f4xx_hal_rcc_ex.o
 .comment       0x0000007f       0x80 Drivers/STM32F4xx_HAL_Driver/Src/stm32f4xx_hal_tim.o
 .comment       0x0000007f       0x80 Drivers/STM32F4xx_HAL_Driver/Src/stm32f4xx_hal_tim_ex.o

.debug_frame    0x00000000     0x3804
 .debug_frame   0x00000000       0x9c Core/Src/it.o
 .debug_frame   0x0000009c      0x128 Core/Src/lcd_i2c.o
 .debug_frame   0x000001c4      0x258 Core/Src/main.o
 .debug_frame   0x0000041c       0x7c Core/Src/msp.o
 .debug_frame   0x00000498       0x70 Core/Src/servo.o
 .debug_frame   0x00000508       0x58 Core/Src/system_stm32f4xx.o
 .debug_frame   0x00000560      0x374 Drivers/STM32F4xx_HAL_Driver/Src/stm32f4xx_hal.o
 .debug_frame   0x000008d4      0x498 Drivers/STM32F4xx_HAL_Driver/Src/stm32f4xx_hal_cortex.o
 .debug_frame   0x00000d6c      0x14c Drivers/STM32F4xx_HAL_Driver/Src/stm32f4xx_hal_gpio.o
 .debug_frame   0x00000eb8      0xc5c Drivers/STM32F4xx_HAL_Driver/Src/stm32f4xx_hal_i2c.o
 .debug_frame   0x00001b14      0x1f0 Drivers/STM32F4xx_HAL_Driver/Src/stm32f4xx_hal_rcc.o
 .debug_frame   0x00001d04      0x1e0 Drivers/STM32F4xx_HAL_Driver/Src/stm32f4xx_hal_rcc_ex.o
 .debug_frame   0x00001ee4     0x11bc Drivers/STM32F4xx_HAL_Driver/Src/stm32f4xx_hal_tim.o
 .debug_frame   0x000030a0      0x638 Drivers/STM32F4xx_HAL_Driver/Src/stm32f4xx_hal_tim_ex.o
 .debug_frame   0x000036d8       0x2c c:/ac6/systemworkbench/plugins/fr.ac6.mcu.externaltools.arm-none.win32_1.17.0.201812190825/tools/compiler/bin/../lib/gcc/arm-none-eabi/7.3.1/thumb/v7e-m/fpv4-sp/hard\libgcc.a(_aeabi_uldivmod.o)
 .debug_frame   0x00003704       0x34 c:/ac6/systemworkbench/plugins/fr.ac6.mcu.externaltools.arm-none.win32_1.17.0.201812190825/tools/compiler/bin/../lib/gcc/arm-none-eabi/7.3.1/thumb/v7e-m/fpv4-sp/hard\libgcc.a(_udivmoddi4.o)
 .debug_frame   0x00003738       0x2c c:/ac6/systemworkbench/plugins/fr.ac6.mcu.externaltools.arm-none.win32_1.17.0.201812190825/tools/compiler/bin/../lib/gcc/arm-none-eabi/7.3.1/../../../../arm-none-eabi/lib/thumb/v7e-m/fpv4-sp/hard\libc_nano.a(lib_a-init.o)
 .debug_frame   0x00003764       0x38 c:/ac6/systemworkbench/plugins/fr.ac6.mcu.externaltools.arm-none.win32_1.17.0.201812190825/tools/compiler/bin/../lib/gcc/arm-none-eabi/7.3.1/../../../../arm-none-eabi/lib/thumb/v7e-m/fpv4-sp/hard\libc_nano.a(lib_a-itoa.o)
 .debug_frame   0x0000379c       0x20 c:/ac6/systemworkbench/plugins/fr.ac6.mcu.externaltools.arm-none.win32_1.17.0.201812190825/tools/compiler/bin/../lib/gcc/arm-none-eabi/7.3.1/../../../../arm-none-eabi/lib/thumb/v7e-m/fpv4-sp/hard\libc_nano.a(lib_a-memset.o)
 .debug_frame   0x000037bc       0x48 c:/ac6/systemworkbench/plugins/fr.ac6.mcu.externaltools.arm-none.win32_1.17.0.201812190825/tools/compiler/bin/../lib/gcc/arm-none-eabi/7.3.1/../../../../arm-none-eabi/lib/thumb/v7e-m/fpv4-sp/hard\libc_nano.a(lib_a-utoa.o)
